header:
  stamp:
    sec: 1785371907
    nanosec: 396436569
  frame_id: ''
status:
- level: "\x01"
  name: openarm_ik_ros/virtual_control
  message: virtual backend; collision unchecked
  hardware_id: openarm_v10_virtual
  values:
  - key: backend
    value: virtual
  - key: capability_bits
    value: '7'
  - key: virtual_execution_enabled
    value: 'true'
  - key: physical_motion_authorized
    value: 'false'
  - key: collision_policy
    value: virtual_unchecked
  - key: collision_checked
    value: 'false'
  - key: orientation_constrained
    value: 'false'
  - key: state_source
    value: oa_snapshot_encoder_feedback
  - key: adapter_state
    value: executing
  - key: lifecycle
    value: '5'
  - key: executing
    value: 'true'
  - key: active_owner
    value: d05be81a25cde46880d8f0c5d2e6cf6e
  - key: command_id
    value: '2'
  - key: left_plan_seed_feedback_seq
    value: '20723'
  - key: right_plan_seed_feedback_seq
    value: '20723'
  - key: plan_duration_ns
    value: '20525467196'
  - key: left_terminal_feedback_seq
    value: '13791'
  - key: right_terminal_feedback_seq
    value: '13791'
  - key: last_event
    value: '3'
  - key: last_cause
    value: '0'
  - key: manifest_revision
    value: '41'
  - key: model_revision
    value: '7'
  - key: collision_scene_revision
    value: '1'
  - key: verify_epoch
    value: '1'
  - key: left_expected_mask
    value: '127'
  - key: left_fresh_mask
    value: '127'
  - key: left_fault_mask
    value: '0'
  - key: right_expected_mask
    value: '127'
  - key: right_fresh_mask
    value: '127'
  - key: right_fault_mask
    value: '0'
  - key: left_feedback_seq
    value: '20952'
  - key: right_feedback_seq
    value: '20952'
  - key: left_feedback_t_ns
    value: '104750067627'
  - key: right_feedback_t_ns
    value: '104750067627'
  - key: left_feedback_age_ns
    value: '0'
  - key: right_feedback_age_ns
    value: '0'
  - key: pair_skew_ns
    value: '0'
  - key: last_action
    value: move_paired_tcp
  - key: last_goal_id
    value: d05be81a25cde46880d8f0c5d2e6cf6e
  - key: request_stamp_ns
    value: '1785371906140985710'
  - key: committed
    value: 'false'
  - key: reason
    value: accepted
  - key: outcome
    value: pending
  - key: result_control_status
    value: '0'
  - key: result_command_id
    value: '0'
  - key: result_left_plan_seed_feedback_seq
    value: '0'
  - key: result_right_plan_seed_feedback_seq
    value: '0'
  - key: result_plan_duration_ns
    value: '0'
  - key: result_left_terminal_feedback_seq
    value: '0'
  - key: result_right_terminal_feedback_seq
    value: '0'
  - key: result_lifecycle
    value: '0'
  - key: result_event
    value: '0'
  - key: result_cause
    value: '0'
  - key: result_collision_checked
    value: 'false'
  - key: legacy_topic_deprecated
    value: 'true'
  - key: legacy_mapping
    value: pose[0]=left,pose[1]=right
---
