[INFO] [1785371910.764969014] [tf2_echo]: Waiting for transform openarm_body_link0 ->  openarm_right_hand_tcp: Invalid frame ID "openarm_body_link0" passed to canTransform argument target_frame - frame does not exist
At time 1785371910.952397231
- Translation: [0.036076556, -0.179918722, 0.213212394]
- Rotation: in Quaternion (xyzw) [0.867738472, 0.047618020, 0.478158698, 0.126991053]
- Rotation: in RPY (radian) [2.661332019, -0.957472308, 0.362448950]
- Rotation: in RPY (degree) [152.483092575, -54.859122238, 20.766795121]
- Matrix:
 0.538193568 -0.038803777 0.841927521 0.036076556
 0.204083729 -0.963211593 -0.174852104 -0.179918722
 0.817739271 0.265927985 -0.510475065 0.213212394
 0.000000000 0.000000000 0.000000000 1.000000000
At time 1785371911.7384961
- Translation: [0.036707898, -0.180265457, 0.216727890]
- Rotation: in Quaternion (xyzw) [0.863842177, 0.049065260, 0.484592865, 0.128604232]
- Rotation: in RPY (radian) [2.644562260, -0.969500973, 0.379194661]
- Rotation: in RPY (degree) [151.522256176, -55.548314010, 21.726253664]
- Matrix:
 0.525524710 -0.039872104 0.849843512 0.036707898
 0.209410669 -0.962107103 -0.174634170 -0.180265457
 0.824603511 0.269740870 -0.497261413 0.216727890
 0.000000000 0.000000000 0.000000000 1.000000000
At time 1785371911.57389565
- Translation: [0.037298939, -0.180737553, 0.219241386]
- Rotation: in Quaternion (xyzw) [0.860941697, 0.050288177, 0.489221388, 0.130049713]
- Rotation: in RPY (radian) [2.630893392, -0.977857881, 0.392685454]
- Rotation: in RPY (degree) [150.739087691, -56.027129523, 22.499219194]
- Matrix:
 0.516267067 -0.040655826 0.855462109 0.037298939
 0.213836578 -0.961116343 -0.174726338 -0.180737553
 0.829302257 0.273134544 -0.487499012 0.219241386
 0.000000000 0.000000000 0.000000000 1.000000000
At time 1785371911.107391795
- Translation: [0.037396813, -0.180899836, 0.221000551]
- Rotation: in Quaternion (xyzw) [0.859075186, 0.050812130, 0.492227087, 0.130845123]
- Rotation: in RPY (radian) [2.622647924, -0.983466173, 0.400629808]
- Rotation: in RPY (degree) [150.266657222, -56.348461022, 22.954397158]
- Matrix:
 0.510261245 -0.041508149 0.859017192 0.037396813
 0.216113907 -0.960595362 -0.174789385 -0.180899836
 0.832423114 0.274833811 -0.481184097 0.221000551
 0.000000000 0.000000000 0.000000000 1.000000000
At time 1785371911.157396399
- Translation: [0.037772549, -0.181126346, 0.222275579]
- Rotation: in Quaternion (xyzw) [0.857558200, 0.051424377, 0.494610719, 0.131566345]
- Rotation: in RPY (radian) [2.615407000, -0.987739484, 0.407785767]
- Rotation: in RPY (degree) [149.851782814, -56.593303717, 23.364403398]
- Matrix:
 0.505431540 -0.041949456 0.861846391 0.037772549
 0.218347042 -0.960091661 -0.174781500 -0.181126346
 0.834783522 0.276521693 -0.476101066 0.222275579
 0.000000000 0.000000000 0.000000000 1.000000000
At time 1785371911.212386503
- Translation: [0.037904729, -0.181088604, 0.222868157]
- Rotation: in Quaternion (xyzw) [0.856871478, 0.051647058, 0.495737828, 0.131711266]
- Rotation: in RPY (radian) [2.612656900, -0.989883794, 0.410688902]
- Rotation: in RPY (degree) [149.694213688, -56.716163622, 23.530740762]
- Matrix:
 0.503153174 -0.042078732 0.863172210 0.037904729
 0.219098295 -0.959969448 -0.174512454 -0.181088604
 0.835962212 0.276926055 -0.473792296 0.222868157
 0.000000000 0.000000000 0.000000000 1.000000000
At time 1785371911.262389920
- Translation: [0.037839215, -0.181092979, 0.222921105]
- Rotation: in Quaternion (xyzw) [0.856870613, 0.051650489, 0.495737328, 0.131717433]
- Rotation: in RPY (radian) [2.612633287, -0.989877861, 0.410708364]
- Rotation: in RPY (degree) [149.692860732, -56.715823652, 23.531855873]
- Matrix:
 0.503153458 -0.042078925 0.863172035 0.037839215
 0.219110068 -0.959965490 -0.174519445 -0.181092979
 0.835958956 0.276939746 -0.473790039 0.222921105
 0.000000000 0.000000000 0.000000000 1.000000000
At time 1785371911.312392149
- Translation: [0.037898815, -0.181115308, 0.222696629]
- Rotation: in Quaternion (xyzw) [0.857061393, 0.051593383, 0.495411417, 0.131724789]
- Rotation: in RPY (radian) [2.613266245, -0.989230916, 0.409968629]
- Rotation: in RPY (degree) [149.729126567, -56.678756455, 23.489472175]
- Matrix:
 0.503811302 -0.042078534 0.862788253 0.037898815
 0.218953322 -0.959973406 -0.174672559 -0.181115308
 0.835603743 0.276912364 -0.474432216 0.222696629
 0.000000000 0.000000000 0.000000000 1.000000000
At time 1785371911.367396502
- Translation: [0.037772549, -0.181126346, 0.222275579]
- Rotation: in Quaternion (xyzw) [0.857558200, 0.051424377, 0.494610719, 0.131566345]
- Rotation: in RPY (radian) [2.615407000, -0.987739484, 0.407785767]
- Rotation: in RPY (degree) [149.851782814, -56.593303717, 23.364403398]
- Matrix:
 0.505431540 -0.041949456 0.861846391 0.037772549
 0.218347042 -0.960091661 -0.174781500 -0.181126346
 0.834783522 0.276521693 -0.476101066 0.222275579
 0.000000000 0.000000000 0.000000000 1.000000000
At time 1785371911.422393730
- Translation: [0.037791451, -0.181152549, 0.221810165]
- Rotation: in Quaternion (xyzw) [0.858054220, 0.051205455, 0.493809506, 0.131427277]
- Rotation: in RPY (radian) [2.617552583, -0.986265504, 0.405495791]
- Rotation: in RPY (degree) [149.974715652, -56.508850853, 23.233197447]
- Matrix:
 0.507060347 -0.041925964 0.860890248 0.037791451
 0.217674191 -0.960209744 -0.174971979 -0.181152549
 0.833971073 0.276114941 -0.477758085 0.221810165
 0.000000000 0.000000000 0.000000000 1.000000000
At time 1785371911.477390958
- Translation: [0.037712894, -0.181023014, 0.221442876]
- Rotation: in Quaternion (xyzw) [0.858461124, 0.051130720, 0.493201080, 0.131083342]
- Rotation: in RPY (radian) [2.619774013, -0.985200886, 0.403653661]
- Rotation: in RPY (degree) [150.101994223, -56.447852755, 23.127651154]
- Matrix:
 0.508276687 -0.041513420 0.860192679 0.037712894
 0.217088363 -0.960405614 -0.174624453 -0.181023014
 0.833383136 0.275495359 -0.479139704 0.221442876
 0.000000000 0.000000000 0.000000000 1.000000000
At time 1785371911.532388187
- Translation: [0.037706416, -0.181049431, 0.221271918]
- Rotation: in Quaternion (xyzw) [0.858650057, 0.051077390, 0.492874064, 0.131096672]
- Rotation: in RPY (radian) [2.620370068, -0.984545149, 0.402947260]
- Rotation: in RPY (degree) [150.136145662, -56.410281754, 23.087177346]
- Matrix:
 0.508932515 -0.041513092 0.859804837 0.037706416
 0.216943507 -0.960409525 -0.174782889 -0.181049431
 0.833020534 0.275481772 -0.479777640 0.221271918
 0.000000000 0.000000000 0.000000000 1.000000000
At time 1785371911.587391351
- Translation: [0.037676818, -0.181038415, 0.221383750]
- Rotation: in Quaternion (xyzw) [0.858555180, 0.051105717, 0.493037330, 0.131093092]
- Rotation: in RPY (radian) [2.620060556, -0.984870152, 0.403309792]
- Rotation: in RPY (degree) [150.118411912, -56.428903105, 23.107948944]
- Matrix:
 0.508604793 -0.041513420 0.859998721 0.037676818
 0.217021732 -0.960405614 -0.174707254 -0.181038415
 0.833200295 0.275495359 -0.479457584 0.221383750
 0.000000000 0.000000000 0.000000000 1.000000000
At time 1785371911.637392394
- Translation: [0.037791451, -0.181152549, 0.221810165]
- Rotation: in Quaternion (xyzw) [0.858054220, 0.051205455, 0.493809506, 0.131427277]
- Rotation: in RPY (radian) [2.617552583, -0.986265504, 0.405495791]
- Rotation: in RPY (degree) [149.974715652, -56.508850853, 23.233197447]
- Matrix:
 0.507060347 -0.041925964 0.860890248 0.037791451
 0.217674191 -0.960209744 -0.174971979 -0.181152549
 0.833971073 0.276114941 -0.477758085 0.221810165
 0.000000000 0.000000000 0.000000000 1.000000000
At time 1785371911.692383685
- Translation: [0.038147747, -0.181424258, 0.222904578]
- Rotation: in Quaternion (xyzw) [0.856755815, 0.051513718, 0.495855113, 0.132073911]
- Rotation: in RPY (radian) [2.611526169, -0.990036975, 0.411088977]
- Rotation: in RPY (degree) [149.629427570, -56.724940233, 23.553663412]
- Matrix:
 0.502948088 -0.042709692 0.863260739 0.038147747
 0.219248404 -0.959805638 -0.175223501 -0.181424258
 0.836046266 0.277396864 -0.473368378 0.222904578
 0.000000000 0.000000000 0.000000000 1.000000000
At time 1785371911.742390664
- Translation: [0.038624660, -0.181747149, 0.224431949]
- Rotation: in Quaternion (xyzw) [0.854934447, 0.052098959, 0.498690112, 0.132969778]
- Rotation: in RPY (radian) [2.602794473, -0.995147987, 0.419452228]
- Rotation: in RPY (degree) [149.129138270, -57.017779664, 24.032842350]
- Matrix:
 0.497187741 -0.043539038 0.866549885 0.038624660
 0.221703817 -0.959209473 -0.175398416 -0.181747149
 0.838839537 0.279323359 -0.467254420 0.224431949
 0.000000000 0.000000000 0.000000000 1.000000000
At time 1785371911.742390664
- Translation: [0.038624660, -0.181747149, 0.224431949]
- Rotation: in Quaternion (xyzw) [0.854934447, 0.052098959, 0.498690112, 0.132969778]
- Rotation: in RPY (radian) [2.602794473, -0.995147987, 0.419452228]
- Rotation: in RPY (degree) [149.129138270, -57.017779664, 24.032842350]
- Matrix:
 0.497187741 -0.043539038 0.866549885 0.038624660
 0.221703817 -0.959209473 -0.175398416 -0.181747149
 0.838839537 0.279323359 -0.467254420 0.224431949
 0.000000000 0.000000000 0.000000000 1.000000000
At time 1785371911.797386705
- Translation: [0.039458834, -0.182428278, 0.226953244]
- Rotation: in Quaternion (xyzw) [0.851896431, 0.052834425, 0.503374869, 0.134516670]
- Rotation: in RPY (radian) [2.588153579, -1.003640338, 0.433044645]
- Rotation: in RPY (degree) [148.290276815, -57.504355519, 24.811630515]
- Matrix:
 0.487644529 -0.045405706 0.871860732 0.039458834
 0.225443539 -0.958227578 -0.175997499 -0.182428278
 0.843432288 0.282379586 -0.457038013 0.226953244
 0.000000000 0.000000000 0.000000000 1.000000000
At time 1785371911.847392497
- Translation: [0.040504607, -0.183045472, 0.229929857]
- Rotation: in Quaternion (xyzw) [0.848285760, 0.054130144, 0.508894697, 0.136041847]
- Rotation: in RPY (radian) [2.570569719, -1.013424666, 0.450460543]
- Rotation: in RPY (degree) [147.282795824, -58.064956221, 25.809487973]
- Matrix:
 0.476192229 -0.046626288 0.878104180 0.040504607
 0.230297610 -0.957125087 -0.175711636 -0.183045472
 0.848648320 0.285897809 -0.445037606 0.229929857
 0.000000000 0.000000000 0.000000000 1.000000000
At time 1785371911.897399475
- Translation: [0.041481678, -0.183810570, 0.233479809]
- Rotation: in Quaternion (xyzw) [0.844022481, 0.055324048, 0.515227772, 0.138223168]
- Rotation: in RPY (radian) [2.548642145, -1.024459544, 0.471123695]
- Rotation: in RPY (degree) [146.026438372, -58.697208150, 26.993399363]
- Matrix:
 0.462959185 -0.049043349 0.885021775 0.041481678
 0.235822310 -0.955667211 -0.176317950 -0.183810570
 0.854433515 0.290335894 -0.430869398 0.233479809
 0.000000000 0.000000000 0.000000000 1.000000000
At time 1785371911.952389580
- Translation: [0.042869856, -0.184854428, 0.238084216]
- Rotation: in Quaternion (xyzw) [0.838414969, 0.057096808, 0.523411330, 0.140857637]
- Rotation: in RPY (radian) [2.519109248, -1.038387340, 0.499625672]
- Rotation: in RPY (degree) [144.334328059, -59.495212075, 28.626442359]
- Matrix:
 0.445561069 -0.051711330 0.893756831 0.042869856
 0.243194603 -0.953798161 -0.176424071 -0.184854428
 0.861586745 0.295964535 -0.412399412 0.238084216
 0.000000000 0.000000000 0.000000000 1.000000000
At time 1785371912.2390622
- Translation: [0.044065551, -0.185621731, 0.242583705]
- Rotation: in Quaternion (xyzw) [0.832955641, 0.058800191, 0.531238393, 0.143224324]
- Rotation: in RPY (radian) [2.489767383, -1.051468146, 0.528211473]
- Rotation: in RPY (degree) [142.653163009, -60.244687040, 30.264288112]
- Matrix:
 0.428656615 -0.054216617 0.901839268 0.044065551
 0.250128422 -0.952058661 -0.176125179 -0.185621731
 0.868152797 0.301072856 -0.394545126 0.242583705
 0.000000000 0.000000000 0.000000000 1.000000000
At time 1785371912.52399975
- Translation: [0.045199920, -0.186561606, 0.247320497]
- Rotation: in Quaternion (xyzw) [0.827170363, 0.060749315, 0.539301897, 0.145781257]
- Rotation: in RPY (radian) [2.457105331, -1.064356294, 0.560192898]
- Rotation: in RPY (degree) [140.781765257, -60.983123531, 32.096688795]
- Matrix:
 0.410925970 -0.056740151 0.909901315 0.045199920
 0.257740283 -0.950114691 -0.175647429 -0.186561606
 0.874476869 0.306696313 -0.375802579 0.247320497
 0.000000000 0.000000000 0.000000000 1.000000000
At time 1785371912.107397204
- Translation: [0.046499516, -0.187565190, 0.252509568]
- Rotation: in Quaternion (xyzw) [0.820736726, 0.062853695, 0.548034648, 0.148656192]
- Rotation: in RPY (radian) [2.419299045, -1.077754348, 0.597085885]
- Rotation: in RPY (degree) [138.615624680, -61.750775486, 34.210501210]
- Matrix:
 0.391414875 -0.059764816 0.918271508 0.046499516
 0.266110159 -0.947901499 -0.175123187 -0.187565190
 0.880897144 0.312907197 -0.355118722 0.252509568
 0.000000000 0.000000000 0.000000000 1.000000000
At time 1785371912.162395619
- Translation: [0.047541766, -0.188387009, 0.257395172]
- Rotation: in Quaternion (xyzw) [0.814657650, 0.064964883, 0.556121366, 0.151134057]
- Rotation: in RPY (radian) [2.382588951, -1.089639732, 0.633445987]
- Rotation: in RPY (degree) [136.512291188, -62.431757825, 36.293781579]
- Matrix:
 0.373017180 -0.062249479 0.925733864 0.047541766
 0.273946035 -0.945876121 -0.173988313 -0.188387009
 0.886460238 0.318501751 -0.335775045 0.257395172
 0.000000000 0.000000000 0.000000000 1.000000000
At time 1785371912.217391660
- Translation: [0.048586402, -0.189013953, 0.261812852]
- Rotation: in Quaternion (xyzw) [0.809068202, 0.066825413, 0.563392006, 0.153402920]
- Rotation: in RPY (radian) [2.347762107, -1.099857444, 0.667833539]
- Rotation: in RPY (degree) [134.516860027, -63.017189599, 38.264043182]
- Matrix:
 0.356247624 -0.064719324 0.932147542 0.048586402
 0.280984590 -0.944003817 -0.172929042 -0.189013953
 0.891142688 0.323524655 -0.318113984 0.261812852
 0.000000000 0.000000000 0.000000000 1.000000000
At time 1785371912.267395077
- Translation: [0.049313135, -0.189583451, 0.265200527]
- Rotation: in Quaternion (xyzw) [0.804777470, 0.068350591, 0.568840338, 0.155184053]
- Rotation: in RPY (radian) [2.320049716, -1.107011759, 0.695280637]
- Rotation: in RPY (degree) [132.929056995, -63.427101648, 39.836646097]
- Matrix:
 0.343497734 -0.066535867 0.936793619 0.049313135
 0.286563929 -0.942492213 -0.172016113 -0.189583451
 0.894365933 0.327538405 -0.304677160 0.265200527
 0.000000000 0.000000000 0.000000000 1.000000000
At time 1785371912.317397307
- Translation: [0.049690106, -0.189950154, 0.267837811]
- Rotation: in Quaternion (xyzw) [0.801526253, 0.069439233, 0.572945897, 0.156418857]
- Rotation: in RPY (radian) [2.298986885, -1.112345431, 0.716209908]
- Rotation: in RPY (degree) [131.722245675, -63.732698576, 41.035804951]
- Matrix:
 0.333822385 -0.067924349 0.940185566 0.049690106
 0.290553820 -0.941422668 -0.171177794 -0.189950154
 0.896739144 0.330317487 -0.294532282 0.267837811
 0.000000000 0.000000000 0.000000000 1.000000000
At time 1785371912.372392160
- Translation: [0.050183596, -0.190200123, 0.269913110]
- Rotation: in Quaternion (xyzw) [0.798849852, 0.070246308, 0.576305526, 0.157404923]
- Rotation: in RPY (radian) [2.281554973, -1.116679821, 0.733445170]
- Rotation: in RPY (degree) [130.723470701, -63.981040799, 42.023312758]
- Matrix:
 0.325874793 -0.069194148 0.942877399 0.050183596
 0.293659160 -0.940578293 -0.170519127 -0.190200123
 0.898648940 0.332452470 -0.286191261 0.269913110
 0.000000000 0.000000000 0.000000000 1.000000000
At time 1785371912.427384639
- Translation: [0.050409083, -0.190297013, 0.271112232]
- Rotation: in Quaternion (xyzw) [0.797315512, 0.070864239, 0.578219662, 0.157886849]
- Rotation: in RPY (radian) [2.271458246, -1.119012915, 0.743773715]
- Rotation: in RPY (degree) [130.144970863, -64.114717277, 42.615094772]
- Matrix:
 0.321280565 -0.069584247 0.944424074 0.050409083
 0.295588875 -0.940100005 -0.169821075 -0.190297013
 0.899669948 0.333721460 -0.281467531 0.271112232
 0.000000000 0.000000000 0.000000000 1.000000000
At time 1785371912.477395180
- Translation: [0.050364661, -0.190370984, 0.271503127]
- Rotation: in Quaternion (xyzw) [0.796836369, 0.071061073, 0.578773469, 0.158187853]
- Rotation: in RPY (radian) [2.267940130, -1.119525253, 0.747147823]
- Rotation: in RPY (degree) [129.943397654, -64.144072043, 42.808416944]
- Matrix:
 0.319943191 -0.069861770 0.944857496 0.050364661
 0.296357959 -0.939853854 -0.169843141 -0.190370984
 0.899893502 0.334356196 -0.279995750 0.271503127
 0.000000000 0.000000000 0.000000000 1.000000000
At time 1785371912.532393596
- Translation: [0.050341947, -0.190392010, 0.271439279]
- Rotation: in Quaternion (xyzw) [0.796946748, 0.071030899, 0.578621472, 0.158201404]
- Rotation: in RPY (radian) [2.268543287, -1.119280246, 0.746477530]
- Rotation: in RPY (degree) [129.977956008, -64.130034168, 42.770011949]
- Matrix:
 0.320303608 -0.069861770 0.944735377 0.050341947
 0.296293147 -0.939853854 -0.169956182 -0.190392010
 0.899786625 0.334356196 -0.280339017 0.271439279
 0.000000000 0.000000000 0.000000000 1.000000000
At time 1785371912.587390824
- Translation: [0.050307040, -0.190294709, 0.271034946]
- Rotation: in Quaternion (xyzw) [0.797427353, 0.070885061, 0.578067519, 0.157869779]
- Rotation: in RPY (radian) [2.272077179, -1.118743934, 0.743205967]
- Rotation: in RPY (degree) [130.180433073, -64.099305776, 42.582565206]
- Matrix:
 0.321626502 -0.069467410 0.944314922 0.050307040
 0.295570156 -0.940104882 -0.169826657 -0.190294709
 0.899552486 0.333732063 -0.281830152 0.271034946
 0.000000000 0.000000000 0.000000000 1.000000000
At time 1785371912.642469976
- Translation: [0.050225935, -0.190238984, 0.270503249]
- Rotation: in Quaternion (xyzw) [0.798127673, 0.070679815, 0.577208656, 0.157565062]
- Rotation: in RPY (radian) [2.276795966, -1.117707015, 0.738616731]
- Rotation: in RPY (degree) [130.450799679, -64.039894708, 42.319621381]
- Matrix:
 0.323669063 -0.069072803 0.943645741 0.050225935
 0.294718868 -0.940355230 -0.169920071 -0.190238984
 0.899099064 0.333108075 -0.284006838 0.270503249
 0.000000000 0.000000000 0.000000000 1.000000000
At time 1785371912.642469976
- Translation: [0.050225935, -0.190238984, 0.270503249]
- Rotation: in Quaternion (xyzw) [0.798127673, 0.070679815, 0.577208656, 0.157565062]
- Rotation: in RPY (radian) [2.276795966, -1.117707015, 0.738616731]
- Rotation: in RPY (degree) [130.450799679, -64.039894708, 42.319621381]
- Matrix:
 0.323669063 -0.069072803 0.943645741 0.050225935
 0.294718868 -0.940355230 -0.169920071 -0.190238984
 0.899099064 0.333108075 -0.284006838 0.270503249
 0.000000000 0.000000000 0.000000000 1.000000000
At time 1785371912.697391217
- Translation: [0.050041362, -0.190207319, 0.269967671]
- Rotation: in Quaternion (xyzw) [0.798825058, 0.070398444, 0.576283909, 0.157541874]
- Rotation: in RPY (radian) [2.280922347, -1.116382895, 0.734095531]
- Rotation: in RPY (degree) [130.687223854, -63.964028205, 42.060575709]
- Matrix:
 0.325881831 -0.069105612 0.942881459 0.050041362
 0.294049776 -0.940449234 -0.170557813 -0.190207319
 0.898518648 0.332835775 -0.286154829 0.269967671
 0.000000000 0.000000000 0.000000000 1.000000000
At time 1785371912.752387258
- Translation: [0.050119000, -0.190216198, 0.269714325]
- Rotation: in Quaternion (xyzw) [0.799072752, 0.070227926, 0.576000664, 0.157397618]
- Rotation: in RPY (radian) [2.282783663, -1.116170625, 0.732192907]
- Rotation: in RPY (degree) [130.793869418, -63.951866030, 41.951563354]
- Matrix:
 0.326582547 -0.069087822 0.942640288 0.050119000
 0.293556709 -0.940588056 -0.170641633 -0.190216198
 0.898425455 0.332446960 -0.286898449 0.269714325
 0.000000000 0.000000000 0.000000000 1.000000000
At time 1785371912.807392797
- Translation: [0.050095815, -0.190237025, 0.269650581]
- Rotation: in Quaternion (xyzw) [0.799182603, 0.070197903, 0.575848240, 0.157411011]
- Rotation: in RPY (radian) [2.283374197, -1.115921307, 0.731535568]
- Rotation: in RPY (degree) [130.827704515, -63.937581140, 41.913900621]
- Matrix:
 0.326942117 -0.069087822 0.942515636 0.050095815
 0.293491592 -0.940588056 -0.170753605 -0.190237025
 0.898315945 0.332446960 -0.287241156 0.269650581
 0.000000000 0.000000000 0.000000000 1.000000000
At time 1785371912.862392400
- Translation: [0.050330029, -0.190188824, 0.270127699]
- Rotation: in Quaternion (xyzw) [0.798493613, 0.070377586, 0.576740951, 0.157558945]
- Rotation: in RPY (radian) [2.279134833, -1.117185602, 0.735839636]
- Rotation: in RPY (degree) [130.584806900, -64.010019914, 42.160505518]
- Matrix:
 0.324833741 -0.069349285 0.943225168 0.050330029
 0.294133498 -0.940444349 -0.170440350 -0.190188824
 0.898870695 0.332798894 -0.285090108 0.270127699
 0.000000000 0.000000000 0.000000000 1.000000000
At time 1785371912.917395565
- Translation: [0.050558511, -0.190592156, 0.271152084]
- Rotation: in Quaternion (xyzw) [0.797177429, 0.070818769, 0.578326784, 0.158211819]
- Rotation: in RPY (radian) [2.270019292, -1.118965816, 0.744673365]
- Rotation: in RPY (degree) [130.062524839, -64.112018675, 42.666640925]
- Matrix:
 0.321045666 -0.070086017 0.944466850 0.050558511
 0.295906513 -0.939907445 -0.170333001 -0.190592156
 0.899649385 0.334158564 -0.281014302 0.271152084
 0.000000000 0.000000000 0.000000000 1.000000000
At time 1785371912.967402544
- Translation: [0.051094879, -0.190965009, 0.272734037]
- Rotation: in Quaternion (xyzw) [0.795072265, 0.071205866, 0.580906943, 0.159175820]
- Rotation: in RPY (radian) [2.255886529, -1.122201681, 0.758014672]
- Rotation: in RPY (degree) [129.252777201, -64.297420088, 43.431041512]
- Matrix:
 0.314953696 -0.071705060 0.946394502 0.051094879
 0.298160297 -0.939185566 -0.170384596 -0.190965009
 0.901057494 0.335840524 -0.274420363 0.272734037
 0.000000000 0.000000000 0.000000000 1.000000000
At time 1785371913.22392648
- Translation: [0.052023715, -0.191563656, 0.275370418]
- Rotation: in Quaternion (xyzw) [0.791484556, 0.072314356, 0.585238293, 0.160682829]
- Rotation: in RPY (radian) [2.231267732, -1.127108657, 0.782125682]
- Rotation: in RPY (degree) [127.842224014, -64.578569085, 44.812500602]
- Matrix:
 0.304533548 -0.073604097 0.949653492 0.052023715
 0.302546881 -0.937903325 -0.169713695 -0.191563656
 0.903174791 0.338998216 -0.263354337 0.275370418
 0.000000000 0.000000000 0.000000000 1.000000000
At time 1785371913.72402002
- Translation: [0.052980825, -0.192358032, 0.278556156]
- Rotation: in Quaternion (xyzw) [0.787180718, 0.073369685, 0.590361348, 0.162594232]
- Rotation: in RPY (radian) [2.201311072, -1.132752552, 0.810920614]
- Rotation: in RPY (degree) [126.125833845, -64.901940485, 46.462328723]
- Matrix:
 0.292180735 -0.076468297 0.953301116 0.052980825
 0.307489103 -0.936360010 -0.169352837 -0.192358032
 0.905583165 0.342611342 -0.250073188 0.278556156
 0.000000000 0.000000000 0.000000000 1.000000000
At time 1785371913.127384982
- Translation: [0.054255946, -0.193263047, 0.282743139]
- Rotation: in Quaternion (xyzw) [0.781479129, 0.074970440, 0.597028041, 0.165007038]
- Rotation: in RPY (radian) [2.160885145, -1.139413943, 0.850263655]
- Rotation: in RPY (degree) [123.809598839, -65.283610037, 48.716518928]
- Matrix:
 0.275873904 -0.079851989 0.957871207 0.054255946
 0.314203326 -0.934304221 -0.168380203 -0.193263047
 0.908388606 0.347418023 -0.232660392 0.282743139
 0.000000000 0.000000000 0.000000000 1.000000000
At time 1785371913.177389587
- Translation: [0.055555213, -0.194087466, 0.287223256]
- Rotation: in Quaternion (xyzw) [0.775360661, 0.076672567, 0.604085716, 0.167384616]
- Rotation: in RPY (radian) [2.117052075, -1.145947331, 0.893210166]
- Rotation: in RPY (degree) [121.298148892, -65.657945592, 51.177172737]
- Matrix:
 0.258403529 -0.083331528 0.962436217 0.055555213
 0.321127096 -0.932207415 -0.166933289 -0.194087466
 0.911100985 0.352200499 -0.214125675 0.287223256
 0.000000000 0.000000000 0.000000000 1.000000000
At time 1785371913.227395378
- Translation: [0.056856730, -0.195110874, 0.292023691]
- Rotation: in Quaternion (xyzw) [0.768781363, 0.078480492, 0.611479651, 0.170025479]
- Rotation: in RPY (radian) [2.068892994, -1.151807902, 0.940244847]
- Rotation: in RPY (degree) [118.538836840, -65.993731606, 53.872061427]
- Matrix:
 0.239866897 -0.087265562 0.966875687 0.056856730
 0.328602921 -0.929864297 -0.165446391 -0.195110874
 0.913500954 0.357403288 -0.194367945 0.292023691
 0.000000000 0.000000000 0.000000000 1.000000000
At time 1785371913.277397607
- Translation: [0.058065043, -0.196059918, 0.297051319]
- Rotation: in Quaternion (xyzw) [0.761853217, 0.080520676, 0.619071268, 0.172762441]
- Rotation: in RPY (radian) [2.017417605, -1.156651983, 0.990778991]
- Rotation: in RPY (degree) [115.589514262, -66.271277000, 56.767454607]
- Matrix:
 0.220534371 -0.091214655 0.971104772 0.058065043
 0.336594400 -0.927339119 -0.163543169 -0.196059918
 0.915460977 0.362935318 -0.173807807 0.297051319
 0.000000000 0.000000000 0.000000000 1.000000000
At time 1785371913.332391274
- Translation: [0.059267125, -0.196961522, 0.302389020]
- Rotation: in Quaternion (xyzw) [0.754445108, 0.082830126, 0.627008080, 0.175535232]
- Rotation: in RPY (radian) [1.962017640, -1.160511235, 1.045562047]
- Rotation: in RPY (degree) [112.415330083, -66.492395853, 59.906292534]
- Matrix:
 0.200000076 -0.095142451 0.975165567 0.059267125
 0.345105585 -0.924653105 -0.160993078 -0.196961522
 0.917007145 0.368733711 -0.152096500 0.302389020
 0.000000000 0.000000000 0.000000000 1.000000000
At time 1785371913.387388502
- Translation: [0.060485898, -0.197774719, 0.307484743]
- Rotation: in Quaternion (xyzw) [0.747237446, 0.084867194, 0.634613350, 0.178043967]
- Rotation: in RPY (radian) [1.908193579, -1.163495849, 1.098744968]
- Rotation: in RPY (degree) [109.331438585, -66.663401609, 62.953449448]
- Matrix:
 0.180126910 -0.099146265 0.978633902 0.060485898
 0.352810048 -0.922195810 -0.158366529 -0.197774719
 0.918193534 0.373797947 -0.131132483 0.307484743
 0.000000000 0.000000000 0.000000000 1.000000000
At time 1785371913.437389544
- Translation: [0.061341081, -0.198386345, 0.311449841]
- Rotation: in Quaternion (xyzw) [0.741643137, 0.086389686, 0.640354999, 0.180132603]
- Rotation: in RPY (radian) [1.866247344, -1.164792942, 1.139889932]
- Rotation: in RPY (degree) [106.928096365, -66.737719593, 65.310882229]
- Matrix:
 0.164964595 -0.102556990 0.980952979 0.061341081
 0.358838262 -0.920178135 -0.156548083 -0.198386345
 0.918706582 0.377828353 -0.114995441 0.311449841
 0.000000000 0.000000000 0.000000000 1.000000000
[INFO] [1785371913.473362559] [rclcpp]: signal_handler(signum=15)
[ros2run]: Received signal:  Terminated
[INFO] [1785371913.474567675] [rclcpp]: signal_handler(signum=15)
