[INFO] [1785371930.870358043] [tf2_echo]: Waiting for transform openarm_body_link0 ->  openarm_right_hand_tcp: Invalid frame ID "openarm_body_link0" passed to canTransform argument target_frame - frame does not exist
At time 1785371931.47393766
- Translation: [0.200000323, -0.299904228, 0.849973368]
- Rotation: in Quaternion (xyzw) [0.015440866, 0.126831241, 0.924906969, 0.358081715]
- Rotation: in RPY (radian) [0.248706084, 0.062309479, 2.410616315]
- Rotation: in RPY (degree) [14.249808948, 3.570070162, 138.118140849]
- Matrix:
 -0.743078130 -0.658467780 0.119394626 0.200000323
 0.666301316 -0.711382643 0.223556013 -0.299904228
 -0.062269168 0.245672380 0.967350832 0.849973368
 0.000000000 0.000000000 0.000000000 1.000000000
At time 1785371931.102393369
- Translation: [0.200000323, -0.299904228, 0.849973368]
- Rotation: in Quaternion (xyzw) [0.015440866, 0.126831241, 0.924906969, 0.358081715]
- Rotation: in RPY (radian) [0.248706084, 0.062309479, 2.410616315]
- Rotation: in RPY (degree) [14.249808948, 3.570070162, 138.118140849]
- Matrix:
 -0.743078130 -0.658467780 0.119394626 0.200000323
 0.666301316 -0.711382643 0.223556013 -0.299904228
 -0.062269168 0.245672380 0.967350832 0.849973368
 0.000000000 0.000000000 0.000000000 1.000000000
At time 1785371931.157383473
- Translation: [0.200000323, -0.299904228, 0.849973368]
- Rotation: in Quaternion (xyzw) [0.015440866, 0.126831241, 0.924906969, 0.358081715]
- Rotation: in RPY (radian) [0.248706084, 0.062309479, 2.410616315]
- Rotation: in RPY (degree) [14.249808948, 3.570070162, 138.118140849]
- Matrix:
 -0.743078130 -0.658467780 0.119394626 0.200000323
 0.666301316 -0.711382643 0.223556013 -0.299904228
 -0.062269168 0.245672380 0.967350832 0.849973368
 0.000000000 0.000000000 0.000000000 1.000000000
At time 1785371931.207394014
- Translation: [0.200000323, -0.299904228, 0.849973368]
- Rotation: in Quaternion (xyzw) [0.015440866, 0.126831241, 0.924906969, 0.358081715]
- Rotation: in RPY (radian) [0.248706084, 0.062309479, 2.410616315]
- Rotation: in RPY (degree) [14.249808948, 3.570070162, 138.118140849]
- Matrix:
 -0.743078130 -0.658467780 0.119394626 0.200000323
 0.666301316 -0.711382643 0.223556013 -0.299904228
 -0.062269168 0.245672380 0.967350832 0.849973368
 0.000000000 0.000000000 0.000000000 1.000000000
At time 1785371931.262391242
- Translation: [0.200000323, -0.299904228, 0.849973368]
- Rotation: in Quaternion (xyzw) [0.015440866, 0.126831241, 0.924906969, 0.358081715]
- Rotation: in RPY (radian) [0.248706084, 0.062309479, 2.410616315]
- Rotation: in RPY (degree) [14.249808948, 3.570070162, 138.118140849]
- Matrix:
 -0.743078130 -0.658467780 0.119394626 0.200000323
 0.666301316 -0.711382643 0.223556013 -0.299904228
 -0.062269168 0.245672380 0.967350832 0.849973368
 0.000000000 0.000000000 0.000000000 1.000000000
At time 1785371931.317387283
- Translation: [0.200000323, -0.299904228, 0.849973368]
- Rotation: in Quaternion (xyzw) [0.015440866, 0.126831241, 0.924906969, 0.358081715]
- Rotation: in RPY (radian) [0.248706084, 0.062309479, 2.410616315]
- Rotation: in RPY (degree) [14.249808948, 3.570070162, 138.118140849]
- Matrix:
 -0.743078130 -0.658467780 0.119394626 0.200000323
 0.666301316 -0.711382643 0.223556013 -0.299904228
 -0.062269168 0.245672380 0.967350832 0.849973368
 0.000000000 0.000000000 0.000000000 1.000000000
At time 1785371931.317387283
- Translation: [0.200000323, -0.299904228, 0.849973368]
- Rotation: in Quaternion (xyzw) [0.015440866, 0.126831241, 0.924906969, 0.358081715]
- Rotation: in RPY (radian) [0.248706084, 0.062309479, 2.410616315]
- Rotation: in RPY (degree) [14.249808948, 3.570070162, 138.118140849]
- Matrix:
 -0.743078130 -0.658467780 0.119394626 0.200000323
 0.666301316 -0.711382643 0.223556013 -0.299904228
 -0.062269168 0.245672380 0.967350832 0.849973368
 0.000000000 0.000000000 0.000000000 1.000000000
At time 1785371931.372383324
- Translation: [0.200000323, -0.299904228, 0.849973368]
- Rotation: in Quaternion (xyzw) [0.015440866, 0.126831241, 0.924906969, 0.358081715]
- Rotation: in RPY (radian) [0.248706084, 0.062309479, 2.410616315]
- Rotation: in RPY (degree) [14.249808948, 3.570070162, 138.118140849]
- Matrix:
 -0.743078130 -0.658467780 0.119394626 0.200000323
 0.666301316 -0.711382643 0.223556013 -0.299904228
 -0.062269168 0.245672380 0.967350832 0.849973368
 0.000000000 0.000000000 0.000000000 1.000000000
At time 1785371931.422387929
- Translation: [0.200000323, -0.299904228, 0.849973368]
- Rotation: in Quaternion (xyzw) [0.015440866, 0.126831241, 0.924906969, 0.358081715]
- Rotation: in RPY (radian) [0.248706084, 0.062309479, 2.410616315]
- Rotation: in RPY (degree) [14.249808948, 3.570070162, 138.118140849]
- Matrix:
 -0.743078130 -0.658467780 0.119394626 0.200000323
 0.666301316 -0.711382643 0.223556013 -0.299904228
 -0.062269168 0.245672380 0.967350832 0.849973368
 0.000000000 0.000000000 0.000000000 1.000000000
At time 1785371931.472388971
- Translation: [0.200000323, -0.299904228, 0.849973368]
- Rotation: in Quaternion (xyzw) [0.015440866, 0.126831241, 0.924906969, 0.358081715]
- Rotation: in RPY (radian) [0.248706084, 0.062309479, 2.410616315]
- Rotation: in RPY (degree) [14.249808948, 3.570070162, 138.118140849]
- Matrix:
 -0.743078130 -0.658467780 0.119394626 0.200000323
 0.666301316 -0.711382643 0.223556013 -0.299904228
 -0.062269168 0.245672380 0.967350832 0.849973368
 0.000000000 0.000000000 0.000000000 1.000000000
At time 1785371931.522392388
- Translation: [0.200000323, -0.299904228, 0.849973368]
- Rotation: in Quaternion (xyzw) [0.015440866, 0.126831241, 0.924906969, 0.358081715]
- Rotation: in RPY (radian) [0.248706084, 0.062309479, 2.410616315]
- Rotation: in RPY (degree) [14.249808948, 3.570070162, 138.118140849]
- Matrix:
 -0.743078130 -0.658467780 0.119394626 0.200000323
 0.666301316 -0.711382643 0.223556013 -0.299904228
 -0.062269168 0.245672380 0.967350832 0.849973368
 0.000000000 0.000000000 0.000000000 1.000000000
At time 1785371931.572393430
- Translation: [0.200000323, -0.299904228, 0.849973368]
- Rotation: in Quaternion (xyzw) [0.015440866, 0.126831241, 0.924906969, 0.358081715]
- Rotation: in RPY (radian) [0.248706084, 0.062309479, 2.410616315]
- Rotation: in RPY (degree) [14.249808948, 3.570070162, 138.118140849]
- Matrix:
 -0.743078130 -0.658467780 0.119394626 0.200000323
 0.666301316 -0.711382643 0.223556013 -0.299904228
 -0.062269168 0.245672380 0.967350832 0.849973368
 0.000000000 0.000000000 0.000000000 1.000000000
At time 1785371931.627384722
- Translation: [0.200000323, -0.299904228, 0.849973368]
- Rotation: in Quaternion (xyzw) [0.015440866, 0.126831241, 0.924906969, 0.358081715]
- Rotation: in RPY (radian) [0.248706084, 0.062309479, 2.410616315]
- Rotation: in RPY (degree) [14.249808948, 3.570070162, 138.118140849]
- Matrix:
 -0.743078130 -0.658467780 0.119394626 0.200000323
 0.666301316 -0.711382643 0.223556013 -0.299904228
 -0.062269168 0.245672380 0.967350832 0.849973368
 0.000000000 0.000000000 0.000000000 1.000000000
At time 1785371931.677394075
- Translation: [0.200000323, -0.299904228, 0.849973368]
- Rotation: in Quaternion (xyzw) [0.015440866, 0.126831241, 0.924906969, 0.358081715]
- Rotation: in RPY (radian) [0.248706084, 0.062309479, 2.410616315]
- Rotation: in RPY (degree) [14.249808948, 3.570070162, 138.118140849]
- Matrix:
 -0.743078130 -0.658467780 0.119394626 0.200000323
 0.666301316 -0.711382643 0.223556013 -0.299904228
 -0.062269168 0.245672380 0.967350832 0.849973368
 0.000000000 0.000000000 0.000000000 1.000000000
At time 1785371931.732388929
- Translation: [0.200000323, -0.299904228, 0.849973368]
- Rotation: in Quaternion (xyzw) [0.015440866, 0.126831241, 0.924906969, 0.358081715]
- Rotation: in RPY (radian) [0.248706084, 0.062309479, 2.410616315]
- Rotation: in RPY (degree) [14.249808948, 3.570070162, 138.118140849]
- Matrix:
 -0.743078130 -0.658467780 0.119394626 0.200000323
 0.666301316 -0.711382643 0.223556013 -0.299904228
 -0.062269168 0.245672380 0.967350832 0.849973368
 0.000000000 0.000000000 0.000000000 1.000000000
At time 1785371931.787389719
- Translation: [0.200000323, -0.299904228, 0.849973368]
- Rotation: in Quaternion (xyzw) [0.015440866, 0.126831241, 0.924906969, 0.358081715]
- Rotation: in RPY (radian) [0.248706084, 0.062309479, 2.410616315]
- Rotation: in RPY (degree) [14.249808948, 3.570070162, 138.118140849]
- Matrix:
 -0.743078130 -0.658467780 0.119394626 0.200000323
 0.666301316 -0.711382643 0.223556013 -0.299904228
 -0.062269168 0.245672380 0.967350832 0.849973368
 0.000000000 0.000000000 0.000000000 1.000000000
At time 1785371931.842389322
- Translation: [0.200000323, -0.299904228, 0.849973368]
- Rotation: in Quaternion (xyzw) [0.015440866, 0.126831241, 0.924906969, 0.358081715]
- Rotation: in RPY (radian) [0.248706084, 0.062309479, 2.410616315]
- Rotation: in RPY (degree) [14.249808948, 3.570070162, 138.118140849]
- Matrix:
 -0.743078130 -0.658467780 0.119394626 0.200000323
 0.666301316 -0.711382643 0.223556013 -0.299904228
 -0.062269168 0.245672380 0.967350832 0.849973368
 0.000000000 0.000000000 0.000000000 1.000000000
At time 1785371931.897392487
- Translation: [0.200000323, -0.299904228, 0.849973368]
- Rotation: in Quaternion (xyzw) [0.015440866, 0.126831241, 0.924906969, 0.358081715]
- Rotation: in RPY (radian) [0.248706084, 0.062309479, 2.410616315]
- Rotation: in RPY (degree) [14.249808948, 3.570070162, 138.118140849]
- Matrix:
 -0.743078130 -0.658467780 0.119394626 0.200000323
 0.666301316 -0.711382643 0.223556013 -0.299904228
 -0.062269168 0.245672380 0.967350832 0.849973368
 0.000000000 0.000000000 0.000000000 1.000000000
At time 1785371931.947395903
- Translation: [0.200000323, -0.299904228, 0.849973368]
- Rotation: in Quaternion (xyzw) [0.015440866, 0.126831241, 0.924906969, 0.358081715]
- Rotation: in RPY (radian) [0.248706084, 0.062309479, 2.410616315]
- Rotation: in RPY (degree) [14.249808948, 3.570070162, 138.118140849]
- Matrix:
 -0.743078130 -0.658467780 0.119394626 0.200000323
 0.666301316 -0.711382643 0.223556013 -0.299904228
 -0.062269168 0.245672380 0.967350832 0.849973368
 0.000000000 0.000000000 0.000000000 1.000000000
At time 1785371932.2410941
- Translation: [0.200000323, -0.299904228, 0.849973368]
- Rotation: in Quaternion (xyzw) [0.015440866, 0.126831241, 0.924906969, 0.358081715]
- Rotation: in RPY (radian) [0.248706084, 0.062309479, 2.410616315]
- Rotation: in RPY (degree) [14.249808948, 3.570070162, 138.118140849]
- Matrix:
 -0.743078130 -0.658467780 0.119394626 0.200000323
 0.666301316 -0.711382643 0.223556013 -0.299904228
 -0.062269168 0.245672380 0.967350832 0.849973368
 0.000000000 0.000000000 0.000000000 1.000000000
At time 1785371932.57391547
- Translation: [0.200000323, -0.299904228, 0.849973368]
- Rotation: in Quaternion (xyzw) [0.015440866, 0.126831241, 0.924906969, 0.358081715]
- Rotation: in RPY (radian) [0.248706084, 0.062309479, 2.410616315]
- Rotation: in RPY (degree) [14.249808948, 3.570070162, 138.118140849]
- Matrix:
 -0.743078130 -0.658467780 0.119394626 0.200000323
 0.666301316 -0.711382643 0.223556013 -0.299904228
 -0.062269168 0.245672380 0.967350832 0.849973368
 0.000000000 0.000000000 0.000000000 1.000000000
At time 1785371932.112392338
- Translation: [0.200000323, -0.299904228, 0.849973368]
- Rotation: in Quaternion (xyzw) [0.015440866, 0.126831241, 0.924906969, 0.358081715]
- Rotation: in RPY (radian) [0.248706084, 0.062309479, 2.410616315]
- Rotation: in RPY (degree) [14.249808948, 3.570070162, 138.118140849]
- Matrix:
 -0.743078130 -0.658467780 0.119394626 0.200000323
 0.666301316 -0.711382643 0.223556013 -0.299904228
 -0.062269168 0.245672380 0.967350832 0.849973368
 0.000000000 0.000000000 0.000000000 1.000000000
At time 1785371932.162394567
- Translation: [0.200000323, -0.299904228, 0.849973368]
- Rotation: in Quaternion (xyzw) [0.015440866, 0.126831241, 0.924906969, 0.358081715]
- Rotation: in RPY (radian) [0.248706084, 0.062309479, 2.410616315]
- Rotation: in RPY (degree) [14.249808948, 3.570070162, 138.118140849]
- Matrix:
 -0.743078130 -0.658467780 0.119394626 0.200000323
 0.666301316 -0.711382643 0.223556013 -0.299904228
 -0.062269168 0.245672380 0.967350832 0.849973368
 0.000000000 0.000000000 0.000000000 1.000000000
At time 1785371932.217387046
- Translation: [0.200000323, -0.299904228, 0.849973368]
- Rotation: in Quaternion (xyzw) [0.015440866, 0.126831241, 0.924906969, 0.358081715]
- Rotation: in RPY (radian) [0.248706084, 0.062309479, 2.410616315]
- Rotation: in RPY (degree) [14.249808948, 3.570070162, 138.118140849]
- Matrix:
 -0.743078130 -0.658467780 0.119394626 0.200000323
 0.666301316 -0.711382643 0.223556013 -0.299904228
 -0.062269168 0.245672380 0.967350832 0.849973368
 0.000000000 0.000000000 0.000000000 1.000000000
At time 1785371932.272384274
- Translation: [0.200000323, -0.299904228, 0.849973368]
- Rotation: in Quaternion (xyzw) [0.015440866, 0.126831241, 0.924906969, 0.358081715]
- Rotation: in RPY (radian) [0.248706084, 0.062309479, 2.410616315]
- Rotation: in RPY (degree) [14.249808948, 3.570070162, 138.118140849]
- Matrix:
 -0.743078130 -0.658467780 0.119394626 0.200000323
 0.666301316 -0.711382643 0.223556013 -0.299904228
 -0.062269168 0.245672380 0.967350832 0.849973368
 0.000000000 0.000000000 0.000000000 1.000000000
At time 1785371932.322388879
- Translation: [0.200000323, -0.299904228, 0.849973368]
- Rotation: in Quaternion (xyzw) [0.015440866, 0.126831241, 0.924906969, 0.358081715]
- Rotation: in RPY (radian) [0.248706084, 0.062309479, 2.410616315]
- Rotation: in RPY (degree) [14.249808948, 3.570070162, 138.118140849]
- Matrix:
 -0.743078130 -0.658467780 0.119394626 0.200000323
 0.666301316 -0.711382643 0.223556013 -0.299904228
 -0.062269168 0.245672380 0.967350832 0.849973368
 0.000000000 0.000000000 0.000000000 1.000000000
At time 1785371932.372391108
- Translation: [0.200000323, -0.299904228, 0.849973368]
- Rotation: in Quaternion (xyzw) [0.015440866, 0.126831241, 0.924906969, 0.358081715]
- Rotation: in RPY (radian) [0.248706084, 0.062309479, 2.410616315]
- Rotation: in RPY (degree) [14.249808948, 3.570070162, 138.118140849]
- Matrix:
 -0.743078130 -0.658467780 0.119394626 0.200000323
 0.666301316 -0.711382643 0.223556013 -0.299904228
 -0.062269168 0.245672380 0.967350832 0.849973368
 0.000000000 0.000000000 0.000000000 1.000000000
At time 1785371932.422394525
- Translation: [0.200000323, -0.299904228, 0.849973368]
- Rotation: in Quaternion (xyzw) [0.015440866, 0.126831241, 0.924906969, 0.358081715]
- Rotation: in RPY (radian) [0.248706084, 0.062309479, 2.410616315]
- Rotation: in RPY (degree) [14.249808948, 3.570070162, 138.118140849]
- Matrix:
 -0.743078130 -0.658467780 0.119394626 0.200000323
 0.666301316 -0.711382643 0.223556013 -0.299904228
 -0.062269168 0.245672380 0.967350832 0.849973368
 0.000000000 0.000000000 0.000000000 1.000000000
At time 1785371932.422394525
- Translation: [0.200000323, -0.299904228, 0.849973368]
- Rotation: in Quaternion (xyzw) [0.015440866, 0.126831241, 0.924906969, 0.358081715]
- Rotation: in RPY (radian) [0.248706084, 0.062309479, 2.410616315]
- Rotation: in RPY (degree) [14.249808948, 3.570070162, 138.118140849]
- Matrix:
 -0.743078130 -0.658467780 0.119394626 0.200000323
 0.666301316 -0.711382643 0.223556013 -0.299904228
 -0.062269168 0.245672380 0.967350832 0.849973368
 0.000000000 0.000000000 0.000000000 1.000000000
At time 1785371932.477392941
- Translation: [0.200000323, -0.299904228, 0.849973368]
- Rotation: in Quaternion (xyzw) [0.015440866, 0.126831241, 0.924906969, 0.358081715]
- Rotation: in RPY (radian) [0.248706084, 0.062309479, 2.410616315]
- Rotation: in RPY (degree) [14.249808948, 3.570070162, 138.118140849]
- Matrix:
 -0.743078130 -0.658467780 0.119394626 0.200000323
 0.666301316 -0.711382643 0.223556013 -0.299904228
 -0.062269168 0.245672380 0.967350832 0.849973368
 0.000000000 0.000000000 0.000000000 1.000000000
At time 1785371932.532387794
- Translation: [0.200000323, -0.299904228, 0.849973368]
- Rotation: in Quaternion (xyzw) [0.015440866, 0.126831241, 0.924906969, 0.358081715]
- Rotation: in RPY (radian) [0.248706084, 0.062309479, 2.410616315]
- Rotation: in RPY (degree) [14.249808948, 3.570070162, 138.118140849]
- Matrix:
 -0.743078130 -0.658467780 0.119394626 0.200000323
 0.666301316 -0.711382643 0.223556013 -0.299904228
 -0.062269168 0.245672380 0.967350832 0.849973368
 0.000000000 0.000000000 0.000000000 1.000000000
At time 1785371932.582394773
- Translation: [0.200000323, -0.299904228, 0.849973368]
- Rotation: in Quaternion (xyzw) [0.015440866, 0.126831241, 0.924906969, 0.358081715]
- Rotation: in RPY (radian) [0.248706084, 0.062309479, 2.410616315]
- Rotation: in RPY (degree) [14.249808948, 3.570070162, 138.118140849]
- Matrix:
 -0.743078130 -0.658467780 0.119394626 0.200000323
 0.666301316 -0.711382643 0.223556013 -0.299904228
 -0.062269168 0.245672380 0.967350832 0.849973368
 0.000000000 0.000000000 0.000000000 1.000000000
At time 1785371932.637393189
- Translation: [0.200000323, -0.299904228, 0.849973368]
- Rotation: in Quaternion (xyzw) [0.015440866, 0.126831241, 0.924906969, 0.358081715]
- Rotation: in RPY (radian) [0.248706084, 0.062309479, 2.410616315]
- Rotation: in RPY (degree) [14.249808948, 3.570070162, 138.118140849]
- Matrix:
 -0.743078130 -0.658467780 0.119394626 0.200000323
 0.666301316 -0.711382643 0.223556013 -0.299904228
 -0.062269168 0.245672380 0.967350832 0.849973368
 0.000000000 0.000000000 0.000000000 1.000000000
At time 1785371932.687395418
- Translation: [0.200000323, -0.299904228, 0.849973368]
- Rotation: in Quaternion (xyzw) [0.015440866, 0.126831241, 0.924906969, 0.358081715]
- Rotation: in RPY (radian) [0.248706084, 0.062309479, 2.410616315]
- Rotation: in RPY (degree) [14.249808948, 3.570070162, 138.118140849]
- Matrix:
 -0.743078130 -0.658467780 0.119394626 0.200000323
 0.666301316 -0.711382643 0.223556013 -0.299904228
 -0.062269168 0.245672380 0.967350832 0.849973368
 0.000000000 0.000000000 0.000000000 1.000000000
At time 1785371932.742391459
- Translation: [0.200000323, -0.299904228, 0.849973368]
- Rotation: in Quaternion (xyzw) [0.015440866, 0.126831241, 0.924906969, 0.358081715]
- Rotation: in RPY (radian) [0.248706084, 0.062309479, 2.410616315]
- Rotation: in RPY (degree) [14.249808948, 3.570070162, 138.118140849]
- Matrix:
 -0.743078130 -0.658467780 0.119394626 0.200000323
 0.666301316 -0.711382643 0.223556013 -0.299904228
 -0.062269168 0.245672380 0.967350832 0.849973368
 0.000000000 0.000000000 0.000000000 1.000000000
At time 1785371932.797389875
- Translation: [0.200000323, -0.299904228, 0.849973368]
- Rotation: in Quaternion (xyzw) [0.015440866, 0.126831241, 0.924906969, 0.358081715]
- Rotation: in RPY (radian) [0.248706084, 0.062309479, 2.410616315]
- Rotation: in RPY (degree) [14.249808948, 3.570070162, 138.118140849]
- Matrix:
 -0.743078130 -0.658467780 0.119394626 0.200000323
 0.666301316 -0.711382643 0.223556013 -0.299904228
 -0.062269168 0.245672380 0.967350832 0.849973368
 0.000000000 0.000000000 0.000000000 1.000000000
At time 1785371932.847395666
- Translation: [0.200000323, -0.299904228, 0.849973368]
- Rotation: in Quaternion (xyzw) [0.015440866, 0.126831241, 0.924906969, 0.358081715]
- Rotation: in RPY (radian) [0.248706084, 0.062309479, 2.410616315]
- Rotation: in RPY (degree) [14.249808948, 3.570070162, 138.118140849]
- Matrix:
 -0.743078130 -0.658467780 0.119394626 0.200000323
 0.666301316 -0.711382643 0.223556013 -0.299904228
 -0.062269168 0.245672380 0.967350832 0.849973368
 0.000000000 0.000000000 0.000000000 1.000000000
At time 1785371932.902389332
- Translation: [0.200000323, -0.299904228, 0.849973368]
- Rotation: in Quaternion (xyzw) [0.015440866, 0.126831241, 0.924906969, 0.358081715]
- Rotation: in RPY (radian) [0.248706084, 0.062309479, 2.410616315]
- Rotation: in RPY (degree) [14.249808948, 3.570070162, 138.118140849]
- Matrix:
 -0.743078130 -0.658467780 0.119394626 0.200000323
 0.666301316 -0.711382643 0.223556013 -0.299904228
 -0.062269168 0.245672380 0.967350832 0.849973368
 0.000000000 0.000000000 0.000000000 1.000000000
At time 1785371932.952391562
- Translation: [0.200000323, -0.299904228, 0.849973368]
- Rotation: in Quaternion (xyzw) [0.015440866, 0.126831241, 0.924906969, 0.358081715]
- Rotation: in RPY (radian) [0.248706084, 0.062309479, 2.410616315]
- Rotation: in RPY (degree) [14.249808948, 3.570070162, 138.118140849]
- Matrix:
 -0.743078130 -0.658467780 0.119394626 0.200000323
 0.666301316 -0.711382643 0.223556013 -0.299904228
 -0.062269168 0.245672380 0.967350832 0.849973368
 0.000000000 0.000000000 0.000000000 1.000000000
At time 1785371933.7393540
- Translation: [0.200000323, -0.299904228, 0.849973368]
- Rotation: in Quaternion (xyzw) [0.015440866, 0.126831241, 0.924906969, 0.358081715]
- Rotation: in RPY (radian) [0.248706084, 0.062309479, 2.410616315]
- Rotation: in RPY (degree) [14.249808948, 3.570070162, 138.118140849]
- Matrix:
 -0.743078130 -0.658467780 0.119394626 0.200000323
 0.666301316 -0.711382643 0.223556013 -0.299904228
 -0.062269168 0.245672380 0.967350832 0.849973368
 0.000000000 0.000000000 0.000000000 1.000000000
At time 1785371933.57398144
- Translation: [0.200000323, -0.299904228, 0.849973368]
- Rotation: in Quaternion (xyzw) [0.015440866, 0.126831241, 0.924906969, 0.358081715]
- Rotation: in RPY (radian) [0.248706084, 0.062309479, 2.410616315]
- Rotation: in RPY (degree) [14.249808948, 3.570070162, 138.118140849]
- Matrix:
 -0.743078130 -0.658467780 0.119394626 0.200000323
 0.666301316 -0.711382643 0.223556013 -0.299904228
 -0.062269168 0.245672380 0.967350832 0.849973368
 0.000000000 0.000000000 0.000000000 1.000000000
At time 1785371933.112396559
- Translation: [0.200000323, -0.299904228, 0.849973368]
- Rotation: in Quaternion (xyzw) [0.015440866, 0.126831241, 0.924906969, 0.358081715]
- Rotation: in RPY (radian) [0.248706084, 0.062309479, 2.410616315]
- Rotation: in RPY (degree) [14.249808948, 3.570070162, 138.118140849]
- Matrix:
 -0.743078130 -0.658467780 0.119394626 0.200000323
 0.666301316 -0.711382643 0.223556013 -0.299904228
 -0.062269168 0.245672380 0.967350832 0.849973368
 0.000000000 0.000000000 0.000000000 1.000000000
At time 1785371933.167392600
- Translation: [0.200000323, -0.299904228, 0.849973368]
- Rotation: in Quaternion (xyzw) [0.015440866, 0.126831241, 0.924906969, 0.358081715]
- Rotation: in RPY (radian) [0.248706084, 0.062309479, 2.410616315]
- Rotation: in RPY (degree) [14.249808948, 3.570070162, 138.118140849]
- Matrix:
 -0.743078130 -0.658467780 0.119394626 0.200000323
 0.666301316 -0.711382643 0.223556013 -0.299904228
 -0.062269168 0.245672380 0.967350832 0.849973368
 0.000000000 0.000000000 0.000000000 1.000000000
At time 1785371933.222392203
- Translation: [0.200000323, -0.299904228, 0.849973368]
- Rotation: in Quaternion (xyzw) [0.015440866, 0.126831241, 0.924906969, 0.358081715]
- Rotation: in RPY (radian) [0.248706084, 0.062309479, 2.410616315]
- Rotation: in RPY (degree) [14.249808948, 3.570070162, 138.118140849]
- Matrix:
 -0.743078130 -0.658467780 0.119394626 0.200000323
 0.666301316 -0.711382643 0.223556013 -0.299904228
 -0.062269168 0.245672380 0.967350832 0.849973368
 0.000000000 0.000000000 0.000000000 1.000000000
[INFO] [1785371933.271480207] [rclcpp]: signal_handler(signum=15)
[ros2run]: Received signal:  Terminated
[INFO] [1785371933.272528598] [rclcpp]: signal_handler(signum=15)
