[INFO] [1785371938.094414538] [tf2_echo]: Waiting for transform openarm_body_link0 ->  openarm_right_hand_tcp: Invalid frame ID "openarm_body_link0" passed to canTransform argument target_frame - frame does not exist
At time 1785371938.247397804
- Translation: [0.200000323, -0.299904228, 0.849973368]
- Rotation: in Quaternion (xyzw) [0.015440866, 0.126831241, 0.924906969, 0.358081715]
- Rotation: in RPY (radian) [0.248706084, 0.062309479, 2.410616315]
- Rotation: in RPY (degree) [14.249808948, 3.570070162, 138.118140849]
- Matrix:
 -0.743078130 -0.658467780 0.119394626 0.200000323
 0.666301316 -0.711382643 0.223556013 -0.299904228
 -0.062269168 0.245672380 0.967350832 0.849973368
 0.000000000 0.000000000 0.000000000 1.000000000
At time 1785371938.302392658
- Translation: [0.200000323, -0.299904228, 0.849973368]
- Rotation: in Quaternion (xyzw) [0.015440866, 0.126831241, 0.924906969, 0.358081715]
- Rotation: in RPY (radian) [0.248706084, 0.062309479, 2.410616315]
- Rotation: in RPY (degree) [14.249808948, 3.570070162, 138.118140849]
- Matrix:
 -0.743078130 -0.658467780 0.119394626 0.200000323
 0.666301316 -0.711382643 0.223556013 -0.299904228
 -0.062269168 0.245672380 0.967350832 0.849973368
 0.000000000 0.000000000 0.000000000 1.000000000
At time 1785371938.357385137
- Translation: [0.200000323, -0.299904228, 0.849973368]
- Rotation: in Quaternion (xyzw) [0.015440866, 0.126831241, 0.924906969, 0.358081715]
- Rotation: in RPY (radian) [0.248706084, 0.062309479, 2.410616315]
- Rotation: in RPY (degree) [14.249808948, 3.570070162, 138.118140849]
- Matrix:
 -0.743078130 -0.658467780 0.119394626 0.200000323
 0.666301316 -0.711382643 0.223556013 -0.299904228
 -0.062269168 0.245672380 0.967350832 0.849973368
 0.000000000 0.000000000 0.000000000 1.000000000
At time 1785371938.407388554
- Translation: [0.200000323, -0.299904228, 0.849973368]
- Rotation: in Quaternion (xyzw) [0.015440866, 0.126831241, 0.924906969, 0.358081715]
- Rotation: in RPY (radian) [0.248706084, 0.062309479, 2.410616315]
- Rotation: in RPY (degree) [14.249808948, 3.570070162, 138.118140849]
- Matrix:
 -0.743078130 -0.658467780 0.119394626 0.200000323
 0.666301316 -0.711382643 0.223556013 -0.299904228
 -0.062269168 0.245672380 0.967350832 0.849973368
 0.000000000 0.000000000 0.000000000 1.000000000
At time 1785371938.457391971
- Translation: [0.200000323, -0.299904228, 0.849973368]
- Rotation: in Quaternion (xyzw) [0.015440866, 0.126831241, 0.924906969, 0.358081715]
- Rotation: in RPY (radian) [0.248706084, 0.062309479, 2.410616315]
- Rotation: in RPY (degree) [14.249808948, 3.570070162, 138.118140849]
- Matrix:
 -0.743078130 -0.658467780 0.119394626 0.200000323
 0.666301316 -0.711382643 0.223556013 -0.299904228
 -0.062269168 0.245672380 0.967350832 0.849973368
 0.000000000 0.000000000 0.000000000 1.000000000
At time 1785371938.507393013
- Translation: [0.200000323, -0.299904228, 0.849973368]
- Rotation: in Quaternion (xyzw) [0.015440866, 0.126831241, 0.924906969, 0.358081715]
- Rotation: in RPY (radian) [0.248706084, 0.062309479, 2.410616315]
- Rotation: in RPY (degree) [14.249808948, 3.570070162, 138.118140849]
- Matrix:
 -0.743078130 -0.658467780 0.119394626 0.200000323
 0.666301316 -0.711382643 0.223556013 -0.299904228
 -0.062269168 0.245672380 0.967350832 0.849973368
 0.000000000 0.000000000 0.000000000 1.000000000
At time 1785371938.562385492
- Translation: [0.200000323, -0.299904228, 0.849973368]
- Rotation: in Quaternion (xyzw) [0.015440866, 0.126831241, 0.924906969, 0.358081715]
- Rotation: in RPY (radian) [0.248706084, 0.062309479, 2.410616315]
- Rotation: in RPY (degree) [14.249808948, 3.570070162, 138.118140849]
- Matrix:
 -0.743078130 -0.658467780 0.119394626 0.200000323
 0.666301316 -0.711382643 0.223556013 -0.299904228
 -0.062269168 0.245672380 0.967350832 0.849973368
 0.000000000 0.000000000 0.000000000 1.000000000
At time 1785371938.612387721
- Translation: [0.200000323, -0.299904228, 0.849973368]
- Rotation: in Quaternion (xyzw) [0.015440866, 0.126831241, 0.924906969, 0.358081715]
- Rotation: in RPY (radian) [0.248706084, 0.062309479, 2.410616315]
- Rotation: in RPY (degree) [14.249808948, 3.570070162, 138.118140849]
- Matrix:
 -0.743078130 -0.658467780 0.119394626 0.200000323
 0.666301316 -0.711382643 0.223556013 -0.299904228
 -0.062269168 0.245672380 0.967350832 0.849973368
 0.000000000 0.000000000 0.000000000 1.000000000
At time 1785371938.662388764
- Translation: [0.200000323, -0.299904228, 0.849973368]
- Rotation: in Quaternion (xyzw) [0.015440866, 0.126831241, 0.924906969, 0.358081715]
- Rotation: in RPY (radian) [0.248706084, 0.062309479, 2.410616315]
- Rotation: in RPY (degree) [14.249808948, 3.570070162, 138.118140849]
- Matrix:
 -0.743078130 -0.658467780 0.119394626 0.200000323
 0.666301316 -0.711382643 0.223556013 -0.299904228
 -0.062269168 0.245672380 0.967350832 0.849973368
 0.000000000 0.000000000 0.000000000 1.000000000
At time 1785371938.717394303
- Translation: [0.200000323, -0.299904228, 0.849973368]
- Rotation: in Quaternion (xyzw) [0.015440866, 0.126831241, 0.924906969, 0.358081715]
- Rotation: in RPY (radian) [0.248706084, 0.062309479, 2.410616315]
- Rotation: in RPY (degree) [14.249808948, 3.570070162, 138.118140849]
- Matrix:
 -0.743078130 -0.658467780 0.119394626 0.200000323
 0.666301316 -0.711382643 0.223556013 -0.299904228
 -0.062269168 0.245672380 0.967350832 0.849973368
 0.000000000 0.000000000 0.000000000 1.000000000
At time 1785371938.772391531
- Translation: [0.200000323, -0.299904228, 0.849973368]
- Rotation: in Quaternion (xyzw) [0.015440866, 0.126831241, 0.924906969, 0.358081715]
- Rotation: in RPY (radian) [0.248706084, 0.062309479, 2.410616315]
- Rotation: in RPY (degree) [14.249808948, 3.570070162, 138.118140849]
- Matrix:
 -0.743078130 -0.658467780 0.119394626 0.200000323
 0.666301316 -0.711382643 0.223556013 -0.299904228
 -0.062269168 0.245672380 0.967350832 0.849973368
 0.000000000 0.000000000 0.000000000 1.000000000
At time 1785371938.822394948
- Translation: [0.200000323, -0.299904228, 0.849973368]
- Rotation: in Quaternion (xyzw) [0.015440866, 0.126831241, 0.924906969, 0.358081715]
- Rotation: in RPY (radian) [0.248706084, 0.062309479, 2.410616315]
- Rotation: in RPY (degree) [14.249808948, 3.570070162, 138.118140849]
- Matrix:
 -0.743078130 -0.658467780 0.119394626 0.200000323
 0.666301316 -0.711382643 0.223556013 -0.299904228
 -0.062269168 0.245672380 0.967350832 0.849973368
 0.000000000 0.000000000 0.000000000 1.000000000
At time 1785371938.877389802
- Translation: [0.200000323, -0.299904228, 0.849973368]
- Rotation: in Quaternion (xyzw) [0.015440866, 0.126831241, 0.924906969, 0.358081715]
- Rotation: in RPY (radian) [0.248706084, 0.062309479, 2.410616315]
- Rotation: in RPY (degree) [14.249808948, 3.570070162, 138.118140849]
- Matrix:
 -0.743078130 -0.658467780 0.119394626 0.200000323
 0.666301316 -0.711382643 0.223556013 -0.299904228
 -0.062269168 0.245672380 0.967350832 0.849973368
 0.000000000 0.000000000 0.000000000 1.000000000
At time 1785371938.877389802
- Translation: [0.200000323, -0.299904228, 0.849973368]
- Rotation: in Quaternion (xyzw) [0.015440866, 0.126831241, 0.924906969, 0.358081715]
- Rotation: in RPY (radian) [0.248706084, 0.062309479, 2.410616315]
- Rotation: in RPY (degree) [14.249808948, 3.570070162, 138.118140849]
- Matrix:
 -0.743078130 -0.658467780 0.119394626 0.200000323
 0.666301316 -0.711382643 0.223556013 -0.299904228
 -0.062269168 0.245672380 0.967350832 0.849973368
 0.000000000 0.000000000 0.000000000 1.000000000
At time 1785371938.932391779
- Translation: [0.200000323, -0.299904228, 0.849973368]
- Rotation: in Quaternion (xyzw) [0.015440866, 0.126831241, 0.924906969, 0.358081715]
- Rotation: in RPY (radian) [0.248706084, 0.062309479, 2.410616315]
- Rotation: in RPY (degree) [14.249808948, 3.570070162, 138.118140849]
- Matrix:
 -0.743078130 -0.658467780 0.119394626 0.200000323
 0.666301316 -0.711382643 0.223556013 -0.299904228
 -0.062269168 0.245672380 0.967350832 0.849973368
 0.000000000 0.000000000 0.000000000 1.000000000
At time 1785371938.987384258
- Translation: [0.200000323, -0.299904228, 0.849973368]
- Rotation: in Quaternion (xyzw) [0.015440866, 0.126831241, 0.924906969, 0.358081715]
- Rotation: in RPY (radian) [0.248706084, 0.062309479, 2.410616315]
- Rotation: in RPY (degree) [14.249808948, 3.570070162, 138.118140849]
- Matrix:
 -0.743078130 -0.658467780 0.119394626 0.200000323
 0.666301316 -0.711382643 0.223556013 -0.299904228
 -0.062269168 0.245672380 0.967350832 0.849973368
 0.000000000 0.000000000 0.000000000 1.000000000
At time 1785371939.37385301
- Translation: [0.200000323, -0.299904228, 0.849973368]
- Rotation: in Quaternion (xyzw) [0.015440866, 0.126831241, 0.924906969, 0.358081715]
- Rotation: in RPY (radian) [0.248706084, 0.062309479, 2.410616315]
- Rotation: in RPY (degree) [14.249808948, 3.570070162, 138.118140849]
- Matrix:
 -0.743078130 -0.658467780 0.119394626 0.200000323
 0.666301316 -0.711382643 0.223556013 -0.299904228
 -0.062269168 0.245672380 0.967350832 0.849973368
 0.000000000 0.000000000 0.000000000 1.000000000
At time 1785371939.87388717
- Translation: [0.200000323, -0.299904228, 0.849973368]
- Rotation: in Quaternion (xyzw) [0.015440866, 0.126831241, 0.924906969, 0.358081715]
- Rotation: in RPY (radian) [0.248706084, 0.062309479, 2.410616315]
- Rotation: in RPY (degree) [14.249808948, 3.570070162, 138.118140849]
- Matrix:
 -0.743078130 -0.658467780 0.119394626 0.200000323
 0.666301316 -0.711382643 0.223556013 -0.299904228
 -0.062269168 0.245672380 0.967350832 0.849973368
 0.000000000 0.000000000 0.000000000 1.000000000
At time 1785371939.137389760
- Translation: [0.200000323, -0.299904228, 0.849973368]
- Rotation: in Quaternion (xyzw) [0.015440866, 0.126831241, 0.924906969, 0.358081715]
- Rotation: in RPY (radian) [0.248706084, 0.062309479, 2.410616315]
- Rotation: in RPY (degree) [14.249808948, 3.570070162, 138.118140849]
- Matrix:
 -0.743078130 -0.658467780 0.119394626 0.200000323
 0.666301316 -0.711382643 0.223556013 -0.299904228
 -0.062269168 0.245672380 0.967350832 0.849973368
 0.000000000 0.000000000 0.000000000 1.000000000
At time 1785371939.187391989
- Translation: [0.200000323, -0.299904228, 0.849973368]
- Rotation: in Quaternion (xyzw) [0.015440866, 0.126831241, 0.924906969, 0.358081715]
- Rotation: in RPY (radian) [0.248706084, 0.062309479, 2.410616315]
- Rotation: in RPY (degree) [14.249808948, 3.570070162, 138.118140849]
- Matrix:
 -0.743078130 -0.658467780 0.119394626 0.200000323
 0.666301316 -0.711382643 0.223556013 -0.299904228
 -0.062269168 0.245672380 0.967350832 0.849973368
 0.000000000 0.000000000 0.000000000 1.000000000
At time 1785371939.242385655
- Translation: [0.200000323, -0.299904228, 0.849973368]
- Rotation: in Quaternion (xyzw) [0.015440866, 0.126831241, 0.924906969, 0.358081715]
- Rotation: in RPY (radian) [0.248706084, 0.062309479, 2.410616315]
- Rotation: in RPY (degree) [14.249808948, 3.570070162, 138.118140849]
- Matrix:
 -0.743078130 -0.658467780 0.119394626 0.200000323
 0.666301316 -0.711382643 0.223556013 -0.299904228
 -0.062269168 0.245672380 0.967350832 0.849973368
 0.000000000 0.000000000 0.000000000 1.000000000
At time 1785371939.292387885
- Translation: [0.200000323, -0.299904228, 0.849973368]
- Rotation: in Quaternion (xyzw) [0.015440866, 0.126831241, 0.924906969, 0.358081715]
- Rotation: in RPY (radian) [0.248706084, 0.062309479, 2.410616315]
- Rotation: in RPY (degree) [14.249808948, 3.570070162, 138.118140849]
- Matrix:
 -0.743078130 -0.658467780 0.119394626 0.200000323
 0.666301316 -0.711382643 0.223556013 -0.299904228
 -0.062269168 0.245672380 0.967350832 0.849973368
 0.000000000 0.000000000 0.000000000 1.000000000
At time 1785371939.342412673
- Translation: [0.200000323, -0.299904228, 0.849973368]
- Rotation: in Quaternion (xyzw) [0.015440866, 0.126831241, 0.924906969, 0.358081715]
- Rotation: in RPY (radian) [0.248706084, 0.062309479, 2.410616315]
- Rotation: in RPY (degree) [14.249808948, 3.570070162, 138.118140849]
- Matrix:
 -0.743078130 -0.658467780 0.119394626 0.200000323
 0.666301316 -0.711382643 0.223556013 -0.299904228
 -0.062269168 0.245672380 0.967350832 0.849973368
 0.000000000 0.000000000 0.000000000 1.000000000
At time 1785371939.397382594
- Translation: [0.200000323, -0.299904228, 0.849973368]
- Rotation: in Quaternion (xyzw) [0.015440866, 0.126831241, 0.924906969, 0.358081715]
- Rotation: in RPY (radian) [0.248706084, 0.062309479, 2.410616315]
- Rotation: in RPY (degree) [14.249808948, 3.570070162, 138.118140849]
- Matrix:
 -0.743078130 -0.658467780 0.119394626 0.200000323
 0.666301316 -0.711382643 0.223556013 -0.299904228
 -0.062269168 0.245672380 0.967350832 0.849973368
 0.000000000 0.000000000 0.000000000 1.000000000
At time 1785371939.447397883
- Translation: [0.200000323, -0.299904228, 0.849973368]
- Rotation: in Quaternion (xyzw) [0.015440866, 0.126831241, 0.924906969, 0.358081715]
- Rotation: in RPY (radian) [0.248706084, 0.062309479, 2.410616315]
- Rotation: in RPY (degree) [14.249808948, 3.570070162, 138.118140849]
- Matrix:
 -0.743078130 -0.658467780 0.119394626 0.200000323
 0.666301316 -0.711382643 0.223556013 -0.299904228
 -0.062269168 0.245672380 0.967350832 0.849973368
 0.000000000 0.000000000 0.000000000 1.000000000
At time 1785371939.502393924
- Translation: [0.200000323, -0.299904228, 0.849973368]
- Rotation: in Quaternion (xyzw) [0.015440866, 0.126831241, 0.924906969, 0.358081715]
- Rotation: in RPY (radian) [0.248706084, 0.062309479, 2.410616315]
- Rotation: in RPY (degree) [14.249808948, 3.570070162, 138.118140849]
- Matrix:
 -0.743078130 -0.658467780 0.119394626 0.200000323
 0.666301316 -0.711382643 0.223556013 -0.299904228
 -0.062269168 0.245672380 0.967350832 0.849973368
 0.000000000 0.000000000 0.000000000 1.000000000
At time 1785371939.557391153
- Translation: [0.200000323, -0.299904228, 0.849973368]
- Rotation: in Quaternion (xyzw) [0.015440866, 0.126831241, 0.924906969, 0.358081715]
- Rotation: in RPY (radian) [0.248706084, 0.062309479, 2.410616315]
- Rotation: in RPY (degree) [14.249808948, 3.570070162, 138.118140849]
- Matrix:
 -0.743078130 -0.658467780 0.119394626 0.200000323
 0.666301316 -0.711382643 0.223556013 -0.299904228
 -0.062269168 0.245672380 0.967350832 0.849973368
 0.000000000 0.000000000 0.000000000 1.000000000
At time 1785371939.612389568
- Translation: [0.200000323, -0.299904228, 0.849973368]
- Rotation: in Quaternion (xyzw) [0.015440866, 0.126831241, 0.924906969, 0.358081715]
- Rotation: in RPY (radian) [0.248706084, 0.062309479, 2.410616315]
- Rotation: in RPY (degree) [14.249808948, 3.570070162, 138.118140849]
- Matrix:
 -0.743078130 -0.658467780 0.119394626 0.200000323
 0.666301316 -0.711382643 0.223556013 -0.299904228
 -0.062269168 0.245672380 0.967350832 0.849973368
 0.000000000 0.000000000 0.000000000 1.000000000
At time 1785371939.662391798
- Translation: [0.200000323, -0.299904228, 0.849973368]
- Rotation: in Quaternion (xyzw) [0.015440866, 0.126831241, 0.924906969, 0.358081715]
- Rotation: in RPY (radian) [0.248706084, 0.062309479, 2.410616315]
- Rotation: in RPY (degree) [14.249808948, 3.570070162, 138.118140849]
- Matrix:
 -0.743078130 -0.658467780 0.119394626 0.200000323
 0.666301316 -0.711382643 0.223556013 -0.299904228
 -0.062269168 0.245672380 0.967350832 0.849973368
 0.000000000 0.000000000 0.000000000 1.000000000
At time 1785371939.717392588
- Translation: [0.200000323, -0.299904228, 0.849973368]
- Rotation: in Quaternion (xyzw) [0.015440866, 0.126831241, 0.924906969, 0.358081715]
- Rotation: in RPY (radian) [0.248706084, 0.062309479, 2.410616315]
- Rotation: in RPY (degree) [14.249808948, 3.570070162, 138.118140849]
- Matrix:
 -0.743078130 -0.658467780 0.119394626 0.200000323
 0.666301316 -0.711382643 0.223556013 -0.299904228
 -0.062269168 0.245672380 0.967350832 0.849973368
 0.000000000 0.000000000 0.000000000 1.000000000
At time 1785371939.772393378
- Translation: [0.200000323, -0.299904228, 0.849973368]
- Rotation: in Quaternion (xyzw) [0.015440866, 0.126831241, 0.924906969, 0.358081715]
- Rotation: in RPY (radian) [0.248706084, 0.062309479, 2.410616315]
- Rotation: in RPY (degree) [14.249808948, 3.570070162, 138.118140849]
- Matrix:
 -0.743078130 -0.658467780 0.119394626 0.200000323
 0.666301316 -0.711382643 0.223556013 -0.299904228
 -0.062269168 0.245672380 0.967350832 0.849973368
 0.000000000 0.000000000 0.000000000 1.000000000
At time 1785371939.827388232
- Translation: [0.200000323, -0.299904228, 0.849973368]
- Rotation: in Quaternion (xyzw) [0.015440866, 0.126831241, 0.924906969, 0.358081715]
- Rotation: in RPY (radian) [0.248706084, 0.062309479, 2.410616315]
- Rotation: in RPY (degree) [14.249808948, 3.570070162, 138.118140849]
- Matrix:
 -0.743078130 -0.658467780 0.119394626 0.200000323
 0.666301316 -0.711382643 0.223556013 -0.299904228
 -0.062269168 0.245672380 0.967350832 0.849973368
 0.000000000 0.000000000 0.000000000 1.000000000
At time 1785371939.877395211
- Translation: [0.200000323, -0.299904228, 0.849973368]
- Rotation: in Quaternion (xyzw) [0.015440866, 0.126831241, 0.924906969, 0.358081715]
- Rotation: in RPY (radian) [0.248706084, 0.062309479, 2.410616315]
- Rotation: in RPY (degree) [14.249808948, 3.570070162, 138.118140849]
- Matrix:
 -0.743078130 -0.658467780 0.119394626 0.200000323
 0.666301316 -0.711382643 0.223556013 -0.299904228
 -0.062269168 0.245672380 0.967350832 0.849973368
 0.000000000 0.000000000 0.000000000 1.000000000
At time 1785371939.877395211
- Translation: [0.200000323, -0.299904228, 0.849973368]
- Rotation: in Quaternion (xyzw) [0.015440866, 0.126831241, 0.924906969, 0.358081715]
- Rotation: in RPY (radian) [0.248706084, 0.062309479, 2.410616315]
- Rotation: in RPY (degree) [14.249808948, 3.570070162, 138.118140849]
- Matrix:
 -0.743078130 -0.658467780 0.119394626 0.200000323
 0.666301316 -0.711382643 0.223556013 -0.299904228
 -0.062269168 0.245672380 0.967350832 0.849973368
 0.000000000 0.000000000 0.000000000 1.000000000
At time 1785371939.932387690
- Translation: [0.200000323, -0.299904228, 0.849973368]
- Rotation: in Quaternion (xyzw) [0.015440866, 0.126831241, 0.924906969, 0.358081715]
- Rotation: in RPY (radian) [0.248706084, 0.062309479, 2.410616315]
- Rotation: in RPY (degree) [14.249808948, 3.570070162, 138.118140849]
- Matrix:
 -0.743078130 -0.658467780 0.119394626 0.200000323
 0.666301316 -0.711382643 0.223556013 -0.299904228
 -0.062269168 0.245672380 0.967350832 0.849973368
 0.000000000 0.000000000 0.000000000 1.000000000
At time 1785371939.985088667
- Translation: [0.200000323, -0.299904228, 0.849973368]
- Rotation: in Quaternion (xyzw) [0.015440866, 0.126831241, 0.924906969, 0.358081715]
- Rotation: in RPY (radian) [0.248706084, 0.062309479, 2.410616315]
- Rotation: in RPY (degree) [14.249808948, 3.570070162, 138.118140849]
- Matrix:
 -0.743078130 -0.658467780 0.119394626 0.200000323
 0.666301316 -0.711382643 0.223556013 -0.299904228
 -0.062269168 0.245672380 0.967350832 0.849973368
 0.000000000 0.000000000 0.000000000 1.000000000
At time 1785371940.37395459
- Translation: [0.200000323, -0.299904228, 0.849973368]
- Rotation: in Quaternion (xyzw) [0.015440866, 0.126831241, 0.924906969, 0.358081715]
- Rotation: in RPY (radian) [0.248706084, 0.062309479, 2.410616315]
- Rotation: in RPY (degree) [14.249808948, 3.570070162, 138.118140849]
- Matrix:
 -0.743078130 -0.658467780 0.119394626 0.200000323
 0.666301316 -0.711382643 0.223556013 -0.299904228
 -0.062269168 0.245672380 0.967350832 0.849973368
 0.000000000 0.000000000 0.000000000 1.000000000
At time 1785371940.92384376
- Translation: [0.200000323, -0.299904228, 0.849973368]
- Rotation: in Quaternion (xyzw) [0.015440866, 0.126831241, 0.924906969, 0.358081715]
- Rotation: in RPY (radian) [0.248706084, 0.062309479, 2.410616315]
- Rotation: in RPY (degree) [14.249808948, 3.570070162, 138.118140849]
- Matrix:
 -0.743078130 -0.658467780 0.119394626 0.200000323
 0.666301316 -0.711382643 0.223556013 -0.299904228
 -0.062269168 0.245672380 0.967350832 0.849973368
 0.000000000 0.000000000 0.000000000 1.000000000
At time 1785371940.142392542
- Translation: [0.200000323, -0.299904228, 0.849973368]
- Rotation: in Quaternion (xyzw) [0.015440866, 0.126831241, 0.924906969, 0.358081715]
- Rotation: in RPY (radian) [0.248706084, 0.062309479, 2.410616315]
- Rotation: in RPY (degree) [14.249808948, 3.570070162, 138.118140849]
- Matrix:
 -0.743078130 -0.658467780 0.119394626 0.200000323
 0.666301316 -0.711382643 0.223556013 -0.299904228
 -0.062269168 0.245672380 0.967350832 0.849973368
 0.000000000 0.000000000 0.000000000 1.000000000
At time 1785371940.192393584
- Translation: [0.200000323, -0.299904228, 0.849973368]
- Rotation: in Quaternion (xyzw) [0.015440866, 0.126831241, 0.924906969, 0.358081715]
- Rotation: in RPY (radian) [0.248706084, 0.062309479, 2.410616315]
- Rotation: in RPY (degree) [14.249808948, 3.570070162, 138.118140849]
- Matrix:
 -0.743078130 -0.658467780 0.119394626 0.200000323
 0.666301316 -0.711382643 0.223556013 -0.299904228
 -0.062269168 0.245672380 0.967350832 0.849973368
 0.000000000 0.000000000 0.000000000 1.000000000
At time 1785371940.247386063
- Translation: [0.200000323, -0.299904228, 0.849973368]
- Rotation: in Quaternion (xyzw) [0.015440866, 0.126831241, 0.924906969, 0.358081715]
- Rotation: in RPY (radian) [0.248706084, 0.062309479, 2.410616315]
- Rotation: in RPY (degree) [14.249808948, 3.570070162, 138.118140849]
- Matrix:
 -0.743078130 -0.658467780 0.119394626 0.200000323
 0.666301316 -0.711382643 0.223556013 -0.299904228
 -0.062269168 0.245672380 0.967350832 0.849973368
 0.000000000 0.000000000 0.000000000 1.000000000
At time 1785371940.297393042
- Translation: [0.200000323, -0.299904228, 0.849973368]
- Rotation: in Quaternion (xyzw) [0.015440866, 0.126831241, 0.924906969, 0.358081715]
- Rotation: in RPY (radian) [0.248706084, 0.062309479, 2.410616315]
- Rotation: in RPY (degree) [14.249808948, 3.570070162, 138.118140849]
- Matrix:
 -0.743078130 -0.658467780 0.119394626 0.200000323
 0.666301316 -0.711382643 0.223556013 -0.299904228
 -0.062269168 0.245672380 0.967350832 0.849973368
 0.000000000 0.000000000 0.000000000 1.000000000
At time 1785371940.352393832
- Translation: [0.200000323, -0.299904228, 0.849973368]
- Rotation: in Quaternion (xyzw) [0.015440866, 0.126831241, 0.924906969, 0.358081715]
- Rotation: in RPY (radian) [0.248706084, 0.062309479, 2.410616315]
- Rotation: in RPY (degree) [14.249808948, 3.570070162, 138.118140849]
- Matrix:
 -0.743078130 -0.658467780 0.119394626 0.200000323
 0.666301316 -0.711382643 0.223556013 -0.299904228
 -0.062269168 0.245672380 0.967350832 0.849973368
 0.000000000 0.000000000 0.000000000 1.000000000
At time 1785371940.407394622
- Translation: [0.200000323, -0.299904228, 0.849973368]
- Rotation: in Quaternion (xyzw) [0.015440866, 0.126831241, 0.924906969, 0.358081715]
- Rotation: in RPY (radian) [0.248706084, 0.062309479, 2.410616315]
- Rotation: in RPY (degree) [14.249808948, 3.570070162, 138.118140849]
- Matrix:
 -0.743078130 -0.658467780 0.119394626 0.200000323
 0.666301316 -0.711382643 0.223556013 -0.299904228
 -0.062269168 0.245672380 0.967350832 0.849973368
 0.000000000 0.000000000 0.000000000 1.000000000
At time 1785371940.462385914
- Translation: [0.200000323, -0.299904228, 0.849973368]
- Rotation: in Quaternion (xyzw) [0.015440866, 0.126831241, 0.924906969, 0.358081715]
- Rotation: in RPY (radian) [0.248706084, 0.062309479, 2.410616315]
- Rotation: in RPY (degree) [14.249808948, 3.570070162, 138.118140849]
- Matrix:
 -0.743078130 -0.658467780 0.119394626 0.200000323
 0.666301316 -0.711382643 0.223556013 -0.299904228
 -0.062269168 0.245672380 0.967350832 0.849973368
 0.000000000 0.000000000 0.000000000 1.000000000
At time 1785371940.512391706
- Translation: [0.200000323, -0.299904228, 0.849973368]
- Rotation: in Quaternion (xyzw) [0.015440866, 0.126831241, 0.924906969, 0.358081715]
- Rotation: in RPY (radian) [0.248706084, 0.062309479, 2.410616315]
- Rotation: in RPY (degree) [14.249808948, 3.570070162, 138.118140849]
- Matrix:
 -0.743078130 -0.658467780 0.119394626 0.200000323
 0.666301316 -0.711382643 0.223556013 -0.299904228
 -0.062269168 0.245672380 0.967350832 0.849973368
 0.000000000 0.000000000 0.000000000 1.000000000
At time 1785371940.567386559
- Translation: [0.200000323, -0.299904228, 0.849973368]
- Rotation: in Quaternion (xyzw) [0.015440866, 0.126831241, 0.924906969, 0.358081715]
- Rotation: in RPY (radian) [0.248706084, 0.062309479, 2.410616315]
- Rotation: in RPY (degree) [14.249808948, 3.570070162, 138.118140849]
- Matrix:
 -0.743078130 -0.658467780 0.119394626 0.200000323
 0.666301316 -0.711382643 0.223556013 -0.299904228
 -0.062269168 0.245672380 0.967350832 0.849973368
 0.000000000 0.000000000 0.000000000 1.000000000
At time 1785371940.617391164
- Translation: [0.200000323, -0.299904228, 0.849973368]
- Rotation: in Quaternion (xyzw) [0.015440866, 0.126831241, 0.924906969, 0.358081715]
- Rotation: in RPY (radian) [0.248706084, 0.062309479, 2.410616315]
- Rotation: in RPY (degree) [14.249808948, 3.570070162, 138.118140849]
- Matrix:
 -0.743078130 -0.658467780 0.119394626 0.200000323
 0.666301316 -0.711382643 0.223556013 -0.299904228
 -0.062269168 0.245672380 0.967350832 0.849973368
 0.000000000 0.000000000 0.000000000 1.000000000
At time 1785371940.667395768
- Translation: [0.200000323, -0.299904228, 0.849973368]
- Rotation: in Quaternion (xyzw) [0.015440866, 0.126831241, 0.924906969, 0.358081715]
- Rotation: in RPY (radian) [0.248706084, 0.062309479, 2.410616315]
- Rotation: in RPY (degree) [14.249808948, 3.570070162, 138.118140849]
- Matrix:
 -0.743078130 -0.658467780 0.119394626 0.200000323
 0.666301316 -0.711382643 0.223556013 -0.299904228
 -0.062269168 0.245672380 0.967350832 0.849973368
 0.000000000 0.000000000 0.000000000 1.000000000
At time 1785371940.722391809
- Translation: [0.200000323, -0.299904228, 0.849973368]
- Rotation: in Quaternion (xyzw) [0.015440866, 0.126831241, 0.924906969, 0.358081715]
- Rotation: in RPY (radian) [0.248706084, 0.062309479, 2.410616315]
- Rotation: in RPY (degree) [14.249808948, 3.570070162, 138.118140849]
- Matrix:
 -0.743078130 -0.658467780 0.119394626 0.200000323
 0.666301316 -0.711382643 0.223556013 -0.299904228
 -0.062269168 0.245672380 0.967350832 0.849973368
 0.000000000 0.000000000 0.000000000 1.000000000
At time 1785371940.777390224
- Translation: [0.200000323, -0.299904228, 0.849973368]
- Rotation: in Quaternion (xyzw) [0.015440866, 0.126831241, 0.924906969, 0.358081715]
- Rotation: in RPY (radian) [0.248706084, 0.062309479, 2.410616315]
- Rotation: in RPY (degree) [14.249808948, 3.570070162, 138.118140849]
- Matrix:
 -0.743078130 -0.658467780 0.119394626 0.200000323
 0.666301316 -0.711382643 0.223556013 -0.299904228
 -0.062269168 0.245672380 0.967350832 0.849973368
 0.000000000 0.000000000 0.000000000 1.000000000
[INFO] [1785371940.827331901] [rclcpp]: signal_handler(signum=15)
[ros2run]: Received signal:  Terminated
[INFO] [1785371940.828875400] [rclcpp]: signal_handler(signum=15)
