[INFO] [1785371899.769634995] [tf2_echo]: Waiting for transform openarm_body_link0 ->  openarm_left_hand_tcp: Invalid frame ID "openarm_body_link0" passed to canTransform argument target_frame - frame does not exist
At time 1785371899.947392600
- Translation: [0.079796132, 0.153463844, 0.084001794]
- Rotation: in Quaternion (xyzw) [-0.995012823, 0.000059578, -0.099747068, -0.000001827]
- Rotation: in RPY (radian) [-3.141584237, -0.199826437, -0.000120597]
- Rotation: in RPY (degree) [-179.999517779, -11.449211485, -0.006909727]
- Matrix:
 0.980101038 -0.000118927 0.198499224 0.079796132
 -0.000118198 -0.999999993 -0.000015522 0.153463844
 0.198499225 -0.000008249 -0.980101045 0.084001794
 0.000000000 0.000000000 0.000000000 1.000000000
At time 1785371899.997396017
- Translation: [0.079796132, 0.153463844, 0.084001794]
- Rotation: in Quaternion (xyzw) [-0.995012823, 0.000059578, -0.099747068, -0.000001827]
- Rotation: in RPY (radian) [-3.141584237, -0.199826437, -0.000120597]
- Rotation: in RPY (degree) [-179.999517779, -11.449211485, -0.006909727]
- Matrix:
 0.980101038 -0.000118927 0.198499224 0.079796132
 -0.000118198 -0.999999993 -0.000015522 0.153463844
 0.198499225 -0.000008249 -0.980101045 0.084001794
 0.000000000 0.000000000 0.000000000 1.000000000
At time 1785371900.52389683
- Translation: [0.079796132, 0.153463844, 0.084001794]
- Rotation: in Quaternion (xyzw) [-0.995012823, 0.000059578, -0.099747068, -0.000001827]
- Rotation: in RPY (radian) [-3.141584237, -0.199826437, -0.000120597]
- Rotation: in RPY (degree) [-179.999517779, -11.449211485, -0.006909727]
- Matrix:
 0.980101038 -0.000118927 0.198499224 0.079796132
 -0.000118198 -0.999999993 -0.000015522 0.153463844
 0.198499225 -0.000008249 -0.980101045 0.084001794
 0.000000000 0.000000000 0.000000000 1.000000000
At time 1785371900.52389683
- Translation: [0.079796132, 0.153463844, 0.084001794]
- Rotation: in Quaternion (xyzw) [-0.995012823, 0.000059578, -0.099747068, -0.000001827]
- Rotation: in RPY (radian) [-3.141584237, -0.199826437, -0.000120597]
- Rotation: in RPY (degree) [-179.999517779, -11.449211485, -0.006909727]
- Matrix:
 0.980101038 -0.000118927 0.198499224 0.079796132
 -0.000118198 -0.999999993 -0.000015522 0.153463844
 0.198499225 -0.000008249 -0.980101045 0.084001794
 0.000000000 0.000000000 0.000000000 1.000000000
At time 1785371900.107389286
- Translation: [0.079796132, 0.153463844, 0.084001794]
- Rotation: in Quaternion (xyzw) [-0.995012823, 0.000059578, -0.099747068, -0.000001827]
- Rotation: in RPY (radian) [-3.141584237, -0.199826437, -0.000120597]
- Rotation: in RPY (degree) [-179.999517779, -11.449211485, -0.006909727]
- Matrix:
 0.980101038 -0.000118927 0.198499224 0.079796132
 -0.000118198 -0.999999993 -0.000015522 0.153463844
 0.198499225 -0.000008249 -0.980101045 0.084001794
 0.000000000 0.000000000 0.000000000 1.000000000
At time 1785371900.162388889
- Translation: [0.079796132, 0.153463844, 0.084001794]
- Rotation: in Quaternion (xyzw) [-0.995012823, 0.000059578, -0.099747068, -0.000001827]
- Rotation: in RPY (radian) [-3.141584237, -0.199826437, -0.000120597]
- Rotation: in RPY (degree) [-179.999517779, -11.449211485, -0.006909727]
- Matrix:
 0.980101038 -0.000118927 0.198499224 0.079796132
 -0.000118198 -0.999999993 -0.000015522 0.153463844
 0.198499225 -0.000008249 -0.980101045 0.084001794
 0.000000000 0.000000000 0.000000000 1.000000000
At time 1785371900.217384930
- Translation: [0.079796132, 0.153463844, 0.084001794]
- Rotation: in Quaternion (xyzw) [-0.995012823, 0.000059578, -0.099747068, -0.000001827]
- Rotation: in RPY (radian) [-3.141584237, -0.199826437, -0.000120597]
- Rotation: in RPY (degree) [-179.999517779, -11.449211485, -0.006909727]
- Matrix:
 0.980101038 -0.000118927 0.198499224 0.079796132
 -0.000118198 -0.999999993 -0.000015522 0.153463844
 0.198499225 -0.000008249 -0.980101045 0.084001794
 0.000000000 0.000000000 0.000000000 1.000000000
At time 1785371900.267388347
- Translation: [0.079796132, 0.153463844, 0.084001794]
- Rotation: in Quaternion (xyzw) [-0.995012823, 0.000059578, -0.099747068, -0.000001827]
- Rotation: in RPY (radian) [-3.141584237, -0.199826437, -0.000120597]
- Rotation: in RPY (degree) [-179.999517779, -11.449211485, -0.006909727]
- Matrix:
 0.980101038 -0.000118927 0.198499224 0.079796132
 -0.000118198 -0.999999993 -0.000015522 0.153463844
 0.198499225 -0.000008249 -0.980101045 0.084001794
 0.000000000 0.000000000 0.000000000 1.000000000
At time 1785371900.322389137
- Translation: [0.079796132, 0.153463844, 0.084001794]
- Rotation: in Quaternion (xyzw) [-0.995012823, 0.000059578, -0.099747068, -0.000001827]
- Rotation: in RPY (radian) [-3.141584237, -0.199826437, -0.000120597]
- Rotation: in RPY (degree) [-179.999517779, -11.449211485, -0.006909727]
- Matrix:
 0.980101038 -0.000118927 0.198499224 0.079796132
 -0.000118198 -0.999999993 -0.000015522 0.153463844
 0.198499225 -0.000008249 -0.980101045 0.084001794
 0.000000000 0.000000000 0.000000000 1.000000000
At time 1785371900.372407989
- Translation: [0.079796132, 0.153463844, 0.084001794]
- Rotation: in Quaternion (xyzw) [-0.995012823, 0.000059578, -0.099747068, -0.000001827]
- Rotation: in RPY (radian) [-3.141584237, -0.199826437, -0.000120597]
- Rotation: in RPY (degree) [-179.999517779, -11.449211485, -0.006909727]
- Matrix:
 0.980101038 -0.000118927 0.198499224 0.079796132
 -0.000118198 -0.999999993 -0.000015522 0.153463844
 0.198499225 -0.000008249 -0.980101045 0.084001794
 0.000000000 0.000000000 0.000000000 1.000000000
At time 1785371900.427395719
- Translation: [0.079796132, 0.153463844, 0.084001794]
- Rotation: in Quaternion (xyzw) [-0.995012823, 0.000059578, -0.099747068, -0.000001827]
- Rotation: in RPY (radian) [-3.141584237, -0.199826437, -0.000120597]
- Rotation: in RPY (degree) [-179.999517779, -11.449211485, -0.006909727]
- Matrix:
 0.980101038 -0.000118927 0.198499224 0.079796132
 -0.000118198 -0.999999993 -0.000015522 0.153463844
 0.198499225 -0.000008249 -0.980101045 0.084001794
 0.000000000 0.000000000 0.000000000 1.000000000
At time 1785371900.482383449
- Translation: [0.079796132, 0.153463844, 0.084001794]
- Rotation: in Quaternion (xyzw) [-0.995012823, 0.000059578, -0.099747068, -0.000001827]
- Rotation: in RPY (radian) [-3.141584237, -0.199826437, -0.000120597]
- Rotation: in RPY (degree) [-179.999517779, -11.449211485, -0.006909727]
- Matrix:
 0.980101038 -0.000118927 0.198499224 0.079796132
 -0.000118198 -0.999999993 -0.000015522 0.153463844
 0.198499225 -0.000008249 -0.980101045 0.084001794
 0.000000000 0.000000000 0.000000000 1.000000000
At time 1785371900.532389240
- Translation: [0.079796132, 0.153463844, 0.084001794]
- Rotation: in Quaternion (xyzw) [-0.995012823, 0.000059578, -0.099747068, -0.000001827]
- Rotation: in RPY (radian) [-3.141584237, -0.199826437, -0.000120597]
- Rotation: in RPY (degree) [-179.999517779, -11.449211485, -0.006909727]
- Matrix:
 0.980101038 -0.000118927 0.198499224 0.079796132
 -0.000118198 -0.999999993 -0.000015522 0.153463844
 0.198499225 -0.000008249 -0.980101045 0.084001794
 0.000000000 0.000000000 0.000000000 1.000000000
At time 1785371900.582396219
- Translation: [0.079796132, 0.153463844, 0.084001794]
- Rotation: in Quaternion (xyzw) [-0.995012823, 0.000059578, -0.099747068, -0.000001827]
- Rotation: in RPY (radian) [-3.141584237, -0.199826437, -0.000120597]
- Rotation: in RPY (degree) [-179.999517779, -11.449211485, -0.006909727]
- Matrix:
 0.980101038 -0.000118927 0.198499224 0.079796132
 -0.000118198 -0.999999993 -0.000015522 0.153463844
 0.198499225 -0.000008249 -0.980101045 0.084001794
 0.000000000 0.000000000 0.000000000 1.000000000
At time 1785371900.637392260
- Translation: [0.079796132, 0.153463844, 0.084001794]
- Rotation: in Quaternion (xyzw) [-0.995012823, 0.000059578, -0.099747068, -0.000001827]
- Rotation: in RPY (radian) [-3.141584237, -0.199826437, -0.000120597]
- Rotation: in RPY (degree) [-179.999517779, -11.449211485, -0.006909727]
- Matrix:
 0.980101038 -0.000118927 0.198499224 0.079796132
 -0.000118198 -0.999999993 -0.000015522 0.153463844
 0.198499225 -0.000008249 -0.980101045 0.084001794
 0.000000000 0.000000000 0.000000000 1.000000000
At time 1785371900.692393050
- Translation: [0.079796132, 0.153463844, 0.084001794]
- Rotation: in Quaternion (xyzw) [-0.995012823, 0.000059578, -0.099747068, -0.000001827]
- Rotation: in RPY (radian) [-3.141584237, -0.199826437, -0.000120597]
- Rotation: in RPY (degree) [-179.999517779, -11.449211485, -0.006909727]
- Matrix:
 0.980101038 -0.000118927 0.198499224 0.079796132
 -0.000118198 -0.999999993 -0.000015522 0.153463844
 0.198499225 -0.000008249 -0.980101045 0.084001794
 0.000000000 0.000000000 0.000000000 1.000000000
At time 1785371900.742397654
- Translation: [0.079796132, 0.153463844, 0.084001794]
- Rotation: in Quaternion (xyzw) [-0.995012823, 0.000059578, -0.099747068, -0.000001827]
- Rotation: in RPY (radian) [-3.141584237, -0.199826437, -0.000120597]
- Rotation: in RPY (degree) [-179.999517779, -11.449211485, -0.006909727]
- Matrix:
 0.980101038 -0.000118927 0.198499224 0.079796132
 -0.000118198 -0.999999993 -0.000015522 0.153463844
 0.198499225 -0.000008249 -0.980101045 0.084001794
 0.000000000 0.000000000 0.000000000 1.000000000
At time 1785371900.797398444
- Translation: [0.079796132, 0.153463844, 0.084001794]
- Rotation: in Quaternion (xyzw) [-0.995012823, 0.000059578, -0.099747068, -0.000001827]
- Rotation: in RPY (radian) [-3.141584237, -0.199826437, -0.000120597]
- Rotation: in RPY (degree) [-179.999517779, -11.449211485, -0.006909727]
- Matrix:
 0.980101038 -0.000118927 0.198499224 0.079796132
 -0.000118198 -0.999999993 -0.000015522 0.153463844
 0.198499225 -0.000008249 -0.980101045 0.084001794
 0.000000000 0.000000000 0.000000000 1.000000000
At time 1785371900.847406610
- Translation: [0.079796132, 0.153463844, 0.084001794]
- Rotation: in Quaternion (xyzw) [-0.995012823, 0.000059578, -0.099747068, -0.000001827]
- Rotation: in RPY (radian) [-3.141584237, -0.199826437, -0.000120597]
- Rotation: in RPY (degree) [-179.999517779, -11.449211485, -0.006909727]
- Matrix:
 0.980101038 -0.000118927 0.198499224 0.079796132
 -0.000118198 -0.999999993 -0.000015522 0.153463844
 0.198499225 -0.000008249 -0.980101045 0.084001794
 0.000000000 0.000000000 0.000000000 1.000000000
At time 1785371900.897408840
- Translation: [0.079796132, 0.153463844, 0.084001794]
- Rotation: in Quaternion (xyzw) [-0.995012823, 0.000059578, -0.099747068, -0.000001827]
- Rotation: in RPY (radian) [-3.141584237, -0.199826437, -0.000120597]
- Rotation: in RPY (degree) [-179.999517779, -11.449211485, -0.006909727]
- Matrix:
 0.980101038 -0.000118927 0.198499224 0.079796132
 -0.000118198 -0.999999993 -0.000015522 0.153463844
 0.198499225 -0.000008249 -0.980101045 0.084001794
 0.000000000 0.000000000 0.000000000 1.000000000
At time 1785371900.952409630
- Translation: [0.079796132, 0.153463844, 0.084001794]
- Rotation: in Quaternion (xyzw) [-0.995012823, 0.000059578, -0.099747068, -0.000001827]
- Rotation: in RPY (radian) [-3.141584237, -0.199826437, -0.000120597]
- Rotation: in RPY (degree) [-179.999517779, -11.449211485, -0.006909727]
- Matrix:
 0.980101038 -0.000118927 0.198499224 0.079796132
 -0.000118198 -0.999999993 -0.000015522 0.153463844
 0.198499225 -0.000008249 -0.980101045 0.084001794
 0.000000000 0.000000000 0.000000000 1.000000000
At time 1785371900.952409630
- Translation: [0.079796132, 0.153463844, 0.084001794]
- Rotation: in Quaternion (xyzw) [-0.995012823, 0.000059578, -0.099747068, -0.000001827]
- Rotation: in RPY (radian) [-3.141584237, -0.199826437, -0.000120597]
- Rotation: in RPY (degree) [-179.999517779, -11.449211485, -0.006909727]
- Matrix:
 0.980101038 -0.000118927 0.198499224 0.079796132
 -0.000118198 -0.999999993 -0.000015522 0.153463844
 0.198499225 -0.000008249 -0.980101045 0.084001794
 0.000000000 0.000000000 0.000000000 1.000000000
At time 1785371901.7400922
- Translation: [0.079796132, 0.153463844, 0.084001794]
- Rotation: in Quaternion (xyzw) [-0.995012823, 0.000059578, -0.099747068, -0.000001827]
- Rotation: in RPY (radian) [-3.141584237, -0.199826437, -0.000120597]
- Rotation: in RPY (degree) [-179.999517779, -11.449211485, -0.006909727]
- Matrix:
 0.980101038 -0.000118927 0.198499224 0.079796132
 -0.000118198 -0.999999993 -0.000015522 0.153463844
 0.198499225 -0.000008249 -0.980101045 0.084001794
 0.000000000 0.000000000 0.000000000 1.000000000
At time 1785371901.57403152
- Translation: [0.079796132, 0.153463844, 0.084001794]
- Rotation: in Quaternion (xyzw) [-0.995012823, 0.000059578, -0.099747068, -0.000001827]
- Rotation: in RPY (radian) [-3.141584237, -0.199826437, -0.000120597]
- Rotation: in RPY (degree) [-179.999517779, -11.449211485, -0.006909727]
- Matrix:
 0.980101038 -0.000118927 0.198499224 0.079796132
 -0.000118198 -0.999999993 -0.000015522 0.153463844
 0.198499225 -0.000008249 -0.980101045 0.084001794
 0.000000000 0.000000000 0.000000000 1.000000000
At time 1785371901.112402754
- Translation: [0.079796132, 0.153463844, 0.084001794]
- Rotation: in Quaternion (xyzw) [-0.995012823, 0.000059578, -0.099747068, -0.000001827]
- Rotation: in RPY (radian) [-3.141584237, -0.199826437, -0.000120597]
- Rotation: in RPY (degree) [-179.999517779, -11.449211485, -0.006909727]
- Matrix:
 0.980101038 -0.000118927 0.198499224 0.079796132
 -0.000118198 -0.999999993 -0.000015522 0.153463844
 0.198499225 -0.000008249 -0.980101045 0.084001794
 0.000000000 0.000000000 0.000000000 1.000000000
At time 1785371901.167391672
- Translation: [0.079796132, 0.153463844, 0.084001794]
- Rotation: in Quaternion (xyzw) [-0.995012823, 0.000059578, -0.099747068, -0.000001827]
- Rotation: in RPY (radian) [-3.141584237, -0.199826437, -0.000120597]
- Rotation: in RPY (degree) [-179.999517779, -11.449211485, -0.006909727]
- Matrix:
 0.980101038 -0.000118927 0.198499224 0.079796132
 -0.000118198 -0.999999993 -0.000015522 0.153463844
 0.198499225 -0.000008249 -0.980101045 0.084001794
 0.000000000 0.000000000 0.000000000 1.000000000
At time 1785371901.217408149
- Translation: [0.079796132, 0.153463844, 0.084001794]
- Rotation: in Quaternion (xyzw) [-0.995012823, 0.000059578, -0.099747068, -0.000001827]
- Rotation: in RPY (radian) [-3.141584237, -0.199826437, -0.000120597]
- Rotation: in RPY (degree) [-179.999517779, -11.449211485, -0.006909727]
- Matrix:
 0.980101038 -0.000118927 0.198499224 0.079796132
 -0.000118198 -0.999999993 -0.000015522 0.153463844
 0.198499225 -0.000008249 -0.980101045 0.084001794
 0.000000000 0.000000000 0.000000000 1.000000000
At time 1785371901.272392317
- Translation: [0.079796132, 0.153463844, 0.084001794]
- Rotation: in Quaternion (xyzw) [-0.995012823, 0.000059578, -0.099747068, -0.000001827]
- Rotation: in RPY (radian) [-3.141584237, -0.199826437, -0.000120597]
- Rotation: in RPY (degree) [-179.999517779, -11.449211485, -0.006909727]
- Matrix:
 0.980101038 -0.000118927 0.198499224 0.079796132
 -0.000118198 -0.999999993 -0.000015522 0.153463844
 0.198499225 -0.000008249 -0.980101045 0.084001794
 0.000000000 0.000000000 0.000000000 1.000000000
At time 1785371901.327393107
- Translation: [0.079796132, 0.153463844, 0.084001794]
- Rotation: in Quaternion (xyzw) [-0.995012823, 0.000059578, -0.099747068, -0.000001827]
- Rotation: in RPY (radian) [-3.141584237, -0.199826437, -0.000120597]
- Rotation: in RPY (degree) [-179.999517779, -11.449211485, -0.006909727]
- Matrix:
 0.980101038 -0.000118927 0.198499224 0.079796132
 -0.000118198 -0.999999993 -0.000015522 0.153463844
 0.198499225 -0.000008249 -0.980101045 0.084001794
 0.000000000 0.000000000 0.000000000 1.000000000
At time 1785371901.377397711
- Translation: [0.079796132, 0.153463844, 0.084001794]
- Rotation: in Quaternion (xyzw) [-0.995012823, 0.000059578, -0.099747068, -0.000001827]
- Rotation: in RPY (radian) [-3.141584237, -0.199826437, -0.000120597]
- Rotation: in RPY (degree) [-179.999517779, -11.449211485, -0.006909727]
- Matrix:
 0.980101038 -0.000118927 0.198499224 0.079796132
 -0.000118198 -0.999999993 -0.000015522 0.153463844
 0.198499225 -0.000008249 -0.980101045 0.084001794
 0.000000000 0.000000000 0.000000000 1.000000000
At time 1785371901.432391377
- Translation: [0.079796132, 0.153463844, 0.084001794]
- Rotation: in Quaternion (xyzw) [-0.995012823, 0.000059578, -0.099747068, -0.000001827]
- Rotation: in RPY (radian) [-3.141584237, -0.199826437, -0.000120597]
- Rotation: in RPY (degree) [-179.999517779, -11.449211485, -0.006909727]
- Matrix:
 0.980101038 -0.000118927 0.198499224 0.079796132
 -0.000118198 -0.999999993 -0.000015522 0.153463844
 0.198499225 -0.000008249 -0.980101045 0.084001794
 0.000000000 0.000000000 0.000000000 1.000000000
At time 1785371901.482395982
- Translation: [0.079796132, 0.153463844, 0.084001794]
- Rotation: in Quaternion (xyzw) [-0.995012823, 0.000059578, -0.099747068, -0.000001827]
- Rotation: in RPY (radian) [-3.141584237, -0.199826437, -0.000120597]
- Rotation: in RPY (degree) [-179.999517779, -11.449211485, -0.006909727]
- Matrix:
 0.980101038 -0.000118927 0.198499224 0.079796132
 -0.000118198 -0.999999993 -0.000015522 0.153463844
 0.198499225 -0.000008249 -0.980101045 0.084001794
 0.000000000 0.000000000 0.000000000 1.000000000
At time 1785371901.532419583
- Translation: [0.079796132, 0.153463844, 0.084001794]
- Rotation: in Quaternion (xyzw) [-0.995012823, 0.000059578, -0.099747068, -0.000001827]
- Rotation: in RPY (radian) [-3.141584237, -0.199826437, -0.000120597]
- Rotation: in RPY (degree) [-179.999517779, -11.449211485, -0.006909727]
- Matrix:
 0.980101038 -0.000118927 0.198499224 0.079796132
 -0.000118198 -0.999999993 -0.000015522 0.153463844
 0.198499225 -0.000008249 -0.980101045 0.084001794
 0.000000000 0.000000000 0.000000000 1.000000000
At time 1785371901.587391877
- Translation: [0.079796132, 0.153463844, 0.084001794]
- Rotation: in Quaternion (xyzw) [-0.995012823, 0.000059578, -0.099747068, -0.000001827]
- Rotation: in RPY (radian) [-3.141584237, -0.199826437, -0.000120597]
- Rotation: in RPY (degree) [-179.999517779, -11.449211485, -0.006909727]
- Matrix:
 0.980101038 -0.000118927 0.198499224 0.079796132
 -0.000118198 -0.999999993 -0.000015522 0.153463844
 0.198499225 -0.000008249 -0.980101045 0.084001794
 0.000000000 0.000000000 0.000000000 1.000000000
At time 1785371901.642389106
- Translation: [0.079796132, 0.153463844, 0.084001794]
- Rotation: in Quaternion (xyzw) [-0.995012823, 0.000059578, -0.099747068, -0.000001827]
- Rotation: in RPY (radian) [-3.141584237, -0.199826437, -0.000120597]
- Rotation: in RPY (degree) [-179.999517779, -11.449211485, -0.006909727]
- Matrix:
 0.980101038 -0.000118927 0.198499224 0.079796132
 -0.000118198 -0.999999993 -0.000015522 0.153463844
 0.198499225 -0.000008249 -0.980101045 0.084001794
 0.000000000 0.000000000 0.000000000 1.000000000
At time 1785371901.697382772
- Translation: [0.079796132, 0.153463844, 0.084001794]
- Rotation: in Quaternion (xyzw) [-0.995012823, 0.000059578, -0.099747068, -0.000001827]
- Rotation: in RPY (radian) [-3.141584237, -0.199826437, -0.000120597]
- Rotation: in RPY (degree) [-179.999517779, -11.449211485, -0.006909727]
- Matrix:
 0.980101038 -0.000118927 0.198499224 0.079796132
 -0.000118198 -0.999999993 -0.000015522 0.153463844
 0.198499225 -0.000008249 -0.980101045 0.084001794
 0.000000000 0.000000000 0.000000000 1.000000000
At time 1785371901.747390938
- Translation: [0.079796132, 0.153463844, 0.084001794]
- Rotation: in Quaternion (xyzw) [-0.995012823, 0.000059578, -0.099747068, -0.000001827]
- Rotation: in RPY (radian) [-3.141584237, -0.199826437, -0.000120597]
- Rotation: in RPY (degree) [-179.999517779, -11.449211485, -0.006909727]
- Matrix:
 0.980101038 -0.000118927 0.198499224 0.079796132
 -0.000118198 -0.999999993 -0.000015522 0.153463844
 0.198499225 -0.000008249 -0.980101045 0.084001794
 0.000000000 0.000000000 0.000000000 1.000000000
At time 1785371901.797403853
- Translation: [0.079796132, 0.153463844, 0.084001794]
- Rotation: in Quaternion (xyzw) [-0.995012823, 0.000059578, -0.099747068, -0.000001827]
- Rotation: in RPY (radian) [-3.141584237, -0.199826437, -0.000120597]
- Rotation: in RPY (degree) [-179.999517779, -11.449211485, -0.006909727]
- Matrix:
 0.980101038 -0.000118927 0.198499224 0.079796132
 -0.000118198 -0.999999993 -0.000015522 0.153463844
 0.198499225 -0.000008249 -0.980101045 0.084001794
 0.000000000 0.000000000 0.000000000 1.000000000
At time 1785371901.852392771
- Translation: [0.079796132, 0.153463844, 0.084001794]
- Rotation: in Quaternion (xyzw) [-0.995012823, 0.000059578, -0.099747068, -0.000001827]
- Rotation: in RPY (radian) [-3.141584237, -0.199826437, -0.000120597]
- Rotation: in RPY (degree) [-179.999517779, -11.449211485, -0.006909727]
- Matrix:
 0.980101038 -0.000118927 0.198499224 0.079796132
 -0.000118198 -0.999999993 -0.000015522 0.153463844
 0.198499225 -0.000008249 -0.980101045 0.084001794
 0.000000000 0.000000000 0.000000000 1.000000000
At time 1785371901.852392771
- Translation: [0.079796132, 0.153463844, 0.084001794]
- Rotation: in Quaternion (xyzw) [-0.995012823, 0.000059578, -0.099747068, -0.000001827]
- Rotation: in RPY (radian) [-3.141584237, -0.199826437, -0.000120597]
- Rotation: in RPY (degree) [-179.999517779, -11.449211485, -0.006909727]
- Matrix:
 0.980101038 -0.000118927 0.198499224 0.079796132
 -0.000118198 -0.999999993 -0.000015522 0.153463844
 0.198499225 -0.000008249 -0.980101045 0.084001794
 0.000000000 0.000000000 0.000000000 1.000000000
At time 1785371901.907387624
- Translation: [0.079796132, 0.153463844, 0.084001794]
- Rotation: in Quaternion (xyzw) [-0.995012823, 0.000059578, -0.099747068, -0.000001827]
- Rotation: in RPY (radian) [-3.141584237, -0.199826437, -0.000120597]
- Rotation: in RPY (degree) [-179.999517779, -11.449211485, -0.006909727]
- Matrix:
 0.980101038 -0.000118927 0.198499224 0.079796132
 -0.000118198 -0.999999993 -0.000015522 0.153463844
 0.198499225 -0.000008249 -0.980101045 0.084001794
 0.000000000 0.000000000 0.000000000 1.000000000
At time 1785371901.957393416
- Translation: [0.079796132, 0.153463844, 0.084001794]
- Rotation: in Quaternion (xyzw) [-0.995012823, 0.000059578, -0.099747068, -0.000001827]
- Rotation: in RPY (radian) [-3.141584237, -0.199826437, -0.000120597]
- Rotation: in RPY (degree) [-179.999517779, -11.449211485, -0.006909727]
- Matrix:
 0.980101038 -0.000118927 0.198499224 0.079796132
 -0.000118198 -0.999999993 -0.000015522 0.153463844
 0.198499225 -0.000008249 -0.980101045 0.084001794
 0.000000000 0.000000000 0.000000000 1.000000000
At time 1785371902.12387082
- Translation: [0.079796132, 0.153463844, 0.084001794]
- Rotation: in Quaternion (xyzw) [-0.995012823, 0.000059578, -0.099747068, -0.000001827]
- Rotation: in RPY (radian) [-3.141584237, -0.199826437, -0.000120597]
- Rotation: in RPY (degree) [-179.999517779, -11.449211485, -0.006909727]
- Matrix:
 0.980101038 -0.000118927 0.198499224 0.079796132
 -0.000118198 -0.999999993 -0.000015522 0.153463844
 0.198499225 -0.000008249 -0.980101045 0.084001794
 0.000000000 0.000000000 0.000000000 1.000000000
At time 1785371902.62394061
- Translation: [0.079796132, 0.153463844, 0.084001794]
- Rotation: in Quaternion (xyzw) [-0.995012823, 0.000059578, -0.099747068, -0.000001827]
- Rotation: in RPY (radian) [-3.141584237, -0.199826437, -0.000120597]
- Rotation: in RPY (degree) [-179.999517779, -11.449211485, -0.006909727]
- Matrix:
 0.980101038 -0.000118927 0.198499224 0.079796132
 -0.000118198 -0.999999993 -0.000015522 0.153463844
 0.198499225 -0.000008249 -0.980101045 0.084001794
 0.000000000 0.000000000 0.000000000 1.000000000
At time 1785371902.112408163
- Translation: [0.079796132, 0.153463844, 0.084001794]
- Rotation: in Quaternion (xyzw) [-0.995012823, 0.000059578, -0.099747068, -0.000001827]
- Rotation: in RPY (radian) [-3.141584237, -0.199826437, -0.000120597]
- Rotation: in RPY (degree) [-179.999517779, -11.449211485, -0.006909727]
- Matrix:
 0.980101038 -0.000118927 0.198499224 0.079796132
 -0.000118198 -0.999999993 -0.000015522 0.153463844
 0.198499225 -0.000008249 -0.980101045 0.084001794
 0.000000000 0.000000000 0.000000000 1.000000000
At time 1785371902.167392331
- Translation: [0.079796132, 0.153463844, 0.084001794]
- Rotation: in Quaternion (xyzw) [-0.995012823, 0.000059578, -0.099747068, -0.000001827]
- Rotation: in RPY (radian) [-3.141584237, -0.199826437, -0.000120597]
- Rotation: in RPY (degree) [-179.999517779, -11.449211485, -0.006909727]
- Matrix:
 0.980101038 -0.000118927 0.198499224 0.079796132
 -0.000118198 -0.999999993 -0.000015522 0.153463844
 0.198499225 -0.000008249 -0.980101045 0.084001794
 0.000000000 0.000000000 0.000000000 1.000000000
At time 1785371902.222385998
- Translation: [0.079796132, 0.153463844, 0.084001794]
- Rotation: in Quaternion (xyzw) [-0.995012823, 0.000059578, -0.099747068, -0.000001827]
- Rotation: in RPY (radian) [-3.141584237, -0.199826437, -0.000120597]
- Rotation: in RPY (degree) [-179.999517779, -11.449211485, -0.006909727]
- Matrix:
 0.980101038 -0.000118927 0.198499224 0.079796132
 -0.000118198 -0.999999993 -0.000015522 0.153463844
 0.198499225 -0.000008249 -0.980101045 0.084001794
 0.000000000 0.000000000 0.000000000 1.000000000
At time 1785371902.277395099
- Translation: [0.079796132, 0.153463844, 0.084001794]
- Rotation: in Quaternion (xyzw) [-0.995012823, 0.000059578, -0.099747068, -0.000001827]
- Rotation: in RPY (radian) [-3.141584237, -0.199826437, -0.000120597]
- Rotation: in RPY (degree) [-179.999517779, -11.449211485, -0.006909727]
- Matrix:
 0.980101038 -0.000118927 0.198499224 0.079796132
 -0.000118198 -0.999999993 -0.000015522 0.153463844
 0.198499225 -0.000008249 -0.980101045 0.084001794
 0.000000000 0.000000000 0.000000000 1.000000000
At time 1785371902.332384016
- Translation: [0.079796132, 0.153463844, 0.084001794]
- Rotation: in Quaternion (xyzw) [-0.995012823, 0.000059578, -0.099747068, -0.000001827]
- Rotation: in RPY (radian) [-3.141584237, -0.199826437, -0.000120597]
- Rotation: in RPY (degree) [-179.999517779, -11.449211485, -0.006909727]
- Matrix:
 0.980101038 -0.000118927 0.198499224 0.079796132
 -0.000118198 -0.999999993 -0.000015522 0.153463844
 0.198499225 -0.000008249 -0.980101045 0.084001794
 0.000000000 0.000000000 0.000000000 1.000000000
At time 1785371902.382393370
- Translation: [0.079796132, 0.153463844, 0.084001794]
- Rotation: in Quaternion (xyzw) [-0.995012823, 0.000059578, -0.099747068, -0.000001827]
- Rotation: in RPY (radian) [-3.141584237, -0.199826437, -0.000120597]
- Rotation: in RPY (degree) [-179.999517779, -11.449211485, -0.006909727]
- Matrix:
 0.980101038 -0.000118927 0.198499224 0.079796132
 -0.000118198 -0.999999993 -0.000015522 0.153463844
 0.198499225 -0.000008249 -0.980101045 0.084001794
 0.000000000 0.000000000 0.000000000 1.000000000
At time 1785371902.432394412
- Translation: [0.079796132, 0.153463844, 0.084001794]
- Rotation: in Quaternion (xyzw) [-0.995012823, 0.000059578, -0.099747068, -0.000001827]
- Rotation: in RPY (radian) [-3.141584237, -0.199826437, -0.000120597]
- Rotation: in RPY (degree) [-179.999517779, -11.449211485, -0.006909727]
- Matrix:
 0.980101038 -0.000118927 0.198499224 0.079796132
 -0.000118198 -0.999999993 -0.000015522 0.153463844
 0.198499225 -0.000008249 -0.980101045 0.084001794
 0.000000000 0.000000000 0.000000000 1.000000000
[INFO] [1785371902.503445212] [rclcpp]: signal_handler(signum=15)
[ros2run]: Received signal:  Terminated
[INFO] [1785371902.504478169] [rclcpp]: signal_handler(signum=15)
