virtual backend; collision unchecked
backend=virtual
capability_bits=7
virtual_execution_enabled=true
physical_motion_authorized=false
collision_policy=virtual_unchecked
collision_checked=false
orientation_constrained=false
state_source=oa_snapshot_encoder_feedback
adapter_state=idle
lifecycle=4
executing=false
active_owner=
command_id=0
left_plan_seed_feedback_seq=20723
right_plan_seed_feedback_seq=20723
plan_duration_ns=20525467196
left_terminal_feedback_seq=24867
right_terminal_feedback_seq=24867
last_event=4
last_cause=0
manifest_revision=41
model_revision=7
collision_scene_revision=1
verify_epoch=1
left_expected_mask=127
left_fresh_mask=127
left_fault_mask=0
right_expected_mask=127
right_fresh_mask=127
right_fault_mask=0
left_feedback_seq=26302
right_feedback_seq=26302
left_feedback_t_ns=131500061234
right_feedback_t_ns=131500061234
left_feedback_age_ns=0
right_feedback_age_ns=0
pair_skew_ns=0
last_action=move_paired_tcp
last_goal_id=d05be81a25cde46880d8f0c5d2e6cf6e
request_stamp_ns=1785371906140985710
committed=true
reason=completed_measured_feedback
outcome=completed
result_control_status=0
result_command_id=2
result_left_plan_seed_feedback_seq=20723
result_right_plan_seed_feedback_seq=20723
result_plan_duration_ns=20525467196
result_left_terminal_feedback_seq=24867
result_right_terminal_feedback_seq=24867
result_lifecycle=4
result_event=4
result_cause=0
result_collision_checked=false
legacy_topic_deprecated=true
legacy_mapping=pose[0]=left,pose[1]=right
