virtual backend; collision unchecked
backend=virtual
capability_bits=7
virtual_execution_enabled=true
physical_motion_authorized=false
collision_policy=virtual_unchecked
collision_checked=false
orientation_constrained=false
state_source=oa_snapshot_encoder_feedback
adapter_state=idle
lifecycle=4
executing=false
active_owner=
command_id=0
left_plan_seed_feedback_seq=13487
right_plan_seed_feedback_seq=13487
plan_duration_ns=1338716917
left_terminal_feedback_seq=13791
right_terminal_feedback_seq=13791
last_event=4
last_cause=0
manifest_revision=41
model_revision=7
collision_scene_revision=1
verify_epoch=1
left_expected_mask=127
left_fresh_mask=127
left_fault_mask=0
right_expected_mask=127
right_fresh_mask=127
right_fault_mask=0
left_feedback_seq=14202
right_feedback_seq=14202
left_feedback_t_ns=71000063466
right_feedback_t_ns=71000063466
left_feedback_age_ns=0
right_feedback_age_ns=0
pair_skew_ns=0
last_action=move_joint
last_goal_id=2285dfae47c1755935c8b4e3645b992d
request_stamp_ns=1785371869960760876
committed=true
reason=completed_measured_feedback
outcome=completed
result_control_status=0
result_command_id=1
result_left_plan_seed_feedback_seq=13487
result_right_plan_seed_feedback_seq=13487
result_plan_duration_ns=1338716917
result_left_terminal_feedback_seq=13791
result_right_terminal_feedback_seq=13791
result_lifecycle=4
result_event=4
result_cause=0
result_collision_checked=false
legacy_topic_deprecated=true
legacy_mapping=pose[0]=left,pose[1]=right
