[INFO] [1785371934.940434330] [tf2_echo]: Waiting for transform openarm_body_link0 ->  openarm_left_hand_tcp: Invalid frame ID "openarm_body_link0" passed to canTransform argument target_frame - frame does not exist
At time 1785371935.117389316
- Translation: [0.199990286, 0.299922306, 0.850034049]
- Rotation: in Quaternion (xyzw) [-0.071787032, 0.109937613, -0.946231728, 0.295644820]
- Rotation: in RPY (radian) [-0.253848450, -0.070908769, -2.526871780]
- Rotation: in RPY (degree) [-14.544444828, -4.062773217, -144.779088349]
- Matrix:
 -0.814881525 0.543712829 0.200859306 0.199990286
 -0.575281208 -0.801015723 -0.165605987 0.299922306
 0.070849362 -0.250499844 0.965520687 0.850034049
 0.000000000 0.000000000 0.000000000 1.000000000
At time 1785371935.172382982
- Translation: [0.199990286, 0.299922306, 0.850034049]
- Rotation: in Quaternion (xyzw) [-0.071787032, 0.109937613, -0.946231728, 0.295644820]
- Rotation: in RPY (radian) [-0.253848450, -0.070908769, -2.526871780]
- Rotation: in RPY (degree) [-14.544444828, -4.062773217, -144.779088349]
- Matrix:
 -0.814881525 0.543712829 0.200859306 0.199990286
 -0.575281208 -0.801015723 -0.165605987 0.299922306
 0.070849362 -0.250499844 0.965520687 0.850034049
 0.000000000 0.000000000 0.000000000 1.000000000
At time 1785371935.222388774
- Translation: [0.199990286, 0.299922306, 0.850034049]
- Rotation: in Quaternion (xyzw) [-0.071787032, 0.109937613, -0.946231728, 0.295644820]
- Rotation: in RPY (radian) [-0.253848450, -0.070908769, -2.526871780]
- Rotation: in RPY (degree) [-14.544444828, -4.062773217, -144.779088349]
- Matrix:
 -0.814881525 0.543712829 0.200859306 0.199990286
 -0.575281208 -0.801015723 -0.165605987 0.299922306
 0.070849362 -0.250499844 0.965520687 0.850034049
 0.000000000 0.000000000 0.000000000 1.000000000
At time 1785371935.222388774
- Translation: [0.199990286, 0.299922306, 0.850034049]
- Rotation: in Quaternion (xyzw) [-0.071787032, 0.109937613, -0.946231728, 0.295644820]
- Rotation: in RPY (radian) [-0.253848450, -0.070908769, -2.526871780]
- Rotation: in RPY (degree) [-14.544444828, -4.062773217, -144.779088349]
- Matrix:
 -0.814881525 0.543712829 0.200859306 0.199990286
 -0.575281208 -0.801015723 -0.165605987 0.299922306
 0.070849362 -0.250499844 0.965520687 0.850034049
 0.000000000 0.000000000 0.000000000 1.000000000
At time 1785371935.277393126
- Translation: [0.199990286, 0.299922306, 0.850034049]
- Rotation: in Quaternion (xyzw) [-0.071787032, 0.109937613, -0.946231728, 0.295644820]
- Rotation: in RPY (radian) [-0.253848450, -0.070908769, -2.526871780]
- Rotation: in RPY (degree) [-14.544444828, -4.062773217, -144.779088349]
- Matrix:
 -0.814881525 0.543712829 0.200859306 0.199990286
 -0.575281208 -0.801015723 -0.165605987 0.299922306
 0.070849362 -0.250499844 0.965520687 0.850034049
 0.000000000 0.000000000 0.000000000 1.000000000
At time 1785371935.327395355
- Translation: [0.199990286, 0.299922306, 0.850034049]
- Rotation: in Quaternion (xyzw) [-0.071787032, 0.109937613, -0.946231728, 0.295644820]
- Rotation: in RPY (radian) [-0.253848450, -0.070908769, -2.526871780]
- Rotation: in RPY (degree) [-14.544444828, -4.062773217, -144.779088349]
- Matrix:
 -0.814881525 0.543712829 0.200859306 0.199990286
 -0.575281208 -0.801015723 -0.165605987 0.299922306
 0.070849362 -0.250499844 0.965520687 0.850034049
 0.000000000 0.000000000 0.000000000 1.000000000
At time 1785371935.382391396
- Translation: [0.199990286, 0.299922306, 0.850034049]
- Rotation: in Quaternion (xyzw) [-0.071787032, 0.109937613, -0.946231728, 0.295644820]
- Rotation: in RPY (radian) [-0.253848450, -0.070908769, -2.526871780]
- Rotation: in RPY (degree) [-14.544444828, -4.062773217, -144.779088349]
- Matrix:
 -0.814881525 0.543712829 0.200859306 0.199990286
 -0.575281208 -0.801015723 -0.165605987 0.299922306
 0.070849362 -0.250499844 0.965520687 0.850034049
 0.000000000 0.000000000 0.000000000 1.000000000
At time 1785371935.437390999
- Translation: [0.199990286, 0.299922306, 0.850034049]
- Rotation: in Quaternion (xyzw) [-0.071787032, 0.109937613, -0.946231728, 0.295644820]
- Rotation: in RPY (radian) [-0.253848450, -0.070908769, -2.526871780]
- Rotation: in RPY (degree) [-14.544444828, -4.062773217, -144.779088349]
- Matrix:
 -0.814881525 0.543712829 0.200859306 0.199990286
 -0.575281208 -0.801015723 -0.165605987 0.299922306
 0.070849362 -0.250499844 0.965520687 0.850034049
 0.000000000 0.000000000 0.000000000 1.000000000
At time 1785371935.492401288
- Translation: [0.199990286, 0.299922306, 0.850034049]
- Rotation: in Quaternion (xyzw) [-0.071787032, 0.109937613, -0.946231728, 0.295644820]
- Rotation: in RPY (radian) [-0.253848450, -0.070908769, -2.526871780]
- Rotation: in RPY (degree) [-14.544444828, -4.062773217, -144.779088349]
- Matrix:
 -0.814881525 0.543712829 0.200859306 0.199990286
 -0.575281208 -0.801015723 -0.165605987 0.299922306
 0.070849362 -0.250499844 0.965520687 0.850034049
 0.000000000 0.000000000 0.000000000 1.000000000
At time 1785371935.547393767
- Translation: [0.199990286, 0.299922306, 0.850034049]
- Rotation: in Quaternion (xyzw) [-0.071787032, 0.109937613, -0.946231728, 0.295644820]
- Rotation: in RPY (radian) [-0.253848450, -0.070908769, -2.526871780]
- Rotation: in RPY (degree) [-14.544444828, -4.062773217, -144.779088349]
- Matrix:
 -0.814881525 0.543712829 0.200859306 0.199990286
 -0.575281208 -0.801015723 -0.165605987 0.299922306
 0.070849362 -0.250499844 0.965520687 0.850034049
 0.000000000 0.000000000 0.000000000 1.000000000
At time 1785371935.602392182
- Translation: [0.199990286, 0.299922306, 0.850034049]
- Rotation: in Quaternion (xyzw) [-0.071787032, 0.109937613, -0.946231728, 0.295644820]
- Rotation: in RPY (radian) [-0.253848450, -0.070908769, -2.526871780]
- Rotation: in RPY (degree) [-14.544444828, -4.062773217, -144.779088349]
- Matrix:
 -0.814881525 0.543712829 0.200859306 0.199990286
 -0.575281208 -0.801015723 -0.165605987 0.299922306
 0.070849362 -0.250499844 0.965520687 0.850034049
 0.000000000 0.000000000 0.000000000 1.000000000
At time 1785371935.657388223
- Translation: [0.199990286, 0.299922306, 0.850034049]
- Rotation: in Quaternion (xyzw) [-0.071787032, 0.109937613, -0.946231728, 0.295644820]
- Rotation: in RPY (radian) [-0.253848450, -0.070908769, -2.526871780]
- Rotation: in RPY (degree) [-14.544444828, -4.062773217, -144.779088349]
- Matrix:
 -0.814881525 0.543712829 0.200859306 0.199990286
 -0.575281208 -0.801015723 -0.165605987 0.299922306
 0.070849362 -0.250499844 0.965520687 0.850034049
 0.000000000 0.000000000 0.000000000 1.000000000
At time 1785371935.712389014
- Translation: [0.199990286, 0.299922306, 0.850034049]
- Rotation: in Quaternion (xyzw) [-0.071787032, 0.109937613, -0.946231728, 0.295644820]
- Rotation: in RPY (radian) [-0.253848450, -0.070908769, -2.526871780]
- Rotation: in RPY (degree) [-14.544444828, -4.062773217, -144.779088349]
- Matrix:
 -0.814881525 0.543712829 0.200859306 0.199990286
 -0.575281208 -0.801015723 -0.165605987 0.299922306
 0.070849362 -0.250499844 0.965520687 0.850034049
 0.000000000 0.000000000 0.000000000 1.000000000
At time 1785371935.762390056
- Translation: [0.199990286, 0.299922306, 0.850034049]
- Rotation: in Quaternion (xyzw) [-0.071787032, 0.109937613, -0.946231728, 0.295644820]
- Rotation: in RPY (radian) [-0.253848450, -0.070908769, -2.526871780]
- Rotation: in RPY (degree) [-14.544444828, -4.062773217, -144.779088349]
- Matrix:
 -0.814881525 0.543712829 0.200859306 0.199990286
 -0.575281208 -0.801015723 -0.165605987 0.299922306
 0.070849362 -0.250499844 0.965520687 0.850034049
 0.000000000 0.000000000 0.000000000 1.000000000
At time 1785371935.817389659
- Translation: [0.199990286, 0.299922306, 0.850034049]
- Rotation: in Quaternion (xyzw) [-0.071787032, 0.109937613, -0.946231728, 0.295644820]
- Rotation: in RPY (radian) [-0.253848450, -0.070908769, -2.526871780]
- Rotation: in RPY (degree) [-14.544444828, -4.062773217, -144.779088349]
- Matrix:
 -0.814881525 0.543712829 0.200859306 0.199990286
 -0.575281208 -0.801015723 -0.165605987 0.299922306
 0.070849362 -0.250499844 0.965520687 0.850034049
 0.000000000 0.000000000 0.000000000 1.000000000
At time 1785371935.872390449
- Translation: [0.199990286, 0.299922306, 0.850034049]
- Rotation: in Quaternion (xyzw) [-0.071787032, 0.109937613, -0.946231728, 0.295644820]
- Rotation: in RPY (radian) [-0.253848450, -0.070908769, -2.526871780]
- Rotation: in RPY (degree) [-14.544444828, -4.062773217, -144.779088349]
- Matrix:
 -0.814881525 0.543712829 0.200859306 0.199990286
 -0.575281208 -0.801015723 -0.165605987 0.299922306
 0.070849362 -0.250499844 0.965520687 0.850034049
 0.000000000 0.000000000 0.000000000 1.000000000
At time 1785371935.872390449
- Translation: [0.199990286, 0.299922306, 0.850034049]
- Rotation: in Quaternion (xyzw) [-0.071787032, 0.109937613, -0.946231728, 0.295644820]
- Rotation: in RPY (radian) [-0.253848450, -0.070908769, -2.526871780]
- Rotation: in RPY (degree) [-14.544444828, -4.062773217, -144.779088349]
- Matrix:
 -0.814881525 0.543712829 0.200859306 0.199990286
 -0.575281208 -0.801015723 -0.165605987 0.299922306
 0.070849362 -0.250499844 0.965520687 0.850034049
 0.000000000 0.000000000 0.000000000 1.000000000
At time 1785371935.927388865
- Translation: [0.199990286, 0.299922306, 0.850034049]
- Rotation: in Quaternion (xyzw) [-0.071787032, 0.109937613, -0.946231728, 0.295644820]
- Rotation: in RPY (radian) [-0.253848450, -0.070908769, -2.526871780]
- Rotation: in RPY (degree) [-14.544444828, -4.062773217, -144.779088349]
- Matrix:
 -0.814881525 0.543712829 0.200859306 0.199990286
 -0.575281208 -0.801015723 -0.165605987 0.299922306
 0.070849362 -0.250499844 0.965520687 0.850034049
 0.000000000 0.000000000 0.000000000 1.000000000
At time 1785371935.977394656
- Translation: [0.199990286, 0.299922306, 0.850034049]
- Rotation: in Quaternion (xyzw) [-0.071787032, 0.109937613, -0.946231728, 0.295644820]
- Rotation: in RPY (radian) [-0.253848450, -0.070908769, -2.526871780]
- Rotation: in RPY (degree) [-14.544444828, -4.062773217, -144.779088349]
- Matrix:
 -0.814881525 0.543712829 0.200859306 0.199990286
 -0.575281208 -0.801015723 -0.165605987 0.299922306
 0.070849362 -0.250499844 0.965520687 0.850034049
 0.000000000 0.000000000 0.000000000 1.000000000
At time 1785371936.32390697
- Translation: [0.199990286, 0.299922306, 0.850034049]
- Rotation: in Quaternion (xyzw) [-0.071787032, 0.109937613, -0.946231728, 0.295644820]
- Rotation: in RPY (radian) [-0.253848450, -0.070908769, -2.526871780]
- Rotation: in RPY (degree) [-14.544444828, -4.062773217, -144.779088349]
- Matrix:
 -0.814881525 0.543712829 0.200859306 0.199990286
 -0.575281208 -0.801015723 -0.165605987 0.299922306
 0.070849362 -0.250499844 0.965520687 0.850034049
 0.000000000 0.000000000 0.000000000 1.000000000
At time 1785371936.82394114
- Translation: [0.199990286, 0.299922306, 0.850034049]
- Rotation: in Quaternion (xyzw) [-0.071787032, 0.109937613, -0.946231728, 0.295644820]
- Rotation: in RPY (radian) [-0.253848450, -0.070908769, -2.526871780]
- Rotation: in RPY (degree) [-14.544444828, -4.062773217, -144.779088349]
- Matrix:
 -0.814881525 0.543712829 0.200859306 0.199990286
 -0.575281208 -0.801015723 -0.165605987 0.299922306
 0.070849362 -0.250499844 0.965520687 0.850034049
 0.000000000 0.000000000 0.000000000 1.000000000
At time 1785371936.137391342
- Translation: [0.199990286, 0.299922306, 0.850034049]
- Rotation: in Quaternion (xyzw) [-0.071787032, 0.109937613, -0.946231728, 0.295644820]
- Rotation: in RPY (radian) [-0.253848450, -0.070908769, -2.526871780]
- Rotation: in RPY (degree) [-14.544444828, -4.062773217, -144.779088349]
- Matrix:
 -0.814881525 0.543712829 0.200859306 0.199990286
 -0.575281208 -0.801015723 -0.165605987 0.299922306
 0.070849362 -0.250499844 0.965520687 0.850034049
 0.000000000 0.000000000 0.000000000 1.000000000
At time 1785371936.192395694
- Translation: [0.199990286, 0.299922306, 0.850034049]
- Rotation: in Quaternion (xyzw) [-0.071787032, 0.109937613, -0.946231728, 0.295644820]
- Rotation: in RPY (radian) [-0.253848450, -0.070908769, -2.526871780]
- Rotation: in RPY (degree) [-14.544444828, -4.062773217, -144.779088349]
- Matrix:
 -0.814881525 0.543712829 0.200859306 0.199990286
 -0.575281208 -0.801015723 -0.165605987 0.299922306
 0.070849362 -0.250499844 0.965520687 0.850034049
 0.000000000 0.000000000 0.000000000 1.000000000
At time 1785371936.247386986
- Translation: [0.199990286, 0.299922306, 0.850034049]
- Rotation: in Quaternion (xyzw) [-0.071787032, 0.109937613, -0.946231728, 0.295644820]
- Rotation: in RPY (radian) [-0.253848450, -0.070908769, -2.526871780]
- Rotation: in RPY (degree) [-14.544444828, -4.062773217, -144.779088349]
- Matrix:
 -0.814881525 0.543712829 0.200859306 0.199990286
 -0.575281208 -0.801015723 -0.165605987 0.299922306
 0.070849362 -0.250499844 0.965520687 0.850034049
 0.000000000 0.000000000 0.000000000 1.000000000
At time 1785371936.297395152
- Translation: [0.199990286, 0.299922306, 0.850034049]
- Rotation: in Quaternion (xyzw) [-0.071787032, 0.109937613, -0.946231728, 0.295644820]
- Rotation: in RPY (radian) [-0.253848450, -0.070908769, -2.526871780]
- Rotation: in RPY (degree) [-14.544444828, -4.062773217, -144.779088349]
- Matrix:
 -0.814881525 0.543712829 0.200859306 0.199990286
 -0.575281208 -0.801015723 -0.165605987 0.299922306
 0.070849362 -0.250499844 0.965520687 0.850034049
 0.000000000 0.000000000 0.000000000 1.000000000
At time 1785371936.352388819
- Translation: [0.199990286, 0.299922306, 0.850034049]
- Rotation: in Quaternion (xyzw) [-0.071787032, 0.109937613, -0.946231728, 0.295644820]
- Rotation: in RPY (radian) [-0.253848450, -0.070908769, -2.526871780]
- Rotation: in RPY (degree) [-14.544444828, -4.062773217, -144.779088349]
- Matrix:
 -0.814881525 0.543712829 0.200859306 0.199990286
 -0.575281208 -0.801015723 -0.165605987 0.299922306
 0.070849362 -0.250499844 0.965520687 0.850034049
 0.000000000 0.000000000 0.000000000 1.000000000
At time 1785371936.402394610
- Translation: [0.199990286, 0.299922306, 0.850034049]
- Rotation: in Quaternion (xyzw) [-0.071787032, 0.109937613, -0.946231728, 0.295644820]
- Rotation: in RPY (radian) [-0.253848450, -0.070908769, -2.526871780]
- Rotation: in RPY (degree) [-14.544444828, -4.062773217, -144.779088349]
- Matrix:
 -0.814881525 0.543712829 0.200859306 0.199990286
 -0.575281208 -0.801015723 -0.165605987 0.299922306
 0.070849362 -0.250499844 0.965520687 0.850034049
 0.000000000 0.000000000 0.000000000 1.000000000
At time 1785371936.457387089
- Translation: [0.199990286, 0.299922306, 0.850034049]
- Rotation: in Quaternion (xyzw) [-0.071787032, 0.109937613, -0.946231728, 0.295644820]
- Rotation: in RPY (radian) [-0.253848450, -0.070908769, -2.526871780]
- Rotation: in RPY (degree) [-14.544444828, -4.062773217, -144.779088349]
- Matrix:
 -0.814881525 0.543712829 0.200859306 0.199990286
 -0.575281208 -0.801015723 -0.165605987 0.299922306
 0.070849362 -0.250499844 0.965520687 0.850034049
 0.000000000 0.000000000 0.000000000 1.000000000
At time 1785371936.507392880
- Translation: [0.199990286, 0.299922306, 0.850034049]
- Rotation: in Quaternion (xyzw) [-0.071787032, 0.109937613, -0.946231728, 0.295644820]
- Rotation: in RPY (radian) [-0.253848450, -0.070908769, -2.526871780]
- Rotation: in RPY (degree) [-14.544444828, -4.062773217, -144.779088349]
- Matrix:
 -0.814881525 0.543712829 0.200859306 0.199990286
 -0.575281208 -0.801015723 -0.165605987 0.299922306
 0.070849362 -0.250499844 0.965520687 0.850034049
 0.000000000 0.000000000 0.000000000 1.000000000
At time 1785371936.562387734
- Translation: [0.199990286, 0.299922306, 0.850034049]
- Rotation: in Quaternion (xyzw) [-0.071787032, 0.109937613, -0.946231728, 0.295644820]
- Rotation: in RPY (radian) [-0.253848450, -0.070908769, -2.526871780]
- Rotation: in RPY (degree) [-14.544444828, -4.062773217, -144.779088349]
- Matrix:
 -0.814881525 0.543712829 0.200859306 0.199990286
 -0.575281208 -0.801015723 -0.165605987 0.299922306
 0.070849362 -0.250499844 0.965520687 0.850034049
 0.000000000 0.000000000 0.000000000 1.000000000
At time 1785371936.612480199
- Translation: [0.199990286, 0.299922306, 0.850034049]
- Rotation: in Quaternion (xyzw) [-0.071787032, 0.109937613, -0.946231728, 0.295644820]
- Rotation: in RPY (radian) [-0.253848450, -0.070908769, -2.526871780]
- Rotation: in RPY (degree) [-14.544444828, -4.062773217, -144.779088349]
- Matrix:
 -0.814881525 0.543712829 0.200859306 0.199990286
 -0.575281208 -0.801015723 -0.165605987 0.299922306
 0.070849362 -0.250499844 0.965520687 0.850034049
 0.000000000 0.000000000 0.000000000 1.000000000
At time 1785371936.667395503
- Translation: [0.199990286, 0.299922306, 0.850034049]
- Rotation: in Quaternion (xyzw) [-0.071787032, 0.109937613, -0.946231728, 0.295644820]
- Rotation: in RPY (radian) [-0.253848450, -0.070908769, -2.526871780]
- Rotation: in RPY (degree) [-14.544444828, -4.062773217, -144.779088349]
- Matrix:
 -0.814881525 0.543712829 0.200859306 0.199990286
 -0.575281208 -0.801015723 -0.165605987 0.299922306
 0.070849362 -0.250499844 0.965520687 0.850034049
 0.000000000 0.000000000 0.000000000 1.000000000
At time 1785371936.722387982
- Translation: [0.199990286, 0.299922306, 0.850034049]
- Rotation: in Quaternion (xyzw) [-0.071787032, 0.109937613, -0.946231728, 0.295644820]
- Rotation: in RPY (radian) [-0.253848450, -0.070908769, -2.526871780]
- Rotation: in RPY (degree) [-14.544444828, -4.062773217, -144.779088349]
- Matrix:
 -0.814881525 0.543712829 0.200859306 0.199990286
 -0.575281208 -0.801015723 -0.165605987 0.299922306
 0.070849362 -0.250499844 0.965520687 0.850034049
 0.000000000 0.000000000 0.000000000 1.000000000
At time 1785371936.772390212
- Translation: [0.199990286, 0.299922306, 0.850034049]
- Rotation: in Quaternion (xyzw) [-0.071787032, 0.109937613, -0.946231728, 0.295644820]
- Rotation: in RPY (radian) [-0.253848450, -0.070908769, -2.526871780]
- Rotation: in RPY (degree) [-14.544444828, -4.062773217, -144.779088349]
- Matrix:
 -0.814881525 0.543712829 0.200859306 0.199990286
 -0.575281208 -0.801015723 -0.165605987 0.299922306
 0.070849362 -0.250499844 0.965520687 0.850034049
 0.000000000 0.000000000 0.000000000 1.000000000
At time 1785371936.822392441
- Translation: [0.199990286, 0.299922306, 0.850034049]
- Rotation: in Quaternion (xyzw) [-0.071787032, 0.109937613, -0.946231728, 0.295644820]
- Rotation: in RPY (radian) [-0.253848450, -0.070908769, -2.526871780]
- Rotation: in RPY (degree) [-14.544444828, -4.062773217, -144.779088349]
- Matrix:
 -0.814881525 0.543712829 0.200859306 0.199990286
 -0.575281208 -0.801015723 -0.165605987 0.299922306
 0.070849362 -0.250499844 0.965520687 0.850034049
 0.000000000 0.000000000 0.000000000 1.000000000
At time 1785371936.822392441
- Translation: [0.199990286, 0.299922306, 0.850034049]
- Rotation: in Quaternion (xyzw) [-0.071787032, 0.109937613, -0.946231728, 0.295644820]
- Rotation: in RPY (radian) [-0.253848450, -0.070908769, -2.526871780]
- Rotation: in RPY (degree) [-14.544444828, -4.062773217, -144.779088349]
- Matrix:
 -0.814881525 0.543712829 0.200859306 0.199990286
 -0.575281208 -0.801015723 -0.165605987 0.299922306
 0.070849362 -0.250499844 0.965520687 0.850034049
 0.000000000 0.000000000 0.000000000 1.000000000
At time 1785371936.877388482
- Translation: [0.199990286, 0.299922306, 0.850034049]
- Rotation: in Quaternion (xyzw) [-0.071787032, 0.109937613, -0.946231728, 0.295644820]
- Rotation: in RPY (radian) [-0.253848450, -0.070908769, -2.526871780]
- Rotation: in RPY (degree) [-14.544444828, -4.062773217, -144.779088349]
- Matrix:
 -0.814881525 0.543712829 0.200859306 0.199990286
 -0.575281208 -0.801015723 -0.165605987 0.299922306
 0.070849362 -0.250499844 0.965520687 0.850034049
 0.000000000 0.000000000 0.000000000 1.000000000
At time 1785371936.932385711
- Translation: [0.199990286, 0.299922306, 0.850034049]
- Rotation: in Quaternion (xyzw) [-0.071787032, 0.109937613, -0.946231728, 0.295644820]
- Rotation: in RPY (radian) [-0.253848450, -0.070908769, -2.526871780]
- Rotation: in RPY (degree) [-14.544444828, -4.062773217, -144.779088349]
- Matrix:
 -0.814881525 0.543712829 0.200859306 0.199990286
 -0.575281208 -0.801015723 -0.165605987 0.299922306
 0.070849362 -0.250499844 0.965520687 0.850034049
 0.000000000 0.000000000 0.000000000 1.000000000
At time 1785371936.982392689
- Translation: [0.199990286, 0.299922306, 0.850034049]
- Rotation: in Quaternion (xyzw) [-0.071787032, 0.109937613, -0.946231728, 0.295644820]
- Rotation: in RPY (radian) [-0.253848450, -0.070908769, -2.526871780]
- Rotation: in RPY (degree) [-14.544444828, -4.062773217, -144.779088349]
- Matrix:
 -0.814881525 0.543712829 0.200859306 0.199990286
 -0.575281208 -0.801015723 -0.165605987 0.299922306
 0.070849362 -0.250499844 0.965520687 0.850034049
 0.000000000 0.000000000 0.000000000 1.000000000
At time 1785371937.37393479
- Translation: [0.199990286, 0.299922306, 0.850034049]
- Rotation: in Quaternion (xyzw) [-0.071787032, 0.109937613, -0.946231728, 0.295644820]
- Rotation: in RPY (radian) [-0.253848450, -0.070908769, -2.526871780]
- Rotation: in RPY (degree) [-14.544444828, -4.062773217, -144.779088349]
- Matrix:
 -0.814881525 0.543712829 0.200859306 0.199990286
 -0.575281208 -0.801015723 -0.165605987 0.299922306
 0.070849362 -0.250499844 0.965520687 0.850034049
 0.000000000 0.000000000 0.000000000 1.000000000
At time 1785371937.92384771
- Translation: [0.199990286, 0.299922306, 0.850034049]
- Rotation: in Quaternion (xyzw) [-0.071787032, 0.109937613, -0.946231728, 0.295644820]
- Rotation: in RPY (radian) [-0.253848450, -0.070908769, -2.526871780]
- Rotation: in RPY (degree) [-14.544444828, -4.062773217, -144.779088349]
- Matrix:
 -0.814881525 0.543712829 0.200859306 0.199990286
 -0.575281208 -0.801015723 -0.165605987 0.299922306
 0.070849362 -0.250499844 0.965520687 0.850034049
 0.000000000 0.000000000 0.000000000 1.000000000
At time 1785371937.142389375
- Translation: [0.199990286, 0.299922306, 0.850034049]
- Rotation: in Quaternion (xyzw) [-0.071787032, 0.109937613, -0.946231728, 0.295644820]
- Rotation: in RPY (radian) [-0.253848450, -0.070908769, -2.526871780]
- Rotation: in RPY (degree) [-14.544444828, -4.062773217, -144.779088349]
- Matrix:
 -0.814881525 0.543712829 0.200859306 0.199990286
 -0.575281208 -0.801015723 -0.165605987 0.299922306
 0.070849362 -0.250499844 0.965520687 0.850034049
 0.000000000 0.000000000 0.000000000 1.000000000
At time 1785371937.192390418
- Translation: [0.199990286, 0.299922306, 0.850034049]
- Rotation: in Quaternion (xyzw) [-0.071787032, 0.109937613, -0.946231728, 0.295644820]
- Rotation: in RPY (radian) [-0.253848450, -0.070908769, -2.526871780]
- Rotation: in RPY (degree) [-14.544444828, -4.062773217, -144.779088349]
- Matrix:
 -0.814881525 0.543712829 0.200859306 0.199990286
 -0.575281208 -0.801015723 -0.165605987 0.299922306
 0.070849362 -0.250499844 0.965520687 0.850034049
 0.000000000 0.000000000 0.000000000 1.000000000
At time 1785371937.242391460
- Translation: [0.199990286, 0.299922306, 0.850034049]
- Rotation: in Quaternion (xyzw) [-0.071787032, 0.109937613, -0.946231728, 0.295644820]
- Rotation: in RPY (radian) [-0.253848450, -0.070908769, -2.526871780]
- Rotation: in RPY (degree) [-14.544444828, -4.062773217, -144.779088349]
- Matrix:
 -0.814881525 0.543712829 0.200859306 0.199990286
 -0.575281208 -0.801015723 -0.165605987 0.299922306
 0.070849362 -0.250499844 0.965520687 0.850034049
 0.000000000 0.000000000 0.000000000 1.000000000
At time 1785371937.297389875
- Translation: [0.199990286, 0.299922306, 0.850034049]
- Rotation: in Quaternion (xyzw) [-0.071787032, 0.109937613, -0.946231728, 0.295644820]
- Rotation: in RPY (radian) [-0.253848450, -0.070908769, -2.526871780]
- Rotation: in RPY (degree) [-14.544444828, -4.062773217, -144.779088349]
- Matrix:
 -0.814881525 0.543712829 0.200859306 0.199990286
 -0.575281208 -0.801015723 -0.165605987 0.299922306
 0.070849362 -0.250499844 0.965520687 0.850034049
 0.000000000 0.000000000 0.000000000 1.000000000
At time 1785371937.347392105
- Translation: [0.199990286, 0.299922306, 0.850034049]
- Rotation: in Quaternion (xyzw) [-0.071787032, 0.109937613, -0.946231728, 0.295644820]
- Rotation: in RPY (radian) [-0.253848450, -0.070908769, -2.526871780]
- Rotation: in RPY (degree) [-14.544444828, -4.062773217, -144.779088349]
- Matrix:
 -0.814881525 0.543712829 0.200859306 0.199990286
 -0.575281208 -0.801015723 -0.165605987 0.299922306
 0.070849362 -0.250499844 0.965520687 0.850034049
 0.000000000 0.000000000 0.000000000 1.000000000
At time 1785371937.397393147
- Translation: [0.199990286, 0.299922306, 0.850034049]
- Rotation: in Quaternion (xyzw) [-0.071787032, 0.109937613, -0.946231728, 0.295644820]
- Rotation: in RPY (radian) [-0.253848450, -0.070908769, -2.526871780]
- Rotation: in RPY (degree) [-14.544444828, -4.062773217, -144.779088349]
- Matrix:
 -0.814881525 0.543712829 0.200859306 0.199990286
 -0.575281208 -0.801015723 -0.165605987 0.299922306
 0.070849362 -0.250499844 0.965520687 0.850034049
 0.000000000 0.000000000 0.000000000 1.000000000
At time 1785371937.452385626
- Translation: [0.199990286, 0.299922306, 0.850034049]
- Rotation: in Quaternion (xyzw) [-0.071787032, 0.109937613, -0.946231728, 0.295644820]
- Rotation: in RPY (radian) [-0.253848450, -0.070908769, -2.526871780]
- Rotation: in RPY (degree) [-14.544444828, -4.062773217, -144.779088349]
- Matrix:
 -0.814881525 0.543712829 0.200859306 0.199990286
 -0.575281208 -0.801015723 -0.165605987 0.299922306
 0.070849362 -0.250499844 0.965520687 0.850034049
 0.000000000 0.000000000 0.000000000 1.000000000
At time 1785371937.502392605
- Translation: [0.199990286, 0.299922306, 0.850034049]
- Rotation: in Quaternion (xyzw) [-0.071787032, 0.109937613, -0.946231728, 0.295644820]
- Rotation: in RPY (radian) [-0.253848450, -0.070908769, -2.526871780]
- Rotation: in RPY (degree) [-14.544444828, -4.062773217, -144.779088349]
- Matrix:
 -0.814881525 0.543712829 0.200859306 0.199990286
 -0.575281208 -0.801015723 -0.165605987 0.299922306
 0.070849362 -0.250499844 0.965520687 0.850034049
 0.000000000 0.000000000 0.000000000 1.000000000
At time 1785371937.557383897
- Translation: [0.199990286, 0.299922306, 0.850034049]
- Rotation: in Quaternion (xyzw) [-0.071787032, 0.109937613, -0.946231728, 0.295644820]
- Rotation: in RPY (radian) [-0.253848450, -0.070908769, -2.526871780]
- Rotation: in RPY (degree) [-14.544444828, -4.062773217, -144.779088349]
- Matrix:
 -0.814881525 0.543712829 0.200859306 0.199990286
 -0.575281208 -0.801015723 -0.165605987 0.299922306
 0.070849362 -0.250499844 0.965520687 0.850034049
 0.000000000 0.000000000 0.000000000 1.000000000
At time 1785371937.607396812
- Translation: [0.199990286, 0.299922306, 0.850034049]
- Rotation: in Quaternion (xyzw) [-0.071787032, 0.109937613, -0.946231728, 0.295644820]
- Rotation: in RPY (radian) [-0.253848450, -0.070908769, -2.526871780]
- Rotation: in RPY (degree) [-14.544444828, -4.062773217, -144.779088349]
- Matrix:
 -0.814881525 0.543712829 0.200859306 0.199990286
 -0.575281208 -0.801015723 -0.165605987 0.299922306
 0.070849362 -0.250499844 0.965520687 0.850034049
 0.000000000 0.000000000 0.000000000 1.000000000
[INFO] [1785371937.669468013] [rclcpp]: signal_handler(signum=15)
[ros2run]: Received signal:  Terminated
[INFO] [1785371937.671070877] [rclcpp]: signal_handler(signum=15)
