[INFO] [1785371907.604274587] [tf2_echo]: Waiting for transform openarm_body_link0 ->  openarm_left_hand_tcp: Invalid frame ID "openarm_body_link0" passed to canTransform argument target_frame - frame does not exist
At time 1785371908.107388628
- Translation: [0.087068152, 0.162302682, 0.128982467]
- Rotation: in Quaternion (xyzw) [-0.958225703, 0.001914668, -0.285851952, 0.009407277]
- Rotation: in RPY (radian) [-3.118732928, -0.579714796, -0.010814628]
- Rotation: in RPY (degree) [-178.690234207, -33.215211122, -0.619632554]
- Matrix:
 0.836569991 0.001708808 0.547857399 0.087068152
 -0.009047546 -0.999815674 0.016933966 0.162302682
 0.547785352 -0.019123213 -0.836400329 0.128982467
 0.000000000 0.000000000 0.000000000 1.000000000
At time 1785371908.162391793
- Translation: [0.087211355, 0.162384622, 0.130181240]
- Rotation: in Quaternion (xyzw) [-0.957292786, 0.001826398, -0.288958216, 0.009504554]
- Rotation: in RPY (radian) [-3.118479342, -0.586201288, -0.010791462]
- Rotation: in RPY (degree) [-178.675704788, -33.586859746, -0.618305202]
- Matrix:
 0.832999628 0.001996043 0.553269948 0.087211355
 -0.008989632 -0.999812655 0.017141776 0.162384622
 0.553200512 -0.019252787 -0.832825626 0.130181240
 0.000000000 0.000000000 0.000000000 1.000000000
At time 1785371908.212396397
- Translation: [0.087313747, 0.162626356, 0.130986230]
- Rotation: in Quaternion (xyzw) [-0.956680693, 0.001985785, -0.290966306, 0.009834485]
- Rotation: in RPY (radian) [-3.117548034, -0.590389506, -0.011463183]
- Rotation: in RPY (degree) [-178.622344757, -33.826826949, -0.656792006]
- Matrix:
 0.830669330 0.001923483 0.556762754 0.087313747
 -0.009522532 -0.999798679 0.017661330 0.162626356
 0.556684637 -0.019972516 -0.830483783 0.130986230
 0.000000000 0.000000000 0.000000000 1.000000000
At time 1785371908.262646773
- Translation: [0.087393967, 0.162614023, 0.131559633]
- Rotation: in Quaternion (xyzw) [-0.956235597, 0.002016444, -0.292425843, 0.009825598]
- Rotation: in RPY (radian) [-3.117501095, -0.593440259, -0.011583682]
- Rotation: in RPY (degree) [-178.619655393, -34.001622251, -0.663696066]
- Matrix:
 0.828966120 0.001890126 0.559295627 0.087393967
 -0.009602909 -0.999798783 0.017611852 0.162614023
 0.559216376 -0.019970494 -0.828781168 0.131559633
 0.000000000 0.000000000 0.000000000 1.000000000
At time 1785371908.317413664
- Translation: [0.087355677, 0.162604126, 0.132002449]
- Rotation: in Quaternion (xyzw) [-0.955900315, 0.002041929, -0.293520051, 0.009818256]
- Rotation: in RPY (radian) [-3.117465296, -0.595728271, -0.011679623]
- Rotation: in RPY (degree) [-178.617604259, -34.132715679, -0.669193082]
- Matrix:
 0.827683620 0.001859948 0.561191915 0.087355677
 -0.009667472 -0.999798865 0.017571854 0.162604126
 0.561111723 -0.019969243 -0.827499163 0.132002449
 0.000000000 0.000000000 0.000000000 1.000000000
At time 1785371908.372396645
- Translation: [0.087375931, 0.162599029, 0.132236439]
- Rotation: in Quaternion (xyzw) [-0.955732204, 0.002054074, -0.294067015, 0.009814529]
- Rotation: in RPY (radian) [-3.117447821, -0.596872301, -0.011726269]
- Rotation: in RPY (degree) [-178.616602984, -34.198263741, -0.671865736]
- Matrix:
 0.827040742 0.001845970 0.562138953 0.087375931
 -0.009698547 -0.999798912 0.017552052 0.162599029
 0.562058314 -0.019968193 -0.826856531 0.132236439
 0.000000000 0.000000000 0.000000000 1.000000000
At time 1785371908.422398874
- Translation: [0.087356373, 0.162597407, 0.132306632]
- Rotation: in Quaternion (xyzw) [-0.955676098, 0.002058513, -0.294249313, 0.009813299]
- Rotation: in RPY (radian) [-3.117441668, -0.597253628, -0.011742745]
- Rotation: in RPY (degree) [-178.616250465, -34.220112179, -0.672809747]
- Matrix:
 0.826826209 0.001840571 0.562454471 0.087356373
 -0.009709656 -0.999798923 0.017545240 0.162597407
 0.562373668 -0.019968103 -0.826642082 0.132306632
 0.000000000 0.000000000 0.000000000 1.000000000
At time 1785371908.477393728
- Translation: [0.087356373, 0.162597407, 0.132306632]
- Rotation: in Quaternion (xyzw) [-0.955676098, 0.002058513, -0.294249313, 0.009813299]
- Rotation: in RPY (radian) [-3.117441668, -0.597253628, -0.011742745]
- Rotation: in RPY (degree) [-178.616250465, -34.220112179, -0.672809747]
- Matrix:
 0.826826209 0.001840571 0.562454471 0.087356373
 -0.009709656 -0.999798923 0.017545240 0.162597407
 0.562373668 -0.019968103 -0.826642082 0.132306632
 0.000000000 0.000000000 0.000000000 1.000000000
At time 1785371908.532394518
- Translation: [0.087375931, 0.162599029, 0.132236439]
- Rotation: in Quaternion (xyzw) [-0.955732204, 0.002054074, -0.294067015, 0.009814529]
- Rotation: in RPY (radian) [-3.117447821, -0.596872301, -0.011726269]
- Rotation: in RPY (degree) [-178.616602984, -34.198263741, -0.671865736]
- Matrix:
 0.827040742 0.001845970 0.562138953 0.087375931
 -0.009698547 -0.999798912 0.017552052 0.162599029
 0.562058314 -0.019968193 -0.826856531 0.132236439
 0.000000000 0.000000000 0.000000000 1.000000000
At time 1785371908.532394518
- Translation: [0.087375931, 0.162599029, 0.132236439]
- Rotation: in Quaternion (xyzw) [-0.955732204, 0.002054074, -0.294067015, 0.009814529]
- Rotation: in RPY (radian) [-3.117447821, -0.596872301, -0.011726269]
- Rotation: in RPY (degree) [-178.616602984, -34.198263741, -0.671865736]
- Matrix:
 0.827040742 0.001845970 0.562138953 0.087375931
 -0.009698547 -0.999798912 0.017552052 0.162599029
 0.562058314 -0.019968193 -0.826856531 0.132236439
 0.000000000 0.000000000 0.000000000 1.000000000
At time 1785371908.587388185
- Translation: [0.087257873, 0.162601580, 0.132102728]
- Rotation: in Quaternion (xyzw) [-0.955844313, 0.002048939, -0.293702389, 0.009816200]
- Rotation: in RPY (radian) [-3.117459260, -0.596109561, -0.011701428]
- Rotation: in RPY (degree) [-178.617258422, -34.154561991, -0.670442418]
- Matrix:
 0.827469417 0.001849150 0.561507742 0.087257873
 -0.009683015 -0.999798888 0.017561961 0.162601580
 0.561427291 -0.019969074 -0.827285098 0.132102728
 0.000000000 0.000000000 0.000000000 1.000000000
At time 1785371908.642386600
- Translation: [0.087277409, 0.162603197, 0.132032661]
- Rotation: in Quaternion (xyzw) [-0.955900315, 0.002044498, -0.293520060, 0.009817424]
- Rotation: in RPY (radian) [-3.117465398, -0.595728234, -0.011684965]
- Rotation: in RPY (degree) [-178.617610088, -34.132713546, -0.669499194]
- Matrix:
 0.827683589 0.001854549 0.561191979 0.087277409
 -0.009671894 -0.999798876 0.017568755 0.162603197
 0.561111692 -0.019969159 -0.827499186 0.132032661
 0.000000000 0.000000000 0.000000000 1.000000000
At time 1785371908.692393579
- Translation: [0.087159273, 0.162605740, 0.131899174]
- Rotation: in Quaternion (xyzw) [-0.956012215, 0.002039361, -0.293155369, 0.009819088]
- Rotation: in RPY (radian) [-3.117476805, -0.594965494, -0.011660153]
- Rotation: in RPY (degree) [-178.618263636, -34.089011782, -0.668077528]
- Matrix:
 0.828111541 0.001857729 0.560560277 0.087159273
 -0.009656344 -0.999798853 0.017578636 0.162605740
 0.560480178 -0.019970035 -0.827927030 0.131899174
 0.000000000 0.000000000 0.000000000 1.000000000
At time 1785371908.742394621
- Translation: [0.087375221, 0.162605740, 0.131932464]
- Rotation: in Quaternion (xyzw) [-0.955956282, 0.002037487, -0.293337711, 0.009819477]
- Rotation: in RPY (radian) [-3.117471432, -0.595346944, -0.011663163]
- Rotation: in RPY (degree) [-178.617955829, -34.110867235, -0.668250015]
- Matrix:
 0.827897671 0.001865348 0.560876070 0.087375221
 -0.009656343 -0.999798853 0.017578637 0.162605740
 0.560796042 -0.019969325 -0.827713130 0.131932464
 0.000000000 0.000000000 0.000000000 1.000000000
At time 1785371908.797393037
- Translation: [0.087237553, 0.162606667, 0.131868992]
- Rotation: in Quaternion (xyzw) [-0.956012215, 0.002036792, -0.293155361, 0.009819918]
- Rotation: in RPY (radian) [-3.117476705, -0.594965532, -0.011654808]
- Rotation: in RPY (degree) [-178.618257952, -34.089013916, -0.667771329]
- Matrix:
 0.828111572 0.001863128 0.560560214 0.087237553
 -0.009651919 -0.999798841 0.017581731 0.162606667
 0.560480209 -0.019970116 -0.827927007 0.131868992
 0.000000000 0.000000000 0.000000000 1.000000000
At time 1785371908.852387891
- Translation: [0.087355677, 0.162604126, 0.132002449]
- Rotation: in Quaternion (xyzw) [-0.955900315, 0.002041929, -0.293520051, 0.009818256]
- Rotation: in RPY (radian) [-3.117465296, -0.595728271, -0.011679623]
- Rotation: in RPY (degree) [-178.617604259, -34.132715679, -0.669193082]
- Matrix:
 0.827683620 0.001859948 0.561191915 0.087355677
 -0.009667472 -0.999798865 0.017571854 0.162604126
 0.561111723 -0.019969243 -0.827499163 0.132002449
 0.000000000 0.000000000 0.000000000 1.000000000
At time 1785371908.902394869
- Translation: [0.087494532, 0.162786845, 0.132319515]
- Rotation: in Quaternion (xyzw) [-0.955618051, 0.002175989, -0.294431887, 0.009963453]
- Rotation: in RPY (radian) [-3.117004978, -0.597630783, -0.012128393]
- Rotation: in RPY (degree) [-178.591229942, -34.241721563, -0.694905741]
- Matrix:
 0.826610258 0.001708287 0.562772213 0.087494532
 -0.010025946 -0.999791989 0.017761150 0.162786845
 0.562685491 -0.020323872 -0.826421187 0.132319515
 0.000000000 0.000000000 0.000000000 1.000000000
At time 1785371908.957388536
- Translation: [0.087494405, 0.162883458, 0.132877865]
- Rotation: in Quaternion (xyzw) [-0.955166583, 0.002059142, -0.295890354, 0.010072634]
- Rotation: in RPY (radian) [-3.116787783, -0.600684974, -0.011994290]
- Rotation: in RPY (degree) [-178.578785608, -34.416713819, -0.687222222]
- Matrix:
 0.824889317 0.002027144 0.565290638 0.087494405
 -0.009894437 -0.999788604 0.018023526 0.162883458
 0.565207674 -0.020460646 -0.824694881 0.132877865
 0.000000000 0.000000000 0.000000000 1.000000000
At time 1785371909.12394075
- Translation: [0.087807745, 0.163116266, 0.133935847]
- Rotation: in Quaternion (xyzw) [-0.954255192, 0.002237337, -0.298804199, 0.010395869]
- Rotation: in RPY (radian) [-3.115810175, -0.606778989, -0.012760881]
- Rotation: in RPY (degree) [-178.522772810, -34.765875161, -0.731144649]
- Matrix:
 0.821422090 0.001942678 0.570317434 0.087807745
 -0.010482639 -0.999773840 0.018503573 0.163116266
 0.570224398 -0.021177675 -0.821215954 0.133935847
 0.000000000 0.000000000 0.000000000 1.000000000
At time 1785371909.67387742
- Translation: [0.088155123, 0.163469999, 0.135430957]
- Rotation: in Quaternion (xyzw) [-0.952987836, 0.002105208, -0.302807527, 0.010833036]
- Rotation: in RPY (radian) [-3.114745881, -0.615170983, -0.012946916]
- Rotation: in RPY (degree) [-178.461793243, -35.246701007, -0.741803654]
- Matrix:
 0.816606339 0.002548175 0.577189391 0.088155123
 -0.010573125 -0.999756427 0.019372557 0.163469999
 0.577098168 -0.021922448 -0.816380494 0.135430957
 0.000000000 0.000000000 0.000000000 1.000000000
At time 1785371909.117388784
- Translation: [0.088555946, 0.163976989, 0.137307422]
- Rotation: in Quaternion (xyzw) [-0.951408130, 0.002314319, -0.307712659, 0.011407637]
- Rotation: in RPY (radian) [-3.113056584, -0.625457034, -0.014092405]
- Rotation: in RPY (degree) [-178.365003637, -35.836048312, -0.807435345]
- Matrix:
 0.810615126 0.002616824 0.585573453 0.088555946
 -0.011424273 -0.999729020 0.020282346 0.163976989
 0.585467850 -0.023130927 -0.810365570 0.137307422
 0.000000000 0.000000000 0.000000000 1.000000000
At time 1785371909.167401699
- Translation: [0.088905299, 0.164581554, 0.139631080]
- Rotation: in Quaternion (xyzw) [-0.949442980, 0.002420445, -0.313697093, 0.012095573]
- Rotation: in RPY (radian) [-3.111104135, -0.638032861, -0.015169649]
- Rotation: in RPY (degree) [-178.253136561, -36.556590107, -0.869156866]
- Matrix:
 0.803176550 0.002992543 0.595733559 0.088905299
 -0.012184841 -0.999695677 0.021449541 0.164581554
 0.595616453 -0.024486687 -0.802895662 0.139631080
 0.000000000 0.000000000 0.000000000 1.000000000
At time 1785371909.222383492
- Translation: [0.089718025, 0.165163426, 0.142771026]
- Rotation: in Quaternion (xyzw) [-0.946766804, 0.002585231, -0.321656426, 0.012770267]
- Rotation: in RPY (radian) [-3.109003624, -0.654800760, -0.016530010]
- Rotation: in RPY (degree) [-178.132786118, -37.517319943, -0.947099831]
- Matrix:
 0.793060921 0.003320054 0.609133280 0.089718025
 -0.013110499 -0.999660474 0.022517817 0.165163426
 0.609001224 -0.025844042 -0.792748128 0.142771026
 0.000000000 0.000000000 0.000000000 1.000000000
At time 1785371909.272398782
- Translation: [0.090201708, 0.166005993, 0.146009666]
- Rotation: in Quaternion (xyzw) [-0.944018207, 0.002729355, -0.329594339, 0.013774877]
- Rotation: in RPY (radian) [-3.106065423, -0.671563739, -0.018182480]
- Rotation: in RPY (degree) [-177.964439613, -38.477767938, -1.041779379]
- Matrix:
 0.782720245 0.003927123 0.622361306 0.090201708
 -0.014233364 -0.999605607 0.024208311 0.166005993
 0.622210920 -0.027806630 -0.782355649 0.146009666
 0.000000000 0.000000000 0.000000000 1.000000000
At time 1785371909.327390074
- Translation: [0.090785587, 0.166789275, 0.150029016]
- Rotation: in Quaternion (xyzw) [-0.940620974, 0.003143777, -0.339123463, 0.014750463]
- Rotation: in RPY (radian) [-3.102782657, -0.691743056, -0.020671425]
- Rotation: in RPY (degree) [-177.776350978, -39.633957639, -1.184385426]
- Matrix:
 0.769970787 0.004090251 0.638066029 0.090785587
 -0.015918661 -0.999545081 0.025616933 0.166789275
 0.637880540 -0.029881447 -0.769555402 0.150029016
 0.000000000 0.000000000 0.000000000 1.000000000
At time 1785371909.377392304
- Translation: [0.091593781, 0.167494144, 0.154023468]
- Rotation: in Quaternion (xyzw) [-0.937195795, 0.003569962, -0.348439683, 0.015526893]
- Rotation: in RPY (radian) [-3.099867950, -0.711540891, -0.023124431]
- Rotation: in RPY (degree) [-177.609350555, -40.768290030, -1.324932286]
- Matrix:
 0.757154086 0.004128864 0.653223272 0.091593781
 -0.017511879 -0.999492342 0.026615644 0.167494144
 0.653001550 -0.031591310 -0.756697406 0.154023468
 0.000000000 0.000000000 0.000000000 1.000000000
At time 1785371909.432388345
- Translation: [0.092130158, 0.168385281, 0.158475953]
- Rotation: in Quaternion (xyzw) [-0.933399026, 0.003755276, -0.358435392, 0.016620063]
- Rotation: in RPY (radian) [-3.096211652, -0.732864793, -0.025464578]
- Rotation: in RPY (degree) [-177.399860124, -41.990059576, -1.459012843]
- Matrix:
 0.743019935 0.004904095 0.669251317 0.092130158
 -0.018924780 -0.999419343 0.028334252 0.168385281
 0.669001666 -0.033718348 -0.742495686 0.158475953
 0.000000000 0.000000000 0.000000000 1.000000000
At time 1785371909.482394136
- Translation: [0.092901359, 0.169122368, 0.162590896]
- Rotation: in Quaternion (xyzw) [-0.929847292, 0.004255017, -0.367501585, 0.017563983]
- Rotation: in RPY (radian) [-3.092553905, -0.752260825, -0.028522295]
- Rotation: in RPY (degree) [-177.190286649, -43.101370360, -1.634207144]
- Matrix:
 0.729848960 0.004996551 0.683590177 0.092901359
 -0.020822614 -0.999346803 0.029536193 0.169122368
 0.683291237 -0.035791094 -0.729268183 0.162590896
 0.000000000 0.000000000 0.000000000 1.000000000
At time 1785371909.482394136
- Translation: [0.092901359, 0.169122368, 0.162590896]
- Rotation: in Quaternion (xyzw) [-0.929847292, 0.004255017, -0.367501585, 0.017563983]
- Rotation: in RPY (radian) [-3.092553905, -0.752260825, -0.028522295]
- Rotation: in RPY (degree) [-177.190286649, -43.101370360, -1.634207144]
- Matrix:
 0.729848960 0.004996551 0.683590177 0.092901359
 -0.020822614 -0.999346803 0.029536193 0.169122368
 0.683291237 -0.035791094 -0.729268183 0.162590896
 0.000000000 0.000000000 0.000000000 1.000000000
At time 1785371909.537387802
- Translation: [0.093418050, 0.169835521, 0.166851766]
- Rotation: in Quaternion (xyzw) [-0.926206255, 0.004799533, -0.376533017, 0.018488503]
- Rotation: in RPY (radian) [-3.088743472, -0.771647427, -0.031834284]
- Rotation: in RPY (degree) [-176.971964918, -44.212140846, -1.823970098]
- Matrix:
 0.716399703 0.005032349 0.697671944 0.093418050
 -0.022813779 -0.999270279 0.030633970 0.169835521
 0.697316999 -0.037862700 -0.715762125 0.166851766
 0.000000000 0.000000000 0.000000000 1.000000000
At time 1785371909.587391219
- Translation: [0.093810373, 0.170369082, 0.170406535]
- Rotation: in Quaternion (xyzw) [-0.923144282, 0.004961974, -0.383945648, 0.019124659]
- Rotation: in RPY (radian) [-3.086116307, -0.787632128, -0.033806634]
- Rotation: in RPY (degree) [-176.821439480, -45.127996762, -1.936977442]
- Matrix:
 0.705122236 0.005524424 0.709064251 0.093810373
 -0.023846895 -0.999219252 0.031499384 0.170369082
 0.708684667 -0.039119896 -0.704439973 0.170406535
 0.000000000 0.000000000 0.000000000 1.000000000
At time 1785371909.642393197
- Translation: [0.094234809, 0.171024526, 0.173843475]
- Rotation: in Quaternion (xyzw) [-0.920167656, 0.005470300, -0.390982144, 0.019862596]
- Rotation: in RPY (radian) [-3.082781277, -0.802824303, -0.036858555]
- Rotation: in RPY (degree) [-176.630356361, -45.998444267, -2.111839629]
- Matrix:
 0.694206077 0.005464655 0.719755556 0.094234809
 -0.025599026 -0.999151106 0.032276258 0.171024526
 0.719320938 -0.040831416 -0.693476880 0.173843475
 0.000000000 0.000000000 0.000000000 1.000000000
At time 1785371909.697392800
- Translation: [0.094578866, 0.171314833, 0.176721638]
- Rotation: in Quaternion (xyzw) [-0.917673962, 0.005771524, -0.396767296, 0.020418188]
- Rotation: in RPY (radian) [-3.080215363, -0.815356909, -0.039092449]
- Rotation: in RPY (degree) [-176.483340289, -46.716509658, -2.239832346]
- Matrix:
 0.685084805 0.005609783 0.728441721 0.094578866
 -0.026795294 -0.999099574 0.032894575 0.171314833
 0.727970345 -0.042054383 -0.684317621 0.176721638
 0.000000000 0.000000000 0.000000000 1.000000000
At time 1785371909.752390028
- Translation: [0.094758512, 0.171658977, 0.178856780]
- Rotation: in Quaternion (xyzw) [-0.915837204, 0.006145376, -0.400967482, 0.020725099]
- Rotation: in RPY (radian) [-3.078379483, -0.824468679, -0.041069982]
- Rotation: in RPY (degree) [-176.378152143, -47.238575647, -2.353136609]
- Matrix:
 0.678374626 0.005363854 0.734696601 0.094758512
 -0.027876509 -0.999065409 0.033033441 0.171658977
 0.734187147 -0.042889824 -0.677591098 0.178856780
 0.000000000 0.000000000 0.000000000 1.000000000
At time 1785371909.802391070
- Translation: [0.094797441, 0.171947948, 0.180127801]
- Rotation: in Quaternion (xyzw) [-0.914752066, 0.006314403, -0.403412981, 0.021136546]
- Rotation: in RPY (radian) [-3.076715652, -0.829773934, -0.042388896]
- Rotation: in RPY (degree) [-176.282821606, -47.542544340, -2.428704831]
- Matrix:
 0.674436191 0.005501287 0.738312644 0.094797441
 -0.028605741 -0.999026750 0.033574773 0.171947948
 0.737778785 -0.043764022 -0.673622427 0.180127801
 0.000000000 0.000000000 0.000000000 1.000000000
At time 1785371909.857387111
- Translation: [0.094928185, 0.171908473, 0.181008772]
- Rotation: in Quaternion (xyzw) [-0.913980970, 0.006386577, -0.405157403, 0.021106334]
- Rotation: in RPY (radian) [-3.076454686, -0.833580038, -0.042821664]
- Rotation: in RPY (degree) [-176.267869393, -47.760618040, -2.453500605]
- Matrix:
 0.671613381 0.005428355 0.740881907 0.094928185
 -0.028777194 -0.999027469 0.033406437 0.171908473
 0.740342718 -0.043756713 -0.670804003 0.181008772
 0.000000000 0.000000000 0.000000000 1.000000000
At time 1785371909.912384339
- Translation: [0.095005467, 0.171896622, 0.181280177]
- Rotation: in Quaternion (xyzw) [-0.913748993, 0.006406579, -0.405680455, 0.021097419]
- Rotation: in RPY (radian) [-3.076377241, -0.834721992, -0.042947860]
- Rotation: in RPY (degree) [-176.263432115, -47.826047218, -2.460731118]
- Matrix:
 0.670764648 0.005409610 0.741650540 0.095005467
 -0.028825632 -0.999027709 0.033357442 0.171896622
 0.741109890 -0.043753538 -0.669956535 0.181280177
 0.000000000 0.000000000 0.000000000 1.000000000
At time 1785371909.962386569
- Translation: [0.094880031, 0.171899212, 0.181200577]
- Rotation: in Quaternion (xyzw) [-0.913826352, 0.006405280, -0.405506119, 0.021098765]
- Rotation: in RPY (radian) [-3.076401053, -0.834341035, -0.042918401]
- Rotation: in RPY (degree) [-176.264796444, -47.804219983, -2.459043237]
- Matrix:
 0.671047519 0.005404730 0.741394642 0.094880031
 -0.028817983 -0.999027629 0.033366454 0.171899212
 0.740854068 -0.043755974 -0.670239259 0.181200577
 0.000000000 0.000000000 0.000000000 1.000000000
At time 1785371910.12393548
- Translation: [0.095077753, 0.171910514, 0.180992483]
- Rotation: in Quaternion (xyzw) [-0.913980970, 0.006378524, -0.405157403, 0.021108769]
- Rotation: in RPY (radian) [-3.076457745, -0.833580497, -0.042802706]
- Rotation: in RPY (degree) [-176.268044647, -47.760644363, -2.452414412]
- Matrix:
 0.671613587 0.005445049 0.740881598 0.095077753
 -0.028764447 -0.999027469 0.033417414 0.171910514
 0.740343026 -0.043754639 -0.670803798 0.180992483
 0.000000000 0.000000000 0.000000000 1.000000000
At time 1785371910.67387214
- Translation: [0.095024449, 0.171926954, 0.180625708]
- Rotation: in Quaternion (xyzw) [-0.914289806, 0.006349145, -0.404459794, 0.021121414]
- Rotation: in RPY (radian) [-3.076561651, -0.832058037, -0.042628492]
- Rotation: in RPY (degree) [-176.273997985, -47.673413841, -2.442432669]
- Matrix:
 0.672743927 0.005475609 0.739855138 0.095024449
 -0.028695443 -0.999027148 0.033486240 0.171926954
 0.739318727 -0.043758135 -0.671932322 0.180625708
 0.000000000 0.000000000 0.000000000 1.000000000
At time 1785371910.117394193
- Translation: [0.094970963, 0.171943349, 0.180259499]
- Rotation: in Quaternion (xyzw) [-0.914598110, 0.006319742, -0.403761949, 0.021134008]
- Rotation: in RPY (radian) [-3.076665121, -0.830535569, -0.042454700]
- Rotation: in RPY (degree) [-176.279926422, -47.586182862, -2.432475109]
- Matrix:
 0.673872699 0.005506169 0.738826954 0.094970963
 -0.028626264 -0.999026829 0.033554905 0.171943349
 0.738292708 -0.043761589 -0.673059285 0.180259499
 0.000000000 0.000000000 0.000000000 1.000000000
At time 1785371910.172387859
- Translation: [0.094841806, 0.171806210, 0.179930910]
- Rotation: in Quaternion (xyzw) [-0.914909945, 0.006140012, -0.403062861, 0.021033846]
- Rotation: in RPY (radian) [-3.077252568, -0.829026668, -0.041739923]
- Rotation: in RPY (degree) [-176.313584627, -47.499729195, -2.391521414]
- Matrix:
 0.675005261 0.005720808 0.737790736 0.094841806
 -0.028191041 -0.999039755 0.033538529 0.171806210
 0.737274144 -0.043437772 -0.674195815 0.179930910
 0.000000000 0.000000000 0.000000000 1.000000000
At time 1785371910.222392463
- Translation: [0.094866492, 0.171678180, 0.179831000]
- Rotation: in Quaternion (xyzw) [-0.914989892, 0.006241029, -0.402887691, 0.020881929]
- Rotation: in RPY (radian) [-3.077569144, -0.828644176, -0.041805516]
- Rotation: in RPY (degree) [-176.331723129, -47.477814020, -2.395279625]
- Matrix:
 0.675285116 0.005405188 0.737536979 0.094866492
 -0.028247100 -0.999049989 0.033184640 0.171678180
 0.737015681 -0.043242375 -0.674490907 0.179831000
 0.000000000 0.000000000 0.000000000 1.000000000
At time 1785371910.272393505
- Translation: [0.094841806, 0.171806210, 0.179930910]
- Rotation: in Quaternion (xyzw) [-0.914909945, 0.006140012, -0.403062861, 0.021033846]
- Rotation: in RPY (radian) [-3.077252568, -0.829026668, -0.041739923]
- Rotation: in RPY (degree) [-176.313584627, -47.499729195, -2.391521414]
- Matrix:
 0.675005261 0.005720808 0.737790736 0.094841806
 -0.028191041 -0.999039755 0.033538529 0.171806210
 0.737274144 -0.043437772 -0.674195815 0.179930910
 0.000000000 0.000000000 0.000000000 1.000000000
[INFO] [1785371910.313372205] [rclcpp]: signal_handler(signum=15)
[ros2run]: Received signal:  Terminated
[INFO] [1785371910.314502521] [rclcpp]: signal_handler(signum=15)
