[INFO] [1785371927.382042986] [tf2_echo]: Waiting for transform openarm_body_link0 ->  openarm_left_hand_tcp: Invalid frame ID "openarm_body_link0" passed to canTransform argument target_frame - frame does not exist
At time 1785371927.842391432
- Translation: [0.199990286, 0.299922306, 0.850034049]
- Rotation: in Quaternion (xyzw) [-0.071787032, 0.109937613, -0.946231728, 0.295644820]
- Rotation: in RPY (radian) [-0.253848450, -0.070908769, -2.526871780]
- Rotation: in RPY (degree) [-14.544444828, -4.062773217, -144.779088349]
- Matrix:
 -0.814881525 0.543712829 0.200859306 0.199990286
 -0.575281208 -0.801015723 -0.165605987 0.299922306
 0.070849362 -0.250499844 0.965520687 0.850034049
 0.000000000 0.000000000 0.000000000 1.000000000
At time 1785371927.897383911
- Translation: [0.199990286, 0.299922306, 0.850034049]
- Rotation: in Quaternion (xyzw) [-0.071787032, 0.109937613, -0.946231728, 0.295644820]
- Rotation: in RPY (radian) [-0.253848450, -0.070908769, -2.526871780]
- Rotation: in RPY (degree) [-14.544444828, -4.062773217, -144.779088349]
- Matrix:
 -0.814881525 0.543712829 0.200859306 0.199990286
 -0.575281208 -0.801015723 -0.165605987 0.299922306
 0.070849362 -0.250499844 0.965520687 0.850034049
 0.000000000 0.000000000 0.000000000 1.000000000
At time 1785371927.947389702
- Translation: [0.199990286, 0.299922306, 0.850034049]
- Rotation: in Quaternion (xyzw) [-0.071787032, 0.109937613, -0.946231728, 0.295644820]
- Rotation: in RPY (radian) [-0.253848450, -0.070908769, -2.526871780]
- Rotation: in RPY (degree) [-14.544444828, -4.062773217, -144.779088349]
- Matrix:
 -0.814881525 0.543712829 0.200859306 0.199990286
 -0.575281208 -0.801015723 -0.165605987 0.299922306
 0.070849362 -0.250499844 0.965520687 0.850034049
 0.000000000 0.000000000 0.000000000 1.000000000
At time 1785371927.997394306
- Translation: [0.199990286, 0.299922306, 0.850034049]
- Rotation: in Quaternion (xyzw) [-0.071787032, 0.109937613, -0.946231728, 0.295644820]
- Rotation: in RPY (radian) [-0.253848450, -0.070908769, -2.526871780]
- Rotation: in RPY (degree) [-14.544444828, -4.062773217, -144.779088349]
- Matrix:
 -0.814881525 0.543712829 0.200859306 0.199990286
 -0.575281208 -0.801015723 -0.165605987 0.299922306
 0.070849362 -0.250499844 0.965520687 0.850034049
 0.000000000 0.000000000 0.000000000 1.000000000
At time 1785371928.47395349
- Translation: [0.199990286, 0.299922306, 0.850034049]
- Rotation: in Quaternion (xyzw) [-0.071787032, 0.109937613, -0.946231728, 0.295644820]
- Rotation: in RPY (radian) [-0.253848450, -0.070908769, -2.526871780]
- Rotation: in RPY (degree) [-14.544444828, -4.062773217, -144.779088349]
- Matrix:
 -0.814881525 0.543712829 0.200859306 0.199990286
 -0.575281208 -0.801015723 -0.165605987 0.299922306
 0.070849362 -0.250499844 0.965520687 0.850034049
 0.000000000 0.000000000 0.000000000 1.000000000
At time 1785371928.102389015
- Translation: [0.199990286, 0.299922306, 0.850034049]
- Rotation: in Quaternion (xyzw) [-0.071787032, 0.109937613, -0.946231728, 0.295644820]
- Rotation: in RPY (radian) [-0.253848450, -0.070908769, -2.526871780]
- Rotation: in RPY (degree) [-14.544444828, -4.062773217, -144.779088349]
- Matrix:
 -0.814881525 0.543712829 0.200859306 0.199990286
 -0.575281208 -0.801015723 -0.165605987 0.299922306
 0.070849362 -0.250499844 0.965520687 0.850034049
 0.000000000 0.000000000 0.000000000 1.000000000
At time 1785371928.152394807
- Translation: [0.199990286, 0.299922306, 0.850034049]
- Rotation: in Quaternion (xyzw) [-0.071787032, 0.109937613, -0.946231728, 0.295644820]
- Rotation: in RPY (radian) [-0.253848450, -0.070908769, -2.526871780]
- Rotation: in RPY (degree) [-14.544444828, -4.062773217, -144.779088349]
- Matrix:
 -0.814881525 0.543712829 0.200859306 0.199990286
 -0.575281208 -0.801015723 -0.165605987 0.299922306
 0.070849362 -0.250499844 0.965520687 0.850034049
 0.000000000 0.000000000 0.000000000 1.000000000
At time 1785371928.207401533
- Translation: [0.199990286, 0.299922306, 0.850034049]
- Rotation: in Quaternion (xyzw) [-0.071787032, 0.109937613, -0.946231728, 0.295644820]
- Rotation: in RPY (radian) [-0.253848450, -0.070908769, -2.526871780]
- Rotation: in RPY (degree) [-14.544444828, -4.062773217, -144.779088349]
- Matrix:
 -0.814881525 0.543712829 0.200859306 0.199990286
 -0.575281208 -0.801015723 -0.165605987 0.299922306
 0.070849362 -0.250499844 0.965520687 0.850034049
 0.000000000 0.000000000 0.000000000 1.000000000
At time 1785371928.262392825
- Translation: [0.199990286, 0.299922306, 0.850034049]
- Rotation: in Quaternion (xyzw) [-0.071787032, 0.109937613, -0.946231728, 0.295644820]
- Rotation: in RPY (radian) [-0.253848450, -0.070908769, -2.526871780]
- Rotation: in RPY (degree) [-14.544444828, -4.062773217, -144.779088349]
- Matrix:
 -0.814881525 0.543712829 0.200859306 0.199990286
 -0.575281208 -0.801015723 -0.165605987 0.299922306
 0.070849362 -0.250499844 0.965520687 0.850034049
 0.000000000 0.000000000 0.000000000 1.000000000
At time 1785371928.262392825
- Translation: [0.199990286, 0.299922306, 0.850034049]
- Rotation: in Quaternion (xyzw) [-0.071787032, 0.109937613, -0.946231728, 0.295644820]
- Rotation: in RPY (radian) [-0.253848450, -0.070908769, -2.526871780]
- Rotation: in RPY (degree) [-14.544444828, -4.062773217, -144.779088349]
- Matrix:
 -0.814881525 0.543712829 0.200859306 0.199990286
 -0.575281208 -0.801015723 -0.165605987 0.299922306
 0.070849362 -0.250499844 0.965520687 0.850034049
 0.000000000 0.000000000 0.000000000 1.000000000
At time 1785371928.317388866
- Translation: [0.199990286, 0.299922306, 0.850034049]
- Rotation: in Quaternion (xyzw) [-0.071787032, 0.109937613, -0.946231728, 0.295644820]
- Rotation: in RPY (radian) [-0.253848450, -0.070908769, -2.526871780]
- Rotation: in RPY (degree) [-14.544444828, -4.062773217, -144.779088349]
- Matrix:
 -0.814881525 0.543712829 0.200859306 0.199990286
 -0.575281208 -0.801015723 -0.165605987 0.299922306
 0.070849362 -0.250499844 0.965520687 0.850034049
 0.000000000 0.000000000 0.000000000 1.000000000
At time 1785371928.372387282
- Translation: [0.199990286, 0.299922306, 0.850034049]
- Rotation: in Quaternion (xyzw) [-0.071787032, 0.109937613, -0.946231728, 0.295644820]
- Rotation: in RPY (radian) [-0.253848450, -0.070908769, -2.526871780]
- Rotation: in RPY (degree) [-14.544444828, -4.062773217, -144.779088349]
- Matrix:
 -0.814881525 0.543712829 0.200859306 0.199990286
 -0.575281208 -0.801015723 -0.165605987 0.299922306
 0.070849362 -0.250499844 0.965520687 0.850034049
 0.000000000 0.000000000 0.000000000 1.000000000
At time 1785371928.422389511
- Translation: [0.199990286, 0.299922306, 0.850034049]
- Rotation: in Quaternion (xyzw) [-0.071787032, 0.109937613, -0.946231728, 0.295644820]
- Rotation: in RPY (radian) [-0.253848450, -0.070908769, -2.526871780]
- Rotation: in RPY (degree) [-14.544444828, -4.062773217, -144.779088349]
- Matrix:
 -0.814881525 0.543712829 0.200859306 0.199990286
 -0.575281208 -0.801015723 -0.165605987 0.299922306
 0.070849362 -0.250499844 0.965520687 0.850034049
 0.000000000 0.000000000 0.000000000 1.000000000
At time 1785371928.472397677
- Translation: [0.199990286, 0.299922306, 0.850034049]
- Rotation: in Quaternion (xyzw) [-0.071787032, 0.109937613, -0.946231728, 0.295644820]
- Rotation: in RPY (radian) [-0.253848450, -0.070908769, -2.526871780]
- Rotation: in RPY (degree) [-14.544444828, -4.062773217, -144.779088349]
- Matrix:
 -0.814881525 0.543712829 0.200859306 0.199990286
 -0.575281208 -0.801015723 -0.165605987 0.299922306
 0.070849362 -0.250499844 0.965520687 0.850034049
 0.000000000 0.000000000 0.000000000 1.000000000
At time 1785371928.527393718
- Translation: [0.199990286, 0.299922306, 0.850034049]
- Rotation: in Quaternion (xyzw) [-0.071787032, 0.109937613, -0.946231728, 0.295644820]
- Rotation: in RPY (radian) [-0.253848450, -0.070908769, -2.526871780]
- Rotation: in RPY (degree) [-14.544444828, -4.062773217, -144.779088349]
- Matrix:
 -0.814881525 0.543712829 0.200859306 0.199990286
 -0.575281208 -0.801015723 -0.165605987 0.299922306
 0.070849362 -0.250499844 0.965520687 0.850034049
 0.000000000 0.000000000 0.000000000 1.000000000
At time 1785371928.577398322
- Translation: [0.199990286, 0.299922306, 0.850034049]
- Rotation: in Quaternion (xyzw) [-0.071787032, 0.109937613, -0.946231728, 0.295644820]
- Rotation: in RPY (radian) [-0.253848450, -0.070908769, -2.526871780]
- Rotation: in RPY (degree) [-14.544444828, -4.062773217, -144.779088349]
- Matrix:
 -0.814881525 0.543712829 0.200859306 0.199990286
 -0.575281208 -0.801015723 -0.165605987 0.299922306
 0.070849362 -0.250499844 0.965520687 0.850034049
 0.000000000 0.000000000 0.000000000 1.000000000
At time 1785371928.632388427
- Translation: [0.199990286, 0.299922306, 0.850034049]
- Rotation: in Quaternion (xyzw) [-0.071787032, 0.109937613, -0.946231728, 0.295644820]
- Rotation: in RPY (radian) [-0.253848450, -0.070908769, -2.526871780]
- Rotation: in RPY (degree) [-14.544444828, -4.062773217, -144.779088349]
- Matrix:
 -0.814881525 0.543712829 0.200859306 0.199990286
 -0.575281208 -0.801015723 -0.165605987 0.299922306
 0.070849362 -0.250499844 0.965520687 0.850034049
 0.000000000 0.000000000 0.000000000 1.000000000
At time 1785371928.687389217
- Translation: [0.199990286, 0.299922306, 0.850034049]
- Rotation: in Quaternion (xyzw) [-0.071787032, 0.109937613, -0.946231728, 0.295644820]
- Rotation: in RPY (radian) [-0.253848450, -0.070908769, -2.526871780]
- Rotation: in RPY (degree) [-14.544444828, -4.062773217, -144.779088349]
- Matrix:
 -0.814881525 0.543712829 0.200859306 0.199990286
 -0.575281208 -0.801015723 -0.165605987 0.299922306
 0.070849362 -0.250499844 0.965520687 0.850034049
 0.000000000 0.000000000 0.000000000 1.000000000
At time 1785371928.737391447
- Translation: [0.199990286, 0.299922306, 0.850034049]
- Rotation: in Quaternion (xyzw) [-0.071787032, 0.109937613, -0.946231728, 0.295644820]
- Rotation: in RPY (radian) [-0.253848450, -0.070908769, -2.526871780]
- Rotation: in RPY (degree) [-14.544444828, -4.062773217, -144.779088349]
- Matrix:
 -0.814881525 0.543712829 0.200859306 0.199990286
 -0.575281208 -0.801015723 -0.165605987 0.299922306
 0.070849362 -0.250499844 0.965520687 0.850034049
 0.000000000 0.000000000 0.000000000 1.000000000
At time 1785371928.792385113
- Translation: [0.199990286, 0.299922306, 0.850034049]
- Rotation: in Quaternion (xyzw) [-0.071787032, 0.109937613, -0.946231728, 0.295644820]
- Rotation: in RPY (radian) [-0.253848450, -0.070908769, -2.526871780]
- Rotation: in RPY (degree) [-14.544444828, -4.062773217, -144.779088349]
- Matrix:
 -0.814881525 0.543712829 0.200859306 0.199990286
 -0.575281208 -0.801015723 -0.165605987 0.299922306
 0.070849362 -0.250499844 0.965520687 0.850034049
 0.000000000 0.000000000 0.000000000 1.000000000
At time 1785371928.842388530
- Translation: [0.199990286, 0.299922306, 0.850034049]
- Rotation: in Quaternion (xyzw) [-0.071787032, 0.109937613, -0.946231728, 0.295644820]
- Rotation: in RPY (radian) [-0.253848450, -0.070908769, -2.526871780]
- Rotation: in RPY (degree) [-14.544444828, -4.062773217, -144.779088349]
- Matrix:
 -0.814881525 0.543712829 0.200859306 0.199990286
 -0.575281208 -0.801015723 -0.165605987 0.299922306
 0.070849362 -0.250499844 0.965520687 0.850034049
 0.000000000 0.000000000 0.000000000 1.000000000
At time 1785371928.892389572
- Translation: [0.199990286, 0.299922306, 0.850034049]
- Rotation: in Quaternion (xyzw) [-0.071787032, 0.109937613, -0.946231728, 0.295644820]
- Rotation: in RPY (radian) [-0.253848450, -0.070908769, -2.526871780]
- Rotation: in RPY (degree) [-14.544444828, -4.062773217, -144.779088349]
- Matrix:
 -0.814881525 0.543712829 0.200859306 0.199990286
 -0.575281208 -0.801015723 -0.165605987 0.299922306
 0.070849362 -0.250499844 0.965520687 0.850034049
 0.000000000 0.000000000 0.000000000 1.000000000
At time 1785371928.942397738
- Translation: [0.199990286, 0.299922306, 0.850034049]
- Rotation: in Quaternion (xyzw) [-0.071787032, 0.109937613, -0.946231728, 0.295644820]
- Rotation: in RPY (radian) [-0.253848450, -0.070908769, -2.526871780]
- Rotation: in RPY (degree) [-14.544444828, -4.062773217, -144.779088349]
- Matrix:
 -0.814881525 0.543712829 0.200859306 0.199990286
 -0.575281208 -0.801015723 -0.165605987 0.299922306
 0.070849362 -0.250499844 0.965520687 0.850034049
 0.000000000 0.000000000 0.000000000 1.000000000
At time 1785371928.997387842
- Translation: [0.199990286, 0.299922306, 0.850034049]
- Rotation: in Quaternion (xyzw) [-0.071787032, 0.109937613, -0.946231728, 0.295644820]
- Rotation: in RPY (radian) [-0.253848450, -0.070908769, -2.526871780]
- Rotation: in RPY (degree) [-14.544444828, -4.062773217, -144.779088349]
- Matrix:
 -0.814881525 0.543712829 0.200859306 0.199990286
 -0.575281208 -0.801015723 -0.165605987 0.299922306
 0.070849362 -0.250499844 0.965520687 0.850034049
 0.000000000 0.000000000 0.000000000 1.000000000
At time 1785371929.47390072
- Translation: [0.199990286, 0.299922306, 0.850034049]
- Rotation: in Quaternion (xyzw) [-0.071787032, 0.109937613, -0.946231728, 0.295644820]
- Rotation: in RPY (radian) [-0.253848450, -0.070908769, -2.526871780]
- Rotation: in RPY (degree) [-14.544444828, -4.062773217, -144.779088349]
- Matrix:
 -0.814881525 0.543712829 0.200859306 0.199990286
 -0.575281208 -0.801015723 -0.165605987 0.299922306
 0.070849362 -0.250499844 0.965520687 0.850034049
 0.000000000 0.000000000 0.000000000 1.000000000
At time 1785371929.102392049
- Translation: [0.199990286, 0.299922306, 0.850034049]
- Rotation: in Quaternion (xyzw) [-0.071787032, 0.109937613, -0.946231728, 0.295644820]
- Rotation: in RPY (radian) [-0.253848450, -0.070908769, -2.526871780]
- Rotation: in RPY (degree) [-14.544444828, -4.062773217, -144.779088349]
- Matrix:
 -0.814881525 0.543712829 0.200859306 0.199990286
 -0.575281208 -0.801015723 -0.165605987 0.299922306
 0.070849362 -0.250499844 0.965520687 0.850034049
 0.000000000 0.000000000 0.000000000 1.000000000
At time 1785371929.157386903
- Translation: [0.199990286, 0.299922306, 0.850034049]
- Rotation: in Quaternion (xyzw) [-0.071787032, 0.109937613, -0.946231728, 0.295644820]
- Rotation: in RPY (radian) [-0.253848450, -0.070908769, -2.526871780]
- Rotation: in RPY (degree) [-14.544444828, -4.062773217, -144.779088349]
- Matrix:
 -0.814881525 0.543712829 0.200859306 0.199990286
 -0.575281208 -0.801015723 -0.165605987 0.299922306
 0.070849362 -0.250499844 0.965520687 0.850034049
 0.000000000 0.000000000 0.000000000 1.000000000
At time 1785371929.207391507
- Translation: [0.199990286, 0.299922306, 0.850034049]
- Rotation: in Quaternion (xyzw) [-0.071787032, 0.109937613, -0.946231728, 0.295644820]
- Rotation: in RPY (radian) [-0.253848450, -0.070908769, -2.526871780]
- Rotation: in RPY (degree) [-14.544444828, -4.062773217, -144.779088349]
- Matrix:
 -0.814881525 0.543712829 0.200859306 0.199990286
 -0.575281208 -0.801015723 -0.165605987 0.299922306
 0.070849362 -0.250499844 0.965520687 0.850034049
 0.000000000 0.000000000 0.000000000 1.000000000
At time 1785371929.257392549
- Translation: [0.199990286, 0.299922306, 0.850034049]
- Rotation: in Quaternion (xyzw) [-0.071787032, 0.109937613, -0.946231728, 0.295644820]
- Rotation: in RPY (radian) [-0.253848450, -0.070908769, -2.526871780]
- Rotation: in RPY (degree) [-14.544444828, -4.062773217, -144.779088349]
- Matrix:
 -0.814881525 0.543712829 0.200859306 0.199990286
 -0.575281208 -0.801015723 -0.165605987 0.299922306
 0.070849362 -0.250499844 0.965520687 0.850034049
 0.000000000 0.000000000 0.000000000 1.000000000
At time 1785371929.312385029
- Translation: [0.199990286, 0.299922306, 0.850034049]
- Rotation: in Quaternion (xyzw) [-0.071787032, 0.109937613, -0.946231728, 0.295644820]
- Rotation: in RPY (radian) [-0.253848450, -0.070908769, -2.526871780]
- Rotation: in RPY (degree) [-14.544444828, -4.062773217, -144.779088349]
- Matrix:
 -0.814881525 0.543712829 0.200859306 0.199990286
 -0.575281208 -0.801015723 -0.165605987 0.299922306
 0.070849362 -0.250499844 0.965520687 0.850034049
 0.000000000 0.000000000 0.000000000 1.000000000
At time 1785371929.362393195
- Translation: [0.199990286, 0.299922306, 0.850034049]
- Rotation: in Quaternion (xyzw) [-0.071787032, 0.109937613, -0.946231728, 0.295644820]
- Rotation: in RPY (radian) [-0.253848450, -0.070908769, -2.526871780]
- Rotation: in RPY (degree) [-14.544444828, -4.062773217, -144.779088349]
- Matrix:
 -0.814881525 0.543712829 0.200859306 0.199990286
 -0.575281208 -0.801015723 -0.165605987 0.299922306
 0.070849362 -0.250499844 0.965520687 0.850034049
 0.000000000 0.000000000 0.000000000 1.000000000
At time 1785371929.362393195
- Translation: [0.199990286, 0.299922306, 0.850034049]
- Rotation: in Quaternion (xyzw) [-0.071787032, 0.109937613, -0.946231728, 0.295644820]
- Rotation: in RPY (radian) [-0.253848450, -0.070908769, -2.526871780]
- Rotation: in RPY (degree) [-14.544444828, -4.062773217, -144.779088349]
- Matrix:
 -0.814881525 0.543712829 0.200859306 0.199990286
 -0.575281208 -0.801015723 -0.165605987 0.299922306
 0.070849362 -0.250499844 0.965520687 0.850034049
 0.000000000 0.000000000 0.000000000 1.000000000
At time 1785371929.417391610
- Translation: [0.199990286, 0.299922306, 0.850034049]
- Rotation: in Quaternion (xyzw) [-0.071787032, 0.109937613, -0.946231728, 0.295644820]
- Rotation: in RPY (radian) [-0.253848450, -0.070908769, -2.526871780]
- Rotation: in RPY (degree) [-14.544444828, -4.062773217, -144.779088349]
- Matrix:
 -0.814881525 0.543712829 0.200859306 0.199990286
 -0.575281208 -0.801015723 -0.165605987 0.299922306
 0.070849362 -0.250499844 0.965520687 0.850034049
 0.000000000 0.000000000 0.000000000 1.000000000
At time 1785371929.472386464
- Translation: [0.199990286, 0.299922306, 0.850034049]
- Rotation: in Quaternion (xyzw) [-0.071787032, 0.109937613, -0.946231728, 0.295644820]
- Rotation: in RPY (radian) [-0.253848450, -0.070908769, -2.526871780]
- Rotation: in RPY (degree) [-14.544444828, -4.062773217, -144.779088349]
- Matrix:
 -0.814881525 0.543712829 0.200859306 0.199990286
 -0.575281208 -0.801015723 -0.165605987 0.299922306
 0.070849362 -0.250499844 0.965520687 0.850034049
 0.000000000 0.000000000 0.000000000 1.000000000
At time 1785371929.522393443
- Translation: [0.199990286, 0.299922306, 0.850034049]
- Rotation: in Quaternion (xyzw) [-0.071787032, 0.109937613, -0.946231728, 0.295644820]
- Rotation: in RPY (radian) [-0.253848450, -0.070908769, -2.526871780]
- Rotation: in RPY (degree) [-14.544444828, -4.062773217, -144.779088349]
- Matrix:
 -0.814881525 0.543712829 0.200859306 0.199990286
 -0.575281208 -0.801015723 -0.165605987 0.299922306
 0.070849362 -0.250499844 0.965520687 0.850034049
 0.000000000 0.000000000 0.000000000 1.000000000
At time 1785371929.577389484
- Translation: [0.199990286, 0.299922306, 0.850034049]
- Rotation: in Quaternion (xyzw) [-0.071787032, 0.109937613, -0.946231728, 0.295644820]
- Rotation: in RPY (radian) [-0.253848450, -0.070908769, -2.526871780]
- Rotation: in RPY (degree) [-14.544444828, -4.062773217, -144.779088349]
- Matrix:
 -0.814881525 0.543712829 0.200859306 0.199990286
 -0.575281208 -0.801015723 -0.165605987 0.299922306
 0.070849362 -0.250499844 0.965520687 0.850034049
 0.000000000 0.000000000 0.000000000 1.000000000
At time 1785371929.627394088
- Translation: [0.199990286, 0.299922306, 0.850034049]
- Rotation: in Quaternion (xyzw) [-0.071787032, 0.109937613, -0.946231728, 0.295644820]
- Rotation: in RPY (radian) [-0.253848450, -0.070908769, -2.526871780]
- Rotation: in RPY (degree) [-14.544444828, -4.062773217, -144.779088349]
- Matrix:
 -0.814881525 0.543712829 0.200859306 0.199990286
 -0.575281208 -0.801015723 -0.165605987 0.299922306
 0.070849362 -0.250499844 0.965520687 0.850034049
 0.000000000 0.000000000 0.000000000 1.000000000
At time 1785371929.682390129
- Translation: [0.199990286, 0.299922306, 0.850034049]
- Rotation: in Quaternion (xyzw) [-0.071787032, 0.109937613, -0.946231728, 0.295644820]
- Rotation: in RPY (radian) [-0.253848450, -0.070908769, -2.526871780]
- Rotation: in RPY (degree) [-14.544444828, -4.062773217, -144.779088349]
- Matrix:
 -0.814881525 0.543712829 0.200859306 0.199990286
 -0.575281208 -0.801015723 -0.165605987 0.299922306
 0.070849362 -0.250499844 0.965520687 0.850034049
 0.000000000 0.000000000 0.000000000 1.000000000
At time 1785371929.737389732
- Translation: [0.199990286, 0.299922306, 0.850034049]
- Rotation: in Quaternion (xyzw) [-0.071787032, 0.109937613, -0.946231728, 0.295644820]
- Rotation: in RPY (radian) [-0.253848450, -0.070908769, -2.526871780]
- Rotation: in RPY (degree) [-14.544444828, -4.062773217, -144.779088349]
- Matrix:
 -0.814881525 0.543712829 0.200859306 0.199990286
 -0.575281208 -0.801015723 -0.165605987 0.299922306
 0.070849362 -0.250499844 0.965520687 0.850034049
 0.000000000 0.000000000 0.000000000 1.000000000
At time 1785371929.787390774
- Translation: [0.199990286, 0.299922306, 0.850034049]
- Rotation: in Quaternion (xyzw) [-0.071787032, 0.109937613, -0.946231728, 0.295644820]
- Rotation: in RPY (radian) [-0.253848450, -0.070908769, -2.526871780]
- Rotation: in RPY (degree) [-14.544444828, -4.062773217, -144.779088349]
- Matrix:
 -0.814881525 0.543712829 0.200859306 0.199990286
 -0.575281208 -0.801015723 -0.165605987 0.299922306
 0.070849362 -0.250499844 0.965520687 0.850034049
 0.000000000 0.000000000 0.000000000 1.000000000
At time 1785371929.842393939
- Translation: [0.199990286, 0.299922306, 0.850034049]
- Rotation: in Quaternion (xyzw) [-0.071787032, 0.109937613, -0.946231728, 0.295644820]
- Rotation: in RPY (radian) [-0.253848450, -0.070908769, -2.526871780]
- Rotation: in RPY (degree) [-14.544444828, -4.062773217, -144.779088349]
- Matrix:
 -0.814881525 0.543712829 0.200859306 0.199990286
 -0.575281208 -0.801015723 -0.165605987 0.299922306
 0.070849362 -0.250499844 0.965520687 0.850034049
 0.000000000 0.000000000 0.000000000 1.000000000
At time 1785371929.892400917
- Translation: [0.199990286, 0.299922306, 0.850034049]
- Rotation: in Quaternion (xyzw) [-0.071787032, 0.109937613, -0.946231728, 0.295644820]
- Rotation: in RPY (radian) [-0.253848450, -0.070908769, -2.526871780]
- Rotation: in RPY (degree) [-14.544444828, -4.062773217, -144.779088349]
- Matrix:
 -0.814881525 0.543712829 0.200859306 0.199990286
 -0.575281208 -0.801015723 -0.165605987 0.299922306
 0.070849362 -0.250499844 0.965520687 0.850034049
 0.000000000 0.000000000 0.000000000 1.000000000
At time 1785371929.947389835
- Translation: [0.199990286, 0.299922306, 0.850034049]
- Rotation: in Quaternion (xyzw) [-0.071787032, 0.109937613, -0.946231728, 0.295644820]
- Rotation: in RPY (radian) [-0.253848450, -0.070908769, -2.526871780]
- Rotation: in RPY (degree) [-14.544444828, -4.062773217, -144.779088349]
- Matrix:
 -0.814881525 0.543712829 0.200859306 0.199990286
 -0.575281208 -0.801015723 -0.165605987 0.299922306
 0.070849362 -0.250499844 0.965520687 0.850034049
 0.000000000 0.000000000 0.000000000 1.000000000
At time 1785371929.997392064
- Translation: [0.199990286, 0.299922306, 0.850034049]
- Rotation: in Quaternion (xyzw) [-0.071787032, 0.109937613, -0.946231728, 0.295644820]
- Rotation: in RPY (radian) [-0.253848450, -0.070908769, -2.526871780]
- Rotation: in RPY (degree) [-14.544444828, -4.062773217, -144.779088349]
- Matrix:
 -0.814881525 0.543712829 0.200859306 0.199990286
 -0.575281208 -0.801015723 -0.165605987 0.299922306
 0.070849362 -0.250499844 0.965520687 0.850034049
 0.000000000 0.000000000 0.000000000 1.000000000
At time 1785371930.52384543
- Translation: [0.199990286, 0.299922306, 0.850034049]
- Rotation: in Quaternion (xyzw) [-0.071787032, 0.109937613, -0.946231728, 0.295644820]
- Rotation: in RPY (radian) [-0.253848450, -0.070908769, -2.526871780]
- Rotation: in RPY (degree) [-14.544444828, -4.062773217, -144.779088349]
- Matrix:
 -0.814881525 0.543712829 0.200859306 0.199990286
 -0.575281208 -0.801015723 -0.165605987 0.299922306
 0.070849362 -0.250499844 0.965520687 0.850034049
 0.000000000 0.000000000 0.000000000 1.000000000
At time 1785371930.102389147
- Translation: [0.199990286, 0.299922306, 0.850034049]
- Rotation: in Quaternion (xyzw) [-0.071787032, 0.109937613, -0.946231728, 0.295644820]
- Rotation: in RPY (radian) [-0.253848450, -0.070908769, -2.526871780]
- Rotation: in RPY (degree) [-14.544444828, -4.062773217, -144.779088349]
- Matrix:
 -0.814881525 0.543712829 0.200859306 0.199990286
 -0.575281208 -0.801015723 -0.165605987 0.299922306
 0.070849362 -0.250499844 0.965520687 0.850034049
 0.000000000 0.000000000 0.000000000 1.000000000
[INFO] [1785371930.123447217] [rclcpp]: signal_handler(signum=15)
[ros2run]: Received signal:  Terminated
[INFO] [1785371930.124705762] [rclcpp]: signal_handler(signum=15)
