ASAN_CONFIGURE can
-- The C compiler identification is GNU 15.2.0
-- Detecting C compiler ABI info
-- Detecting C compiler ABI info - done
-- Check for working C compiler: /usr/bin/cc - skipped
-- Detecting C compile features
-- Detecting C compile features - done
-- Configuring done (0.1s)
-- Generating done (0.0s)
-- Build files have been written to: /var/tmp/openarmik-final-integration.jWHs9v/asan/can
[ 20%] Building C object CMakeFiles/openarm_can.dir/src/openarm_can.c.o
[ 40%] Building C object CMakeFiles/openarm_can.dir/src/openarm_can_linux.c.o
[ 60%] Linking C static library libopenarm_can.a
[ 60%] Built target openarm_can
[ 80%] Building C object CMakeFiles/openarm_can_tests.dir/tests/test_openarm_can.c.o
[100%] Linking C executable openarm_can_tests
[100%] Built target openarm_can_tests
ASAN_CTEST can
Test project /var/tmp/openarmik-final-integration.jWHs9v/asan/can
    Start 1: openarm_can_tests
1/1 Test #1: openarm_can_tests ................   Passed    0.02 sec

100% tests passed, 0 tests failed out of 1

Total Test time (real) =   0.02 sec
-- Install configuration: "Debug"
-- Installing: /var/tmp/openarmik-final-integration.jWHs9v/asan/install/lib/libopenarm_can.a
-- Installing: /var/tmp/openarmik-final-integration.jWHs9v/asan/install/include/openarm_can.h
-- Installing: /var/tmp/openarmik-final-integration.jWHs9v/asan/install/lib/cmake/OpenArmCan/OpenArmCanTargets.cmake
-- Installing: /var/tmp/openarmik-final-integration.jWHs9v/asan/install/lib/cmake/OpenArmCan/OpenArmCanTargets-debug.cmake
-- Installing: /var/tmp/openarmik-final-integration.jWHs9v/asan/install/lib/cmake/OpenArmCan/OpenArmCanConfig.cmake
-- Installing: /var/tmp/openarmik-final-integration.jWHs9v/asan/install/lib/cmake/OpenArmCan/OpenArmCanConfigVersion.cmake
-- Installing: /var/tmp/openarmik-final-integration.jWHs9v/asan/install/lib/cmake/openarm_can/openarm_canConfig.cmake
-- Installing: /var/tmp/openarmik-final-integration.jWHs9v/asan/install/lib/cmake/openarm_can/openarm_canConfigVersion.cmake
ASAN_CONFIGURE model
-- The C compiler identification is GNU 15.2.0
-- Detecting C compiler ABI info
-- Detecting C compiler ABI info - done
-- Check for working C compiler: /usr/bin/cc - skipped
-- Detecting C compile features
-- Detecting C compile features - done
-- Found Python3: /usr/bin/python3 (found version "3.14.4") found components: Interpreter
-- Configuring done (0.2s)
-- Generating done (0.0s)
-- Build files have been written to: /var/tmp/openarmik-final-integration.jWHs9v/asan/model
[ 12%] Building C object CMakeFiles/openarm_model.dir/src/openarm_model.c.o
[ 25%] Linking C static library libopenarm_model.a
[ 25%] Built target openarm_model
[ 50%] Building C object CMakeFiles/oa_model_abi_v1_canary.dir/tests/abi_v1_canary.c.o
[ 50%] Building C object CMakeFiles/oa_model_reference_driver.dir/tests/reference_driver.c.o
[ 62%] Building C object CMakeFiles/oa_model_tests.dir/tests/test_model.c.o
[ 75%] Linking C executable oa_model_abi_v1_canary
[ 87%] Linking C executable oa_model_reference_driver
[100%] Linking C executable oa_model_tests
[100%] Built target oa_model_reference_driver
[100%] Built target oa_model_abi_v1_canary
[100%] Built target oa_model_tests
ASAN_CTEST model
Test project /var/tmp/openarmik-final-integration.jWHs9v/asan/model
    Start 1: oa_model_tests
1/4 Test #1: oa_model_tests ...................   Passed    1.07 sec
    Start 2: oa_model_abi_v1_canary
2/4 Test #2: oa_model_abi_v1_canary ...........   Passed    0.01 sec
    Start 3: oa_model_python_reference
3/4 Test #3: oa_model_python_reference ........   Passed    0.13 sec
    Start 4: oa_model_generator_determinism
4/4 Test #4: oa_model_generator_determinism ...   Passed    1.61 sec

100% tests passed, 0 tests failed out of 4

Total Test time (real) =   2.81 sec
-- Install configuration: "Debug"
-- Installing: /var/tmp/openarmik-final-integration.jWHs9v/asan/install/lib/libopenarm_model.a
-- Up-to-date: /var/tmp/openarmik-final-integration.jWHs9v/asan/install/include
-- Installing: /var/tmp/openarmik-final-integration.jWHs9v/asan/install/include/openarm_model.h
-- Installing: /var/tmp/openarmik-final-integration.jWHs9v/asan/install/share/openarm_model/openarm_v10_bimanual.urdf
-- Installing: /var/tmp/openarmik-final-integration.jWHs9v/asan/install/share/openarm_model/LICENSE.txt
-- Installing: /var/tmp/openarmik-final-integration.jWHs9v/asan/install/share/openarm_model/NOTICE
-- Installing: /var/tmp/openarmik-final-integration.jWHs9v/asan/install/lib/cmake/openarm_model/openarm_modelTargets.cmake
-- Installing: /var/tmp/openarmik-final-integration.jWHs9v/asan/install/lib/cmake/openarm_model/openarm_modelTargets-debug.cmake
-- Installing: /var/tmp/openarmik-final-integration.jWHs9v/asan/install/lib/cmake/openarm_model/openarm_modelConfig.cmake
-- Installing: /var/tmp/openarmik-final-integration.jWHs9v/asan/install/lib/cmake/openarm_model/openarm_modelConfigVersion.cmake
ASAN_CONFIGURE commission
-- The C compiler identification is GNU 15.2.0
-- The CXX compiler identification is GNU 15.2.0
-- Detecting C compiler ABI info
-- Detecting C compiler ABI info - done
-- Check for working C compiler: /usr/bin/cc - skipped
-- Detecting C compile features
-- Detecting C compile features - done
-- Detecting CXX compiler ABI info
-- Detecting CXX compiler ABI info - done
-- Check for working CXX compiler: /usr/bin/c++ - skipped
-- Detecting CXX compile features
-- Detecting CXX compile features - done
-- Performing Test CMAKE_HAVE_LIBC_PTHREAD
-- Performing Test CMAKE_HAVE_LIBC_PTHREAD - Success
-- Found Threads: TRUE
-- Configuring done (0.3s)
-- Generating done (0.0s)
-- Build files have been written to: /var/tmp/openarmik-final-integration.jWHs9v/asan/commission
[ 20%] Building CXX object CMakeFiles/openarm_commission.dir/src/c_api.cpp.o
[ 20%] Building CXX object CMakeFiles/openarm_commission_test.dir/src/calibration_session.cpp.o
[ 40%] Building CXX object CMakeFiles/openarm_commission_test.dir/src/c_api.cpp.o
[ 40%] Building CXX object CMakeFiles/openarm_commission.dir/src/calibration_session.cpp.o
[ 50%] Linking CXX static library libopenarm_commission.a
[ 60%] Linking CXX static library libopenarm_commission_test.a
[ 60%] Built target openarm_commission
[ 60%] Built target openarm_commission_test
[ 70%] Building C object CMakeFiles/openarm_commission_c11_consumer.dir/tests/c11_consumer.c.o
[ 80%] Building CXX object CMakeFiles/openarm_commission_tests.dir/tests/test_commission.cpp.o
[ 90%] Linking CXX executable openarm_commission_c11_consumer
[ 90%] Built target openarm_commission_c11_consumer
[100%] Linking CXX executable openarm_commission_tests
[100%] Built target openarm_commission_tests
ASAN_CTEST commission
Test project /var/tmp/openarmik-final-integration.jWHs9v/asan/commission
    Start 1: openarm_commission_tests
1/2 Test #1: openarm_commission_tests ..........   Passed    0.94 sec
    Start 2: openarm_commission_c11_consumer
2/2 Test #2: openarm_commission_c11_consumer ...   Passed    0.01 sec

100% tests passed, 0 tests failed out of 2

Total Test time (real) =   0.95 sec
-- Install configuration: "Debug"
-- Installing: /var/tmp/openarmik-final-integration.jWHs9v/asan/install/lib/libopenarm_commission.a
-- Installing: /var/tmp/openarmik-final-integration.jWHs9v/asan/install/include/openarm_commission.h
-- Installing: /var/tmp/openarmik-final-integration.jWHs9v/asan/install/lib/cmake/openarm_commission/openarm_commissionTargets.cmake
-- Installing: /var/tmp/openarmik-final-integration.jWHs9v/asan/install/lib/cmake/openarm_commission/openarm_commissionTargets-debug.cmake
-- Installing: /var/tmp/openarmik-final-integration.jWHs9v/asan/install/lib/cmake/openarm_commission/openarm_commissionConfig.cmake
-- Installing: /var/tmp/openarmik-final-integration.jWHs9v/asan/install/lib/cmake/openarm_commission/openarm_commissionConfigVersion.cmake
ASAN_CONFIGURE transport
-- The C compiler identification is GNU 15.2.0
-- The CXX compiler identification is GNU 15.2.0
-- Detecting C compiler ABI info
-- Detecting C compiler ABI info - done
-- Check for working C compiler: /usr/bin/cc - skipped
-- Detecting C compile features
-- Detecting C compile features - done
-- Detecting CXX compiler ABI info
-- Detecting CXX compiler ABI info - done
-- Check for working CXX compiler: /usr/bin/c++ - skipped
-- Detecting CXX compile features
-- Detecting CXX compile features - done
-- Performing Test CMAKE_HAVE_LIBC_PTHREAD
-- Performing Test CMAKE_HAVE_LIBC_PTHREAD - Success
-- Found Threads: TRUE
-- Configuring done (0.3s)
-- Generating done (0.0s)
-- Build files have been written to: /var/tmp/openarmik-final-integration.jWHs9v/asan/transport
[ 12%] Building CXX object CMakeFiles/openarm_transport.dir/src/c_api.cpp.o
[ 37%] Building CXX object CMakeFiles/openarm_transport.dir/src/transport.cpp.o
[ 37%] Building CXX object CMakeFiles/openarm_transport.dir/src/socketcan_backend.cpp.o
[ 50%] Linking CXX static library libopenarm_transport.a
[ 50%] Built target openarm_transport
[ 62%] Building CXX object CMakeFiles/openarm_transport_tests.dir/tests/test_transport.cpp.o
[ 75%] Building C object CMakeFiles/openarm_transport_c11_consumer.dir/tests/c11_consumer.c.o
[ 87%] Linking CXX executable openarm_transport_c11_consumer
[ 87%] Built target openarm_transport_c11_consumer
[100%] Linking CXX executable openarm_transport_tests
[100%] Built target openarm_transport_tests
ASAN_CTEST transport
Test project /var/tmp/openarmik-final-integration.jWHs9v/asan/transport
    Start 1: openarm_transport_tests
1/2 Test #1: openarm_transport_tests ..........   Passed    0.01 sec
    Start 2: openarm_transport_c11_consumer
2/2 Test #2: openarm_transport_c11_consumer ...   Passed    0.01 sec

100% tests passed, 0 tests failed out of 2

Total Test time (real) =   0.02 sec
-- Install configuration: "Debug"
-- Installing: /var/tmp/openarmik-final-integration.jWHs9v/asan/install/lib/libopenarm_transport.a
-- Installing: /var/tmp/openarmik-final-integration.jWHs9v/asan/install/include/openarm_transport.h
-- Installing: /var/tmp/openarmik-final-integration.jWHs9v/asan/install/lib/cmake/OpenArmTransport/OpenArmTransportTargets.cmake
-- Installing: /var/tmp/openarmik-final-integration.jWHs9v/asan/install/lib/cmake/OpenArmTransport/OpenArmTransportTargets-debug.cmake
-- Installing: /var/tmp/openarmik-final-integration.jWHs9v/asan/install/lib/cmake/OpenArmTransport/OpenArmTransportConfig.cmake
-- Installing: /var/tmp/openarmik-final-integration.jWHs9v/asan/install/lib/cmake/OpenArmTransport/OpenArmTransportConfigVersion.cmake
ASAN_CONFIGURE control
-- The C compiler identification is GNU 15.2.0
-- The CXX compiler identification is GNU 15.2.0
-- Detecting C compiler ABI info
-- Detecting C compiler ABI info - done
-- Check for working C compiler: /usr/bin/cc - skipped
-- Detecting C compile features
-- Detecting C compile features - done
-- Detecting CXX compiler ABI info
-- Detecting CXX compiler ABI info - done
-- Check for working CXX compiler: /usr/bin/c++ - skipped
-- Detecting CXX compile features
-- Detecting CXX compile features - done
-- Performing Test CMAKE_HAVE_LIBC_PTHREAD
-- Performing Test CMAKE_HAVE_LIBC_PTHREAD - Success
-- Found Threads: TRUE
-- Performing Test oa_model_control_legacy_c11_compiles
-- Performing Test oa_model_control_legacy_c11_compiles - Failed
-- Performing Test oa_model_control_legacy_cxx17_compiles
-- Performing Test oa_model_control_legacy_cxx17_compiles - Failed
-- Performing Test oa_control_model_legacy_c11_compiles
-- Performing Test oa_control_model_legacy_c11_compiles - Failed
-- Performing Test oa_control_model_legacy_cxx17_compiles
-- Performing Test oa_control_model_legacy_cxx17_compiles - Failed
-- Performing Test oa_model_late_optout_legacy_c11_compiles
-- Performing Test oa_model_late_optout_legacy_c11_compiles - Failed
-- Performing Test oa_model_late_optout_legacy_cxx17_compiles
-- Performing Test oa_model_late_optout_legacy_cxx17_compiles - Failed
-- Performing Test oa_control_late_optout_legacy_c11_compiles
-- Performing Test oa_control_late_optout_legacy_c11_compiles - Failed
-- Performing Test oa_control_late_optout_legacy_cxx17_compiles
-- Performing Test oa_control_late_optout_legacy_cxx17_compiles - Failed
-- Configuring done (0.6s)
-- Generating done (0.1s)
-- Build files have been written to: /var/tmp/openarmik-final-integration.jWHs9v/asan/control
[  2%] Building CXX object CMakeFiles/openarm_control.dir/src/c_api.cpp.o
[  2%] Building CXX object CMakeFiles/oa_headers_openarm_can_openarm_commission_cxx_legacy.dir/public_header_matrix/oa_headers_openarm_can_openarm_commission_cxx_legacy.cpp.o
[  4%] Building C object CMakeFiles/oa_headers_openarm_can_openarm_model_c_canonical.dir/public_header_matrix/oa_headers_openarm_can_openarm_model_c_canonical.c.o
[  4%] Building C object CMakeFiles/oa_headers_openarm_can_openarm_model_c_legacy.dir/public_header_matrix/oa_headers_openarm_can_openarm_model_c_legacy.c.o
[  7%] Building C object CMakeFiles/oa_headers_openarm_can_openarm_transport_c_legacy.dir/public_header_matrix/oa_headers_openarm_can_openarm_transport_c_legacy.c.o
[  7%] Building CXX object CMakeFiles/oa_headers_openarm_can_openarm_model_cxx_legacy.dir/public_header_matrix/oa_headers_openarm_can_openarm_model_cxx_legacy.cpp.o
[  7%] Building CXX object CMakeFiles/openarm_control.dir/src/control_core.cpp.o
[  9%] Building CXX object CMakeFiles/openarm_control.dir/src/kinematics.cpp.o
[  9%] Building C object CMakeFiles/oa_headers_openarm_can_openarm_transport_c_canonical.dir/public_header_matrix/oa_headers_openarm_can_openarm_transport_c_canonical.c.o
[ 12%] Building CXX object CMakeFiles/openarm_control.dir/src/standard_manifest.cpp.o
[ 12%] Building CXX object CMakeFiles/oa_headers_openarm_can_openarm_model_cxx_canonical.dir/public_header_matrix/oa_headers_openarm_can_openarm_model_cxx_canonical.cpp.o
[ 13%] Building CXX object CMakeFiles/oa_headers_openarm_can_openarm_transport_cxx_legacy.dir/public_header_matrix/oa_headers_openarm_can_openarm_transport_cxx_legacy.cpp.o
[ 13%] Building CXX object CMakeFiles/oa_headers_openarm_can_openarm_transport_cxx_canonical.dir/public_header_matrix/oa_headers_openarm_can_openarm_transport_cxx_canonical.cpp.o
[ 14%] Building C object CMakeFiles/oa_headers_openarm_can_openarm_commission_c_canonical.dir/public_header_matrix/oa_headers_openarm_can_openarm_commission_c_canonical.c.o
[ 17%] Building CXX object CMakeFiles/oa_headers_openarm_can_openarm_control_cxx_canonical.dir/public_header_matrix/oa_headers_openarm_can_openarm_control_cxx_canonical.cpp.o
[ 17%] Building C object CMakeFiles/oa_headers_openarm_model_openarm_can_c_legacy.dir/public_header_matrix/oa_headers_openarm_model_openarm_can_c_legacy.c.o
[ 17%] Building CXX object CMakeFiles/oa_headers_openarm_can_openarm_control_cxx_legacy.dir/public_header_matrix/oa_headers_openarm_can_openarm_control_cxx_legacy.cpp.o
[ 18%] Building C object CMakeFiles/oa_headers_openarm_can_openarm_control_c_canonical.dir/public_header_matrix/oa_headers_openarm_can_openarm_control_c_canonical.c.o
[ 19%] Building CXX object CMakeFiles/oa_headers_openarm_model_openarm_can_cxx_legacy.dir/public_header_matrix/oa_headers_openarm_model_openarm_can_cxx_legacy.cpp.o
[ 22%] Building CXX object CMakeFiles/oa_headers_openarm_model_openarm_can_cxx_canonical.dir/public_header_matrix/oa_headers_openarm_model_openarm_can_cxx_canonical.cpp.o
[ 22%] Building CXX object CMakeFiles/oa_headers_openarm_model_openarm_transport_cxx_legacy.dir/public_header_matrix/oa_headers_openarm_model_openarm_transport_cxx_legacy.cpp.o
[ 22%] Building C object CMakeFiles/oa_headers_openarm_model_openarm_can_c_canonical.dir/public_header_matrix/oa_headers_openarm_model_openarm_can_c_canonical.c.o
[ 25%] Building CXX object CMakeFiles/oa_headers_openarm_model_openarm_commission_cxx_canonical.dir/public_header_matrix/oa_headers_openarm_model_openarm_commission_cxx_canonical.cpp.o
[ 25%] Building C object CMakeFiles/oa_headers_openarm_model_openarm_commission_c_canonical.dir/public_header_matrix/oa_headers_openarm_model_openarm_commission_c_canonical.c.o
[ 27%] Building C object CMakeFiles/oa_headers_openarm_model_openarm_transport_c_legacy.dir/public_header_matrix/oa_headers_openarm_model_openarm_transport_c_legacy.c.o
[ 28%] Building C object CMakeFiles/oa_headers_openarm_model_openarm_commission_c_legacy.dir/public_header_matrix/oa_headers_openarm_model_openarm_commission_c_legacy.c.o
[ 28%] Building C object CMakeFiles/oa_headers_openarm_model_openarm_transport_c_canonical.dir/public_header_matrix/oa_headers_openarm_model_openarm_transport_c_canonical.c.o
[ 29%] Building CXX object CMakeFiles/oa_headers_openarm_model_openarm_control_cxx_canonical.dir/public_header_matrix/oa_headers_openarm_model_openarm_control_cxx_canonical.cpp.o
[ 30%] Building C object CMakeFiles/oa_headers_openarm_can_openarm_commission_c_legacy.dir/public_header_matrix/oa_headers_openarm_can_openarm_commission_c_legacy.c.o
[ 31%] Building CXX object CMakeFiles/oa_headers_openarm_can_openarm_commission_cxx_canonical.dir/public_header_matrix/oa_headers_openarm_can_openarm_commission_cxx_canonical.cpp.o
[ 32%] Building C object CMakeFiles/oa_headers_openarm_transport_openarm_can_c_legacy.dir/public_header_matrix/oa_headers_openarm_transport_openarm_can_c_legacy.c.o
[ 34%] Building C object CMakeFiles/oa_headers_openarm_transport_openarm_can_c_canonical.dir/public_header_matrix/oa_headers_openarm_transport_openarm_can_c_canonical.c.o
[ 34%] Building CXX object CMakeFiles/oa_headers_openarm_transport_openarm_can_cxx_legacy.dir/public_header_matrix/oa_headers_openarm_transport_openarm_can_cxx_legacy.cpp.o
[ 35%] Building C object CMakeFiles/oa_headers_openarm_can_openarm_control_c_legacy.dir/public_header_matrix/oa_headers_openarm_can_openarm_control_c_legacy.c.o
[ 36%] Building C object CMakeFiles/oa_headers_openarm_model_openarm_control_c_canonical.dir/public_header_matrix/oa_headers_openarm_model_openarm_control_c_canonical.c.o
[ 37%] Building CXX object CMakeFiles/oa_headers_openarm_model_openarm_commission_cxx_legacy.dir/public_header_matrix/oa_headers_openarm_model_openarm_commission_cxx_legacy.cpp.o
[ 37%] Built target oa_headers_openarm_can_openarm_model_c_canonical
[ 39%] Building C object CMakeFiles/oa_headers_openarm_transport_openarm_model_c_canonical.dir/public_header_matrix/oa_headers_openarm_transport_openarm_model_c_canonical.c.o
[ 39%] Building CXX object CMakeFiles/oa_headers_openarm_model_openarm_transport_cxx_canonical.dir/public_header_matrix/oa_headers_openarm_model_openarm_transport_cxx_canonical.cpp.o
[ 39%] Built target oa_headers_openarm_can_openarm_model_cxx_canonical
[ 40%] Building C object CMakeFiles/oa_headers_openarm_transport_openarm_model_c_legacy.dir/public_header_matrix/oa_headers_openarm_transport_openarm_model_c_legacy.c.o
[ 40%] Built target oa_headers_openarm_can_openarm_transport_c_canonical
[ 40%] Built target oa_headers_openarm_can_openarm_model_cxx_legacy
[ 41%] Building CXX object CMakeFiles/oa_headers_openarm_transport_openarm_model_cxx_canonical.dir/public_header_matrix/oa_headers_openarm_transport_openarm_model_cxx_canonical.cpp.o
[ 41%] Built target oa_headers_openarm_can_openarm_transport_cxx_canonical
[ 41%] Built target oa_headers_openarm_can_openarm_transport_cxx_legacy
[ 41%] Built target oa_headers_openarm_can_openarm_control_c_canonical
[ 41%] Built target oa_headers_openarm_can_openarm_control_cxx_legacy
[ 41%] Built target oa_headers_openarm_can_openarm_commission_c_canonical
[ 41%] Built target oa_headers_openarm_can_openarm_transport_c_legacy
[ 41%] Built target oa_headers_openarm_model_openarm_can_c_canonical
[ 41%] Built target oa_headers_openarm_model_openarm_can_cxx_legacy
[ 41%] Built target oa_headers_openarm_can_openarm_model_c_legacy
[ 41%] Built target oa_headers_openarm_model_openarm_transport_c_canonical
[ 42%] Building CXX object CMakeFiles/oa_headers_openarm_transport_openarm_can_cxx_canonical.dir/public_header_matrix/oa_headers_openarm_transport_openarm_can_cxx_canonical.cpp.o
[ 42%] Built target oa_headers_openarm_model_openarm_commission_cxx_canonical
[ 42%] Built target oa_headers_openarm_model_openarm_commission_c_legacy
[ 43%] Building CXX object CMakeFiles/oa_headers_openarm_transport_openarm_model_cxx_legacy.dir/public_header_matrix/oa_headers_openarm_transport_openarm_model_cxx_legacy.cpp.o
[ 43%] Built target oa_headers_openarm_model_openarm_can_cxx_canonical
[ 43%] Built target oa_headers_openarm_can_openarm_commission_cxx_legacy
[ 43%] Built target oa_headers_openarm_model_openarm_commission_c_canonical
[ 43%] Built target oa_headers_openarm_model_openarm_transport_c_legacy
[ 44%] Building C object CMakeFiles/oa_headers_openarm_transport_openarm_commission_c_legacy.dir/public_header_matrix/oa_headers_openarm_transport_openarm_commission_c_legacy.c.o
[ 43%] Built target oa_headers_openarm_model_openarm_transport_cxx_legacy
[ 45%] Building CXX object CMakeFiles/oa_headers_openarm_transport_openarm_commission_cxx_canonical.dir/public_header_matrix/oa_headers_openarm_transport_openarm_commission_cxx_canonical.cpp.o
[ 47%] Building C object CMakeFiles/oa_headers_openarm_transport_openarm_control_c_canonical.dir/public_header_matrix/oa_headers_openarm_transport_openarm_control_c_canonical.c.o
[ 47%] Building C object CMakeFiles/oa_headers_openarm_transport_openarm_control_c_legacy.dir/public_header_matrix/oa_headers_openarm_transport_openarm_control_c_legacy.c.o
[ 48%] Building C object CMakeFiles/oa_headers_openarm_transport_openarm_commission_c_canonical.dir/public_header_matrix/oa_headers_openarm_transport_openarm_commission_c_canonical.c.o
[ 48%] Built target oa_headers_openarm_can_openarm_commission_c_legacy
[ 48%] Built target oa_headers_openarm_model_openarm_can_c_legacy
[ 48%] Built target oa_headers_openarm_transport_openarm_can_c_legacy
[ 48%] Built target oa_headers_openarm_model_openarm_commission_cxx_legacy
[ 48%] Built target oa_headers_openarm_can_openarm_commission_cxx_canonical
[ 50%] Building CXX object CMakeFiles/oa_headers_openarm_transport_openarm_commission_cxx_legacy.dir/public_header_matrix/oa_headers_openarm_transport_openarm_commission_cxx_legacy.cpp.o
[ 50%] Built target oa_headers_openarm_can_openarm_control_c_legacy
[ 50%] Built target oa_headers_openarm_transport_openarm_can_c_canonical
[ 50%] Built target oa_headers_openarm_model_openarm_transport_cxx_canonical
[ 50%] Built target oa_headers_openarm_transport_openarm_model_c_canonical
[ 50%] Built target oa_headers_openarm_transport_openarm_can_cxx_legacy
[ 50%] Built target oa_headers_openarm_can_openarm_control_cxx_canonical
[ 50%] Built target oa_headers_openarm_model_openarm_control_c_canonical
[ 50%] Built target oa_headers_openarm_transport_openarm_model_c_legacy
[ 51%] Building CXX object CMakeFiles/oa_headers_openarm_transport_openarm_control_cxx_legacy.dir/public_header_matrix/oa_headers_openarm_transport_openarm_control_cxx_legacy.cpp.o
[ 51%] Built target oa_headers_openarm_model_openarm_control_cxx_canonical
[ 52%] Building CXX object CMakeFiles/oa_headers_openarm_transport_openarm_control_cxx_canonical.dir/public_header_matrix/oa_headers_openarm_transport_openarm_control_cxx_canonical.cpp.o
[ 52%] Built target oa_headers_openarm_transport_openarm_model_cxx_canonical
[ 53%] Building C object CMakeFiles/oa_headers_openarm_commission_openarm_can_c_legacy.dir/public_header_matrix/oa_headers_openarm_commission_openarm_can_c_legacy.c.o
[ 53%] Built target oa_headers_openarm_transport_openarm_can_cxx_canonical
[ 53%] Built target oa_headers_openarm_transport_openarm_commission_c_legacy
[ 53%] Built target oa_headers_openarm_transport_openarm_model_cxx_legacy
[ 54%] Building CXX object CMakeFiles/oa_headers_openarm_commission_openarm_can_cxx_legacy.dir/public_header_matrix/oa_headers_openarm_commission_openarm_can_cxx_legacy.cpp.o
[ 55%] Building C object CMakeFiles/oa_headers_openarm_commission_openarm_can_c_canonical.dir/public_header_matrix/oa_headers_openarm_commission_openarm_can_c_canonical.c.o
[ 55%] Built target oa_headers_openarm_transport_openarm_control_c_canonical
[ 55%] Built target oa_headers_openarm_transport_openarm_commission_cxx_canonical
[ 55%] Built target oa_headers_openarm_transport_openarm_control_c_legacy
[ 56%] Building CXX object CMakeFiles/oa_headers_openarm_commission_openarm_can_cxx_canonical.dir/public_header_matrix/oa_headers_openarm_commission_openarm_can_cxx_canonical.cpp.o
[ 57%] Building C object CMakeFiles/oa_headers_openarm_commission_openarm_model_c_canonical.dir/public_header_matrix/oa_headers_openarm_commission_openarm_model_c_canonical.c.o
[ 58%] Building CXX object CMakeFiles/oa_headers_openarm_commission_openarm_model_cxx_legacy.dir/public_header_matrix/oa_headers_openarm_commission_openarm_model_cxx_legacy.cpp.o
[ 59%] Building C object CMakeFiles/oa_headers_openarm_commission_openarm_model_c_legacy.dir/public_header_matrix/oa_headers_openarm_commission_openarm_model_c_legacy.c.o
[ 60%] Building C object CMakeFiles/oa_headers_openarm_commission_openarm_transport_c_legacy.dir/public_header_matrix/oa_headers_openarm_commission_openarm_transport_c_legacy.c.o
[ 60%] Built target oa_headers_openarm_transport_openarm_control_cxx_canonical
[ 62%] Building CXX object CMakeFiles/oa_headers_openarm_commission_openarm_transport_cxx_legacy.dir/public_header_matrix/oa_headers_openarm_commission_openarm_transport_cxx_legacy.cpp.o
[ 62%] Building C object CMakeFiles/oa_headers_openarm_commission_openarm_transport_c_canonical.dir/public_header_matrix/oa_headers_openarm_commission_openarm_transport_c_canonical.c.o
[ 63%] Building CXX object CMakeFiles/oa_headers_openarm_commission_openarm_model_cxx_canonical.dir/public_header_matrix/oa_headers_openarm_commission_openarm_model_cxx_canonical.cpp.o
[ 63%] Built target oa_headers_openarm_transport_openarm_commission_cxx_legacy
[ 63%] Built target oa_headers_openarm_transport_openarm_commission_c_canonical
[ 63%] Built target oa_headers_openarm_transport_openarm_control_cxx_legacy
[ 64%] Building CXX object CMakeFiles/oa_headers_openarm_commission_openarm_control_cxx_canonical.dir/public_header_matrix/oa_headers_openarm_commission_openarm_control_cxx_canonical.cpp.o
[ 67%] Building C object CMakeFiles/oa_headers_openarm_commission_openarm_control_c_legacy.dir/public_header_matrix/oa_headers_openarm_commission_openarm_control_c_legacy.c.o
[ 67%] Building C object CMakeFiles/oa_headers_openarm_commission_openarm_control_c_canonical.dir/public_header_matrix/oa_headers_openarm_commission_openarm_control_c_canonical.c.o
[ 67%] Building CXX object CMakeFiles/oa_headers_openarm_commission_openarm_control_cxx_legacy.dir/public_header_matrix/oa_headers_openarm_commission_openarm_control_cxx_legacy.cpp.o
[ 68%] Building C object CMakeFiles/oa_headers_openarm_control_openarm_can_c_legacy.dir/public_header_matrix/oa_headers_openarm_control_openarm_can_c_legacy.c.o
[ 69%] Building CXX object CMakeFiles/oa_headers_openarm_control_openarm_can_cxx_legacy.dir/public_header_matrix/oa_headers_openarm_control_openarm_can_cxx_legacy.cpp.o
[ 71%] Building C object CMakeFiles/oa_headers_openarm_control_openarm_can_c_canonical.dir/public_header_matrix/oa_headers_openarm_control_openarm_can_c_canonical.c.o
[ 71%] Building CXX object CMakeFiles/oa_headers_openarm_control_openarm_can_cxx_canonical.dir/public_header_matrix/oa_headers_openarm_control_openarm_can_cxx_canonical.cpp.o
[ 72%] Building CXX object CMakeFiles/oa_headers_openarm_commission_openarm_transport_cxx_canonical.dir/public_header_matrix/oa_headers_openarm_commission_openarm_transport_cxx_canonical.cpp.o
[ 72%] Built target oa_headers_openarm_commission_openarm_can_c_canonical
[ 72%] Built target oa_headers_openarm_commission_openarm_can_c_legacy
[ 72%] Built target oa_headers_openarm_commission_openarm_can_cxx_legacy
[ 72%] Built target oa_headers_openarm_commission_openarm_can_cxx_canonical
[ 72%] Built target oa_headers_openarm_commission_openarm_model_c_canonical
[ 73%] Building CXX object CMakeFiles/oa_headers_openarm_control_openarm_model_cxx_canonical.dir/public_header_matrix/oa_headers_openarm_control_openarm_model_cxx_canonical.cpp.o
[ 75%] Building C object CMakeFiles/oa_headers_openarm_control_openarm_transport_c_legacy.dir/public_header_matrix/oa_headers_openarm_control_openarm_transport_c_legacy.c.o
[ 75%] Built target oa_headers_openarm_commission_openarm_model_c_legacy
[ 75%] Built target oa_headers_openarm_commission_openarm_control_cxx_legacy
[ 76%] Building C object CMakeFiles/oa_headers_openarm_control_openarm_transport_c_canonical.dir/public_header_matrix/oa_headers_openarm_control_openarm_transport_c_canonical.c.o
[ 76%] Built target oa_headers_openarm_commission_openarm_model_cxx_canonical
[ 77%] Built target oa_headers_openarm_commission_openarm_control_cxx_canonical
[ 77%] Building C object CMakeFiles/oa_headers_openarm_control_openarm_commission_c_legacy.dir/public_header_matrix/oa_headers_openarm_control_openarm_commission_c_legacy.c.o
[ 77%] Built target oa_headers_openarm_commission_openarm_control_c_canonical
[ 77%] Built target oa_headers_openarm_commission_openarm_model_cxx_legacy
[ 77%] Built target oa_headers_openarm_commission_openarm_transport_c_legacy
[ 77%] Built target oa_headers_openarm_control_openarm_can_c_legacy
[ 77%] Built target oa_headers_openarm_commission_openarm_control_c_legacy
[ 78%] Building C object CMakeFiles/oa_headers_openarm_control_openarm_model_c_canonical.dir/public_header_matrix/oa_headers_openarm_control_openarm_model_c_canonical.c.o
[ 78%] Built target oa_headers_openarm_commission_openarm_transport_c_canonical
[ 78%] Built target oa_headers_openarm_commission_openarm_transport_cxx_legacy
[ 79%] Building CXX object CMakeFiles/oa_headers_openarm_control_openarm_transport_cxx_canonical.dir/public_header_matrix/oa_headers_openarm_control_openarm_transport_cxx_canonical.cpp.o
[ 80%] Building CXX object CMakeFiles/oa_headers_openarm_control_openarm_transport_cxx_legacy.dir/public_header_matrix/oa_headers_openarm_control_openarm_transport_cxx_legacy.cpp.o
[ 82%] Building C object CMakeFiles/oa_headers_openarm_control_openarm_commission_c_canonical.dir/public_header_matrix/oa_headers_openarm_control_openarm_commission_c_canonical.c.o
[ 82%] Building CXX object CMakeFiles/oa_headers_openarm_control_openarm_commission_cxx_legacy.dir/public_header_matrix/oa_headers_openarm_control_openarm_commission_cxx_legacy.cpp.o
[ 83%] Building CXX object CMakeFiles/oa_headers_openarm_control_openarm_commission_cxx_canonical.dir/public_header_matrix/oa_headers_openarm_control_openarm_commission_cxx_canonical.cpp.o
[ 83%] Built target oa_headers_openarm_control_openarm_can_cxx_legacy
[ 83%] Built target oa_headers_openarm_control_openarm_can_c_canonical
[ 83%] Built target oa_headers_openarm_control_openarm_can_cxx_canonical
[ 84%] Building CXX object CMakeFiles/openarm_public_headers_cxx17.dir/tests/public_headers_cxx17.cpp.o
[ 84%] Built target oa_headers_openarm_commission_openarm_transport_cxx_canonical
[ 85%] Building C object CMakeFiles/openarm_public_headers_c11.dir/tests/public_headers_c11.c.o
[ 86%] Building C object CMakeFiles/openarm_legacy_control_status.dir/tests/legacy_control_status.c.o
[ 87%] Building C object CMakeFiles/openarm_legacy_model_status.dir/tests/legacy_model_status.c.o
[ 88%] Building CXX object CMakeFiles/openarm_control_test.dir/src/c_api.cpp.o
[ 91%] Building CXX object CMakeFiles/openarm_control_test.dir/src/kinematics.cpp.o
[ 91%] Building CXX object CMakeFiles/openarm_control_test.dir/src/control_core.cpp.o
[ 91%] Building CXX object CMakeFiles/openarm_control_test.dir/src/standard_manifest.cpp.o
[ 91%] Built target oa_headers_openarm_control_openarm_transport_c_legacy
[ 91%] Built target oa_headers_openarm_control_openarm_transport_c_canonical
[ 91%] Built target oa_headers_openarm_control_openarm_model_cxx_canonical
[ 91%] Built target oa_headers_openarm_control_openarm_transport_cxx_legacy
[ 91%] Built target oa_headers_openarm_control_openarm_commission_c_canonical
[ 91%] Built target oa_headers_openarm_control_openarm_model_c_canonical
[ 91%] Built target oa_headers_openarm_control_openarm_commission_cxx_canonical
[ 91%] Built target oa_headers_openarm_control_openarm_commission_c_legacy
[ 91%] Built target oa_headers_openarm_control_openarm_transport_cxx_canonical
[ 91%] Built target oa_headers_openarm_control_openarm_commission_cxx_legacy
[ 91%] Built target openarm_legacy_model_status
[ 91%] Built target openarm_legacy_control_status
[ 91%] Built target openarm_public_headers_c11
[ 91%] Built target openarm_public_headers_cxx17
[ 92%] Linking CXX static library libopenarm_control.a
[ 92%] Built target openarm_control
[ 93%] Linking CXX static library libopenarm_control_test.a
[ 94%] Building C object CMakeFiles/openarm_control_c11_abi.dir/tests/c11_abi_consumer.c.o
[ 95%] Building C object CMakeFiles/openarm_control_v1_original_abi.dir/tests/v1_original_abi_consumer.c.o
[ 96%] Linking CXX executable openarm_control_c11_abi
[ 97%] Linking CXX executable openarm_control_v1_original_abi
[ 97%] Built target openarm_control_test
[ 98%] Building CXX object CMakeFiles/openarm_control_tests.dir/tests/test_control.cpp.o
[ 98%] Built target openarm_control_c11_abi
[ 98%] Built target openarm_control_v1_original_abi
[100%] Linking CXX executable openarm_control_tests
[100%] Built target openarm_control_tests
ASAN_CTEST control
Test project /var/tmp/openarmik-final-integration.jWHs9v/asan/control
    Start 1: openarm_control_tests
1/3 Test #1: openarm_control_tests .............   Passed    0.45 sec
    Start 2: openarm_control_c11_abi
2/3 Test #2: openarm_control_c11_abi ...........   Passed    0.01 sec
    Start 3: openarm_control_v1_original_abi
3/3 Test #3: openarm_control_v1_original_abi ...   Passed    0.02 sec

100% tests passed, 0 tests failed out of 3

Total Test time (real) =   0.47 sec
-- Install configuration: "Debug"
-- Installing: /var/tmp/openarmik-final-integration.jWHs9v/asan/install/lib/libopenarm_control.a
-- Installing: /var/tmp/openarmik-final-integration.jWHs9v/asan/install/include/openarm_control.h
-- Installing: /var/tmp/openarmik-final-integration.jWHs9v/asan/install/lib/cmake/openarm_control/openarm_controlTargets.cmake
-- Installing: /var/tmp/openarmik-final-integration.jWHs9v/asan/install/lib/cmake/openarm_control/openarm_controlTargets-debug.cmake
-- Installing: /var/tmp/openarmik-final-integration.jWHs9v/asan/install/lib/cmake/openarm_control/openarm_controlConfig.cmake
-- Installing: /var/tmp/openarmik-final-integration.jWHs9v/asan/install/lib/cmake/openarm_control/openarm_controlConfigVersion.cmake
ASAN_CONFIGURE runtime
-- The C compiler identification is GNU 15.2.0
-- The CXX compiler identification is GNU 15.2.0
-- Detecting C compiler ABI info
-- Detecting C compiler ABI info - done
-- Check for working C compiler: /usr/bin/cc - skipped
-- Detecting C compile features
-- Detecting C compile features - done
-- Detecting CXX compiler ABI info
-- Detecting CXX compiler ABI info - done
-- Check for working CXX compiler: /usr/bin/c++ - skipped
-- Detecting CXX compile features
-- Detecting CXX compile features - done
-- Performing Test CMAKE_HAVE_LIBC_PTHREAD
-- Performing Test CMAKE_HAVE_LIBC_PTHREAD - Success
-- Found Threads: TRUE
-- Configuring done (0.3s)
-- Generating done (0.0s)
-- Build files have been written to: /var/tmp/openarmik-final-integration.jWHs9v/asan/runtime
[ 16%] Building CXX object CMakeFiles/openarm_runtime_test.dir/src/inventory.cpp.o
[ 16%] Building CXX object CMakeFiles/openarm_runtime_test.dir/src/calibration.cpp.o
[ 16%] Building CXX object CMakeFiles/openarm_runtime.dir/src/manifest.cpp.o
[ 22%] Building CXX object CMakeFiles/openarm_runtime_test.dir/src/sha256.cpp.o
[ 50%] Building CXX object CMakeFiles/openarm_runtime.dir/src/calibration.cpp.o
[ 50%] Building CXX object CMakeFiles/openarm_runtime.dir/src/inventory.cpp.o
[ 50%] Building CXX object CMakeFiles/openarm_runtime_test.dir/src/runtime.cpp.o
[ 50%] Building CXX object CMakeFiles/openarm_runtime_test.dir/src/persistence.cpp.o
[ 50%] Building CXX object CMakeFiles/openarm_runtime_test.dir/src/manifest.cpp.o
[ 55%] Building CXX object CMakeFiles/openarm_runtime.dir/src/persistence.cpp.o
[ 66%] Building CXX object CMakeFiles/openarm_runtime.dir/src/runtime.cpp.o
[ 66%] Building CXX object CMakeFiles/openarm_runtime.dir/src/sha256.cpp.o
[ 72%] Linking CXX static library libopenarm_runtime.a
[ 77%] Linking CXX static library libopenarm_runtime_test.a
[ 77%] Built target openarm_runtime
[ 77%] Built target openarm_runtime_test
[ 83%] Building C object CMakeFiles/openarm_runtime_c11.dir/tests/c11_consumer.c.o
[ 88%] Building CXX object CMakeFiles/openarm_runtime_tests.dir/tests/test_runtime.cpp.o
[ 94%] Linking CXX executable openarm_runtime_c11
[ 94%] Built target openarm_runtime_c11
[100%] Linking CXX executable openarm_runtime_tests
[100%] Built target openarm_runtime_tests
ASAN_CTEST runtime
Test project /var/tmp/openarmik-final-integration.jWHs9v/asan/runtime
    Start 1: openarm_runtime_tests
1/2 Test #1: openarm_runtime_tests ............   Passed   18.59 sec
    Start 2: openarm_runtime_c11
2/2 Test #2: openarm_runtime_c11 ..............   Passed    0.01 sec

100% tests passed, 0 tests failed out of 2

Total Test time (real) =  18.61 sec
-- Install configuration: "Debug"
-- Installing: /var/tmp/openarmik-final-integration.jWHs9v/asan/install/lib/libopenarm_runtime.a
-- Installing: /var/tmp/openarmik-final-integration.jWHs9v/asan/install/include/openarm_runtime.h
-- Installing: /var/tmp/openarmik-final-integration.jWHs9v/asan/install/lib/cmake/openarm_runtime/openarm_runtimeTargets.cmake
-- Installing: /var/tmp/openarmik-final-integration.jWHs9v/asan/install/lib/cmake/openarm_runtime/openarm_runtimeTargets-debug.cmake
-- Installing: /var/tmp/openarmik-final-integration.jWHs9v/asan/install/lib/cmake/openarm_runtime/openarm_runtimeConfig.cmake
-- Installing: /var/tmp/openarmik-final-integration.jWHs9v/asan/install/lib/cmake/openarm_runtime/openarm_runtimeConfigVersion.cmake
