[INFO] [1785371902.925091025] [tf2_echo]: Waiting for transform openarm_body_link0 ->  openarm_right_hand_tcp: Invalid frame ID "openarm_body_link0" passed to canTransform argument target_frame - frame does not exist
At time 1785371903.67394469
- Translation: [0.000080779, -0.153526825, 0.075999557]
- Rotation: in Quaternion (xyzw) [0.999999993, -0.000066756, 0.000100142, -0.000001837]
- Rotation: in RPY (radian) [-3.141588967, -0.000200283, -0.000133513]
- Rotation: in RPY (degree) [-179.999788775, -0.011475375, -0.007649715]
- Matrix:
 0.999999971 -0.000133512 0.000200284 0.000080779
 -0.000133513 -0.999999991 0.000003660 -0.153526825
 0.000200283 -0.000003687 -0.999999980 0.075999557
 0.000000000 0.000000000 0.000000000 1.000000000
At time 1785371903.122391697
- Translation: [0.000080779, -0.153526825, 0.075999557]
- Rotation: in Quaternion (xyzw) [0.999999993, -0.000066756, 0.000100142, -0.000001837]
- Rotation: in RPY (radian) [-3.141588967, -0.000200283, -0.000133513]
- Rotation: in RPY (degree) [-179.999788775, -0.011475375, -0.007649715]
- Matrix:
 0.999999971 -0.000133512 0.000200284 0.000080779
 -0.000133513 -0.999999991 0.000003660 -0.153526825
 0.000200283 -0.000003687 -0.999999980 0.075999557
 0.000000000 0.000000000 0.000000000 1.000000000
At time 1785371903.172393926
- Translation: [0.000080779, -0.153526825, 0.075999557]
- Rotation: in Quaternion (xyzw) [0.999999993, -0.000066756, 0.000100142, -0.000001837]
- Rotation: in RPY (radian) [-3.141588967, -0.000200283, -0.000133513]
- Rotation: in RPY (degree) [-179.999788775, -0.011475375, -0.007649715]
- Matrix:
 0.999999971 -0.000133512 0.000200284 0.000080779
 -0.000133513 -0.999999991 0.000003660 -0.153526825
 0.000200283 -0.000003687 -0.999999980 0.075999557
 0.000000000 0.000000000 0.000000000 1.000000000
At time 1785371903.227394717
- Translation: [0.000080779, -0.153526825, 0.075999557]
- Rotation: in Quaternion (xyzw) [0.999999993, -0.000066756, 0.000100142, -0.000001837]
- Rotation: in RPY (radian) [-3.141588967, -0.000200283, -0.000133513]
- Rotation: in RPY (degree) [-179.999788775, -0.011475375, -0.007649715]
- Matrix:
 0.999999971 -0.000133512 0.000200284 0.000080779
 -0.000133513 -0.999999991 0.000003660 -0.153526825
 0.000200283 -0.000003687 -0.999999980 0.075999557
 0.000000000 0.000000000 0.000000000 1.000000000
At time 1785371903.282389570
- Translation: [0.000080779, -0.153526825, 0.075999557]
- Rotation: in Quaternion (xyzw) [0.999999993, -0.000066756, 0.000100142, -0.000001837]
- Rotation: in RPY (radian) [-3.141588967, -0.000200283, -0.000133513]
- Rotation: in RPY (degree) [-179.999788775, -0.011475375, -0.007649715]
- Matrix:
 0.999999971 -0.000133512 0.000200284 0.000080779
 -0.000133513 -0.999999991 0.000003660 -0.153526825
 0.000200283 -0.000003687 -0.999999980 0.075999557
 0.000000000 0.000000000 0.000000000 1.000000000
At time 1785371903.332398924
- Translation: [0.000080779, -0.153526825, 0.075999557]
- Rotation: in Quaternion (xyzw) [0.999999993, -0.000066756, 0.000100142, -0.000001837]
- Rotation: in RPY (radian) [-3.141588967, -0.000200283, -0.000133513]
- Rotation: in RPY (degree) [-179.999788775, -0.011475375, -0.007649715]
- Matrix:
 0.999999971 -0.000133512 0.000200284 0.000080779
 -0.000133513 -0.999999991 0.000003660 -0.153526825
 0.000200283 -0.000003687 -0.999999980 0.075999557
 0.000000000 0.000000000 0.000000000 1.000000000
At time 1785371903.387396152
- Translation: [0.000080779, -0.153526825, 0.075999557]
- Rotation: in Quaternion (xyzw) [0.999999993, -0.000066756, 0.000100142, -0.000001837]
- Rotation: in RPY (radian) [-3.141588967, -0.000200283, -0.000133513]
- Rotation: in RPY (degree) [-179.999788775, -0.011475375, -0.007649715]
- Matrix:
 0.999999971 -0.000133512 0.000200284 0.000080779
 -0.000133513 -0.999999991 0.000003660 -0.153526825
 0.000200283 -0.000003687 -0.999999980 0.075999557
 0.000000000 0.000000000 0.000000000 1.000000000
At time 1785371903.442386257
- Translation: [0.000080779, -0.153526825, 0.075999557]
- Rotation: in Quaternion (xyzw) [0.999999993, -0.000066756, 0.000100142, -0.000001837]
- Rotation: in RPY (radian) [-3.141588967, -0.000200283, -0.000133513]
- Rotation: in RPY (degree) [-179.999788775, -0.011475375, -0.007649715]
- Matrix:
 0.999999971 -0.000133512 0.000200284 0.000080779
 -0.000133513 -0.999999991 0.000003660 -0.153526825
 0.000200283 -0.000003687 -0.999999980 0.075999557
 0.000000000 0.000000000 0.000000000 1.000000000
At time 1785371903.492389673
- Translation: [0.000080779, -0.153526825, 0.075999557]
- Rotation: in Quaternion (xyzw) [0.999999993, -0.000066756, 0.000100142, -0.000001837]
- Rotation: in RPY (radian) [-3.141588967, -0.000200283, -0.000133513]
- Rotation: in RPY (degree) [-179.999788775, -0.011475375, -0.007649715]
- Matrix:
 0.999999971 -0.000133512 0.000200284 0.000080779
 -0.000133513 -0.999999991 0.000003660 -0.153526825
 0.000200283 -0.000003687 -0.999999980 0.075999557
 0.000000000 0.000000000 0.000000000 1.000000000
At time 1785371903.542393090
- Translation: [0.000080779, -0.153526825, 0.075999557]
- Rotation: in Quaternion (xyzw) [0.999999993, -0.000066756, 0.000100142, -0.000001837]
- Rotation: in RPY (radian) [-3.141588967, -0.000200283, -0.000133513]
- Rotation: in RPY (degree) [-179.999788775, -0.011475375, -0.007649715]
- Matrix:
 0.999999971 -0.000133512 0.000200284 0.000080779
 -0.000133513 -0.999999991 0.000003660 -0.153526825
 0.000200283 -0.000003687 -0.999999980 0.075999557
 0.000000000 0.000000000 0.000000000 1.000000000
At time 1785371903.592400069
- Translation: [0.000080779, -0.153526825, 0.075999557]
- Rotation: in Quaternion (xyzw) [0.999999993, -0.000066756, 0.000100142, -0.000001837]
- Rotation: in RPY (radian) [-3.141588967, -0.000200283, -0.000133513]
- Rotation: in RPY (degree) [-179.999788775, -0.011475375, -0.007649715]
- Matrix:
 0.999999971 -0.000133512 0.000200284 0.000080779
 -0.000133513 -0.999999991 0.000003660 -0.153526825
 0.000200283 -0.000003687 -0.999999980 0.075999557
 0.000000000 0.000000000 0.000000000 1.000000000
At time 1785371903.647397297
- Translation: [0.000080779, -0.153526825, 0.075999557]
- Rotation: in Quaternion (xyzw) [0.999999993, -0.000066756, 0.000100142, -0.000001837]
- Rotation: in RPY (radian) [-3.141588967, -0.000200283, -0.000133513]
- Rotation: in RPY (degree) [-179.999788775, -0.011475375, -0.007649715]
- Matrix:
 0.999999971 -0.000133512 0.000200284 0.000080779
 -0.000133513 -0.999999991 0.000003660 -0.153526825
 0.000200283 -0.000003687 -0.999999980 0.075999557
 0.000000000 0.000000000 0.000000000 1.000000000
At time 1785371903.702389776
- Translation: [0.000080779, -0.153526825, 0.075999557]
- Rotation: in Quaternion (xyzw) [0.999999993, -0.000066756, 0.000100142, -0.000001837]
- Rotation: in RPY (radian) [-3.141588967, -0.000200283, -0.000133513]
- Rotation: in RPY (degree) [-179.999788775, -0.011475375, -0.007649715]
- Matrix:
 0.999999971 -0.000133512 0.000200284 0.000080779
 -0.000133513 -0.999999991 0.000003660 -0.153526825
 0.000200283 -0.000003687 -0.999999980 0.075999557
 0.000000000 0.000000000 0.000000000 1.000000000
At time 1785371903.752393193
- Translation: [0.000080779, -0.153526825, 0.075999557]
- Rotation: in Quaternion (xyzw) [0.999999993, -0.000066756, 0.000100142, -0.000001837]
- Rotation: in RPY (radian) [-3.141588967, -0.000200283, -0.000133513]
- Rotation: in RPY (degree) [-179.999788775, -0.011475375, -0.007649715]
- Matrix:
 0.999999971 -0.000133512 0.000200284 0.000080779
 -0.000133513 -0.999999991 0.000003660 -0.153526825
 0.000200283 -0.000003687 -0.999999980 0.075999557
 0.000000000 0.000000000 0.000000000 1.000000000
At time 1785371903.807388047
- Translation: [0.000080779, -0.153526825, 0.075999557]
- Rotation: in Quaternion (xyzw) [0.999999993, -0.000066756, 0.000100142, -0.000001837]
- Rotation: in RPY (radian) [-3.141588967, -0.000200283, -0.000133513]
- Rotation: in RPY (degree) [-179.999788775, -0.011475375, -0.007649715]
- Matrix:
 0.999999971 -0.000133512 0.000200284 0.000080779
 -0.000133513 -0.999999991 0.000003660 -0.153526825
 0.000200283 -0.000003687 -0.999999980 0.075999557
 0.000000000 0.000000000 0.000000000 1.000000000
At time 1785371903.857390276
- Translation: [0.000080779, -0.153526825, 0.075999557]
- Rotation: in Quaternion (xyzw) [0.999999993, -0.000066756, 0.000100142, -0.000001837]
- Rotation: in RPY (radian) [-3.141588967, -0.000200283, -0.000133513]
- Rotation: in RPY (degree) [-179.999788775, -0.011475375, -0.007649715]
- Matrix:
 0.999999971 -0.000133512 0.000200284 0.000080779
 -0.000133513 -0.999999991 0.000003660 -0.153526825
 0.000200283 -0.000003687 -0.999999980 0.075999557
 0.000000000 0.000000000 0.000000000 1.000000000
At time 1785371903.857390276
- Translation: [0.000080779, -0.153526825, 0.075999557]
- Rotation: in Quaternion (xyzw) [0.999999993, -0.000066756, 0.000100142, -0.000001837]
- Rotation: in RPY (radian) [-3.141588967, -0.000200283, -0.000133513]
- Rotation: in RPY (degree) [-179.999788775, -0.011475375, -0.007649715]
- Matrix:
 0.999999971 -0.000133512 0.000200284 0.000080779
 -0.000133513 -0.999999991 0.000003660 -0.153526825
 0.000200283 -0.000003687 -0.999999980 0.075999557
 0.000000000 0.000000000 0.000000000 1.000000000
At time 1785371903.912382755
- Translation: [0.000080779, -0.153526825, 0.075999557]
- Rotation: in Quaternion (xyzw) [0.999999993, -0.000066756, 0.000100142, -0.000001837]
- Rotation: in RPY (radian) [-3.141588967, -0.000200283, -0.000133513]
- Rotation: in RPY (degree) [-179.999788775, -0.011475375, -0.007649715]
- Matrix:
 0.999999971 -0.000133512 0.000200284 0.000080779
 -0.000133513 -0.999999991 0.000003660 -0.153526825
 0.000200283 -0.000003687 -0.999999980 0.075999557
 0.000000000 0.000000000 0.000000000 1.000000000
At time 1785371903.962403982
- Translation: [0.000080779, -0.153526825, 0.075999557]
- Rotation: in Quaternion (xyzw) [0.999999993, -0.000066756, 0.000100142, -0.000001837]
- Rotation: in RPY (radian) [-3.141588967, -0.000200283, -0.000133513]
- Rotation: in RPY (degree) [-179.999788775, -0.011475375, -0.007649715]
- Matrix:
 0.999999971 -0.000133512 0.000200284 0.000080779
 -0.000133513 -0.999999991 0.000003660 -0.153526825
 0.000200283 -0.000003687 -0.999999980 0.075999557
 0.000000000 0.000000000 0.000000000 1.000000000
At time 1785371904.12405024
- Translation: [0.000080779, -0.153526825, 0.075999557]
- Rotation: in Quaternion (xyzw) [0.999999993, -0.000066756, 0.000100142, -0.000001837]
- Rotation: in RPY (radian) [-3.141588967, -0.000200283, -0.000133513]
- Rotation: in RPY (degree) [-179.999788775, -0.011475375, -0.007649715]
- Matrix:
 0.999999971 -0.000133512 0.000200284 0.000080779
 -0.000133513 -0.999999991 0.000003660 -0.153526825
 0.000200283 -0.000003687 -0.999999980 0.075999557
 0.000000000 0.000000000 0.000000000 1.000000000
At time 1785371904.67389192
- Translation: [0.000080779, -0.153526825, 0.075999557]
- Rotation: in Quaternion (xyzw) [0.999999993, -0.000066756, 0.000100142, -0.000001837]
- Rotation: in RPY (radian) [-3.141588967, -0.000200283, -0.000133513]
- Rotation: in RPY (degree) [-179.999788775, -0.011475375, -0.007649715]
- Matrix:
 0.999999971 -0.000133512 0.000200284 0.000080779
 -0.000133513 -0.999999991 0.000003660 -0.153526825
 0.000200283 -0.000003687 -0.999999980 0.075999557
 0.000000000 0.000000000 0.000000000 1.000000000
At time 1785371904.122386420
- Translation: [0.000080779, -0.153526825, 0.075999557]
- Rotation: in Quaternion (xyzw) [0.999999993, -0.000066756, 0.000100142, -0.000001837]
- Rotation: in RPY (radian) [-3.141588967, -0.000200283, -0.000133513]
- Rotation: in RPY (degree) [-179.999788775, -0.011475375, -0.007649715]
- Matrix:
 0.999999971 -0.000133512 0.000200284 0.000080779
 -0.000133513 -0.999999991 0.000003660 -0.153526825
 0.000200283 -0.000003687 -0.999999980 0.075999557
 0.000000000 0.000000000 0.000000000 1.000000000
At time 1785371904.172389837
- Translation: [0.000080779, -0.153526825, 0.075999557]
- Rotation: in Quaternion (xyzw) [0.999999993, -0.000066756, 0.000100142, -0.000001837]
- Rotation: in RPY (radian) [-3.141588967, -0.000200283, -0.000133513]
- Rotation: in RPY (degree) [-179.999788775, -0.011475375, -0.007649715]
- Matrix:
 0.999999971 -0.000133512 0.000200284 0.000080779
 -0.000133513 -0.999999991 0.000003660 -0.153526825
 0.000200283 -0.000003687 -0.999999980 0.075999557
 0.000000000 0.000000000 0.000000000 1.000000000
At time 1785371904.222405127
- Translation: [0.000080779, -0.153526825, 0.075999557]
- Rotation: in Quaternion (xyzw) [0.999999993, -0.000066756, 0.000100142, -0.000001837]
- Rotation: in RPY (radian) [-3.141588967, -0.000200283, -0.000133513]
- Rotation: in RPY (degree) [-179.999788775, -0.011475375, -0.007649715]
- Matrix:
 0.999999971 -0.000133512 0.000200284 0.000080779
 -0.000133513 -0.999999991 0.000003660 -0.153526825
 0.000200283 -0.000003687 -0.999999980 0.075999557
 0.000000000 0.000000000 0.000000000 1.000000000
At time 1785371904.277397606
- Translation: [0.000080779, -0.153526825, 0.075999557]
- Rotation: in Quaternion (xyzw) [0.999999993, -0.000066756, 0.000100142, -0.000001837]
- Rotation: in RPY (radian) [-3.141588967, -0.000200283, -0.000133513]
- Rotation: in RPY (degree) [-179.999788775, -0.011475375, -0.007649715]
- Matrix:
 0.999999971 -0.000133512 0.000200284 0.000080779
 -0.000133513 -0.999999991 0.000003660 -0.153526825
 0.000200283 -0.000003687 -0.999999980 0.075999557
 0.000000000 0.000000000 0.000000000 1.000000000
At time 1785371904.332388898
- Translation: [0.000080779, -0.153526825, 0.075999557]
- Rotation: in Quaternion (xyzw) [0.999999993, -0.000066756, 0.000100142, -0.000001837]
- Rotation: in RPY (radian) [-3.141588967, -0.000200283, -0.000133513]
- Rotation: in RPY (degree) [-179.999788775, -0.011475375, -0.007649715]
- Matrix:
 0.999999971 -0.000133512 0.000200284 0.000080779
 -0.000133513 -0.999999991 0.000003660 -0.153526825
 0.000200283 -0.000003687 -0.999999980 0.075999557
 0.000000000 0.000000000 0.000000000 1.000000000
At time 1785371904.387387313
- Translation: [0.000080779, -0.153526825, 0.075999557]
- Rotation: in Quaternion (xyzw) [0.999999993, -0.000066756, 0.000100142, -0.000001837]
- Rotation: in RPY (radian) [-3.141588967, -0.000200283, -0.000133513]
- Rotation: in RPY (degree) [-179.999788775, -0.011475375, -0.007649715]
- Matrix:
 0.999999971 -0.000133512 0.000200284 0.000080779
 -0.000133513 -0.999999991 0.000003660 -0.153526825
 0.000200283 -0.000003687 -0.999999980 0.075999557
 0.000000000 0.000000000 0.000000000 1.000000000
At time 1785371904.442384542
- Translation: [0.000080779, -0.153526825, 0.075999557]
- Rotation: in Quaternion (xyzw) [0.999999993, -0.000066756, 0.000100142, -0.000001837]
- Rotation: in RPY (radian) [-3.141588967, -0.000200283, -0.000133513]
- Rotation: in RPY (degree) [-179.999788775, -0.011475375, -0.007649715]
- Matrix:
 0.999999971 -0.000133512 0.000200284 0.000080779
 -0.000133513 -0.999999991 0.000003660 -0.153526825
 0.000200283 -0.000003687 -0.999999980 0.075999557
 0.000000000 0.000000000 0.000000000 1.000000000
At time 1785371904.497387707
- Translation: [0.000080779, -0.153526825, 0.075999557]
- Rotation: in Quaternion (xyzw) [0.999999993, -0.000066756, 0.000100142, -0.000001837]
- Rotation: in RPY (radian) [-3.141588967, -0.000200283, -0.000133513]
- Rotation: in RPY (degree) [-179.999788775, -0.011475375, -0.007649715]
- Matrix:
 0.999999971 -0.000133512 0.000200284 0.000080779
 -0.000133513 -0.999999991 0.000003660 -0.153526825
 0.000200283 -0.000003687 -0.999999980 0.075999557
 0.000000000 0.000000000 0.000000000 1.000000000
At time 1785371904.547389936
- Translation: [0.000080779, -0.153526825, 0.075999557]
- Rotation: in Quaternion (xyzw) [0.999999993, -0.000066756, 0.000100142, -0.000001837]
- Rotation: in RPY (radian) [-3.141588967, -0.000200283, -0.000133513]
- Rotation: in RPY (degree) [-179.999788775, -0.011475375, -0.007649715]
- Matrix:
 0.999999971 -0.000133512 0.000200284 0.000080779
 -0.000133513 -0.999999991 0.000003660 -0.153526825
 0.000200283 -0.000003687 -0.999999980 0.075999557
 0.000000000 0.000000000 0.000000000 1.000000000
At time 1785371904.597402851
- Translation: [0.000080779, -0.153526825, 0.075999557]
- Rotation: in Quaternion (xyzw) [0.999999993, -0.000066756, 0.000100142, -0.000001837]
- Rotation: in RPY (radian) [-3.141588967, -0.000200283, -0.000133513]
- Rotation: in RPY (degree) [-179.999788775, -0.011475375, -0.007649715]
- Matrix:
 0.999999971 -0.000133512 0.000200284 0.000080779
 -0.000133513 -0.999999991 0.000003660 -0.153526825
 0.000200283 -0.000003687 -0.999999980 0.075999557
 0.000000000 0.000000000 0.000000000 1.000000000
At time 1785371904.652395330
- Translation: [0.000080779, -0.153526825, 0.075999557]
- Rotation: in Quaternion (xyzw) [0.999999993, -0.000066756, 0.000100142, -0.000001837]
- Rotation: in RPY (radian) [-3.141588967, -0.000200283, -0.000133513]
- Rotation: in RPY (degree) [-179.999788775, -0.011475375, -0.007649715]
- Matrix:
 0.999999971 -0.000133512 0.000200284 0.000080779
 -0.000133513 -0.999999991 0.000003660 -0.153526825
 0.000200283 -0.000003687 -0.999999980 0.075999557
 0.000000000 0.000000000 0.000000000 1.000000000
At time 1785371904.707383060
- Translation: [0.000080779, -0.153526825, 0.075999557]
- Rotation: in Quaternion (xyzw) [0.999999993, -0.000066756, 0.000100142, -0.000001837]
- Rotation: in RPY (radian) [-3.141588967, -0.000200283, -0.000133513]
- Rotation: in RPY (degree) [-179.999788775, -0.011475375, -0.007649715]
- Matrix:
 0.999999971 -0.000133512 0.000200284 0.000080779
 -0.000133513 -0.999999991 0.000003660 -0.153526825
 0.000200283 -0.000003687 -0.999999980 0.075999557
 0.000000000 0.000000000 0.000000000 1.000000000
At time 1785371904.757388852
- Translation: [0.000080779, -0.153526825, 0.075999557]
- Rotation: in Quaternion (xyzw) [0.999999993, -0.000066756, 0.000100142, -0.000001837]
- Rotation: in RPY (radian) [-3.141588967, -0.000200283, -0.000133513]
- Rotation: in RPY (degree) [-179.999788775, -0.011475375, -0.007649715]
- Matrix:
 0.999999971 -0.000133512 0.000200284 0.000080779
 -0.000133513 -0.999999991 0.000003660 -0.153526825
 0.000200283 -0.000003687 -0.999999980 0.075999557
 0.000000000 0.000000000 0.000000000 1.000000000
At time 1785371904.757388852
- Translation: [0.000080779, -0.153526825, 0.075999557]
- Rotation: in Quaternion (xyzw) [0.999999993, -0.000066756, 0.000100142, -0.000001837]
- Rotation: in RPY (radian) [-3.141588967, -0.000200283, -0.000133513]
- Rotation: in RPY (degree) [-179.999788775, -0.011475375, -0.007649715]
- Matrix:
 0.999999971 -0.000133512 0.000200284 0.000080779
 -0.000133513 -0.999999991 0.000003660 -0.153526825
 0.000200283 -0.000003687 -0.999999980 0.075999557
 0.000000000 0.000000000 0.000000000 1.000000000
At time 1785371904.812390829
- Translation: [0.000080779, -0.153526825, 0.075999557]
- Rotation: in Quaternion (xyzw) [0.999999993, -0.000066756, 0.000100142, -0.000001837]
- Rotation: in RPY (radian) [-3.141588967, -0.000200283, -0.000133513]
- Rotation: in RPY (degree) [-179.999788775, -0.011475375, -0.007649715]
- Matrix:
 0.999999971 -0.000133512 0.000200284 0.000080779
 -0.000133513 -0.999999991 0.000003660 -0.153526825
 0.000200283 -0.000003687 -0.999999980 0.075999557
 0.000000000 0.000000000 0.000000000 1.000000000
At time 1785371904.867391619
- Translation: [0.000080779, -0.153526825, 0.075999557]
- Rotation: in Quaternion (xyzw) [0.999999993, -0.000066756, 0.000100142, -0.000001837]
- Rotation: in RPY (radian) [-3.141588967, -0.000200283, -0.000133513]
- Rotation: in RPY (degree) [-179.999788775, -0.011475375, -0.007649715]
- Matrix:
 0.999999971 -0.000133512 0.000200284 0.000080779
 -0.000133513 -0.999999991 0.000003660 -0.153526825
 0.000200283 -0.000003687 -0.999999980 0.075999557
 0.000000000 0.000000000 0.000000000 1.000000000
At time 1785371904.922391222
- Translation: [0.000080779, -0.153526825, 0.075999557]
- Rotation: in Quaternion (xyzw) [0.999999993, -0.000066756, 0.000100142, -0.000001837]
- Rotation: in RPY (radian) [-3.141588967, -0.000200283, -0.000133513]
- Rotation: in RPY (degree) [-179.999788775, -0.011475375, -0.007649715]
- Matrix:
 0.999999971 -0.000133512 0.000200284 0.000080779
 -0.000133513 -0.999999991 0.000003660 -0.153526825
 0.000200283 -0.000003687 -0.999999980 0.075999557
 0.000000000 0.000000000 0.000000000 1.000000000
At time 1785371904.977390825
- Translation: [0.000080779, -0.153526825, 0.075999557]
- Rotation: in Quaternion (xyzw) [0.999999993, -0.000066756, 0.000100142, -0.000001837]
- Rotation: in RPY (radian) [-3.141588967, -0.000200283, -0.000133513]
- Rotation: in RPY (degree) [-179.999788775, -0.011475375, -0.007649715]
- Matrix:
 0.999999971 -0.000133512 0.000200284 0.000080779
 -0.000133513 -0.999999991 0.000003660 -0.153526825
 0.000200283 -0.000003687 -0.999999980 0.075999557
 0.000000000 0.000000000 0.000000000 1.000000000
At time 1785371905.32386866
- Translation: [0.000080779, -0.153526825, 0.075999557]
- Rotation: in Quaternion (xyzw) [0.999999993, -0.000066756, 0.000100142, -0.000001837]
- Rotation: in RPY (radian) [-3.141588967, -0.000200283, -0.000133513]
- Rotation: in RPY (degree) [-179.999788775, -0.011475375, -0.007649715]
- Matrix:
 0.999999971 -0.000133512 0.000200284 0.000080779
 -0.000133513 -0.999999991 0.000003660 -0.153526825
 0.000200283 -0.000003687 -0.999999980 0.075999557
 0.000000000 0.000000000 0.000000000 1.000000000
At time 1785371905.82390283
- Translation: [0.000080779, -0.153526825, 0.075999557]
- Rotation: in Quaternion (xyzw) [0.999999993, -0.000066756, 0.000100142, -0.000001837]
- Rotation: in RPY (radian) [-3.141588967, -0.000200283, -0.000133513]
- Rotation: in RPY (degree) [-179.999788775, -0.011475375, -0.007649715]
- Matrix:
 0.999999971 -0.000133512 0.000200284 0.000080779
 -0.000133513 -0.999999991 0.000003660 -0.153526825
 0.000200283 -0.000003687 -0.999999980 0.075999557
 0.000000000 0.000000000 0.000000000 1.000000000
At time 1785371905.137391073
- Translation: [0.000080779, -0.153526825, 0.075999557]
- Rotation: in Quaternion (xyzw) [0.999999993, -0.000066756, 0.000100142, -0.000001837]
- Rotation: in RPY (radian) [-3.141588967, -0.000200283, -0.000133513]
- Rotation: in RPY (degree) [-179.999788775, -0.011475375, -0.007649715]
- Matrix:
 0.999999971 -0.000133512 0.000200284 0.000080779
 -0.000133513 -0.999999991 0.000003660 -0.153526825
 0.000200283 -0.000003687 -0.999999980 0.075999557
 0.000000000 0.000000000 0.000000000 1.000000000
At time 1785371905.192388302
- Translation: [0.000080779, -0.153526825, 0.075999557]
- Rotation: in Quaternion (xyzw) [0.999999993, -0.000066756, 0.000100142, -0.000001837]
- Rotation: in RPY (radian) [-3.141588967, -0.000200283, -0.000133513]
- Rotation: in RPY (degree) [-179.999788775, -0.011475375, -0.007649715]
- Matrix:
 0.999999971 -0.000133512 0.000200284 0.000080779
 -0.000133513 -0.999999991 0.000003660 -0.153526825
 0.000200283 -0.000003687 -0.999999980 0.075999557
 0.000000000 0.000000000 0.000000000 1.000000000
At time 1785371905.247390279
- Translation: [0.000080779, -0.153526825, 0.075999557]
- Rotation: in Quaternion (xyzw) [0.999999993, -0.000066756, 0.000100142, -0.000001837]
- Rotation: in RPY (radian) [-3.141588967, -0.000200283, -0.000133513]
- Rotation: in RPY (degree) [-179.999788775, -0.011475375, -0.007649715]
- Matrix:
 0.999999971 -0.000133512 0.000200284 0.000080779
 -0.000133513 -0.999999991 0.000003660 -0.153526825
 0.000200283 -0.000003687 -0.999999980 0.075999557
 0.000000000 0.000000000 0.000000000 1.000000000
At time 1785371905.297391321
- Translation: [0.000080779, -0.153526825, 0.075999557]
- Rotation: in Quaternion (xyzw) [0.999999993, -0.000066756, 0.000100142, -0.000001837]
- Rotation: in RPY (radian) [-3.141588967, -0.000200283, -0.000133513]
- Rotation: in RPY (degree) [-179.999788775, -0.011475375, -0.007649715]
- Matrix:
 0.999999971 -0.000133512 0.000200284 0.000080779
 -0.000133513 -0.999999991 0.000003660 -0.153526825
 0.000200283 -0.000003687 -0.999999980 0.075999557
 0.000000000 0.000000000 0.000000000 1.000000000
At time 1785371905.352395673
- Translation: [0.000080779, -0.153526825, 0.075999557]
- Rotation: in Quaternion (xyzw) [0.999999993, -0.000066756, 0.000100142, -0.000001837]
- Rotation: in RPY (radian) [-3.141588967, -0.000200283, -0.000133513]
- Rotation: in RPY (degree) [-179.999788775, -0.011475375, -0.007649715]
- Matrix:
 0.999999971 -0.000133512 0.000200284 0.000080779
 -0.000133513 -0.999999991 0.000003660 -0.153526825
 0.000200283 -0.000003687 -0.999999980 0.075999557
 0.000000000 0.000000000 0.000000000 1.000000000
At time 1785371905.407392902
- Translation: [0.000080779, -0.153526825, 0.075999557]
- Rotation: in Quaternion (xyzw) [0.999999993, -0.000066756, 0.000100142, -0.000001837]
- Rotation: in RPY (radian) [-3.141588967, -0.000200283, -0.000133513]
- Rotation: in RPY (degree) [-179.999788775, -0.011475375, -0.007649715]
- Matrix:
 0.999999971 -0.000133512 0.000200284 0.000080779
 -0.000133513 -0.999999991 0.000003660 -0.153526825
 0.000200283 -0.000003687 -0.999999980 0.075999557
 0.000000000 0.000000000 0.000000000 1.000000000
At time 1785371905.407392902
- Translation: [0.000080779, -0.153526825, 0.075999557]
- Rotation: in Quaternion (xyzw) [0.999999993, -0.000066756, 0.000100142, -0.000001837]
- Rotation: in RPY (radian) [-3.141588967, -0.000200283, -0.000133513]
- Rotation: in RPY (degree) [-179.999788775, -0.011475375, -0.007649715]
- Matrix:
 0.999999971 -0.000133512 0.000200284 0.000080779
 -0.000133513 -0.999999991 0.000003660 -0.153526825
 0.000200283 -0.000003687 -0.999999980 0.075999557
 0.000000000 0.000000000 0.000000000 1.000000000
At time 1785371905.462393692
- Translation: [0.000080779, -0.153526825, 0.075999557]
- Rotation: in Quaternion (xyzw) [0.999999993, -0.000066756, 0.000100142, -0.000001837]
- Rotation: in RPY (radian) [-3.141588967, -0.000200283, -0.000133513]
- Rotation: in RPY (degree) [-179.999788775, -0.011475375, -0.007649715]
- Matrix:
 0.999999971 -0.000133512 0.000200284 0.000080779
 -0.000133513 -0.999999991 0.000003660 -0.153526825
 0.000200283 -0.000003687 -0.999999980 0.075999557
 0.000000000 0.000000000 0.000000000 1.000000000
At time 1785371905.517393295
- Translation: [0.000080779, -0.153526825, 0.075999557]
- Rotation: in Quaternion (xyzw) [0.999999993, -0.000066756, 0.000100142, -0.000001837]
- Rotation: in RPY (radian) [-3.141588967, -0.000200283, -0.000133513]
- Rotation: in RPY (degree) [-179.999788775, -0.011475375, -0.007649715]
- Matrix:
 0.999999971 -0.000133512 0.000200284 0.000080779
 -0.000133513 -0.999999991 0.000003660 -0.153526825
 0.000200283 -0.000003687 -0.999999980 0.075999557
 0.000000000 0.000000000 0.000000000 1.000000000
At time 1785371905.572385774
- Translation: [0.000080779, -0.153526825, 0.075999557]
- Rotation: in Quaternion (xyzw) [0.999999993, -0.000066756, 0.000100142, -0.000001837]
- Rotation: in RPY (radian) [-3.141588967, -0.000200283, -0.000133513]
- Rotation: in RPY (degree) [-179.999788775, -0.011475375, -0.007649715]
- Matrix:
 0.999999971 -0.000133512 0.000200284 0.000080779
 -0.000133513 -0.999999991 0.000003660 -0.153526825
 0.000200283 -0.000003687 -0.999999980 0.075999557
 0.000000000 0.000000000 0.000000000 1.000000000
[INFO] [1785371905.659395162] [rclcpp]: signal_handler(signum=15)
[ros2run]: Received signal:  Terminated
[INFO] [1785371905.660498170] [rclcpp]: signal_handler(signum=15)
