-- The C compiler identification is GNU 15.2.0
-- The CXX compiler identification is GNU 15.2.0
-- Detecting C compiler ABI info
-- Detecting C compiler ABI info - done
-- Check for working C compiler: /usr/bin/cc - skipped
-- Detecting C compile features
-- Detecting C compile features - done
-- Detecting CXX compiler ABI info
-- Detecting CXX compiler ABI info - done
-- Check for working CXX compiler: /usr/bin/c++ - skipped
-- Detecting CXX compile features
-- Detecting CXX compile features - done
-- Found ament_cmake: 2.8.7 (/opt/ros/lyrical/share/ament_cmake/cmake)
-- Found diagnostic_msgs: 5.9.2 (/opt/ros/lyrical/share/diagnostic_msgs/cmake)
-- Found rosidl_generator_c: 5.2.1 (/opt/ros/lyrical/share/rosidl_generator_c/cmake)
-- Found rosidl_generator_cpp: 5.2.1 (/opt/ros/lyrical/share/rosidl_generator_cpp/cmake)
-- Using all available rosidl_typesupport_c: rosidl_typesupport_fastrtps_c;rosidl_typesupport_introspection_c
-- Using all available rosidl_typesupport_cpp: rosidl_typesupport_fastrtps_cpp;rosidl_typesupport_introspection_cpp
-- Found geometry_msgs: 5.9.2 (/opt/ros/lyrical/share/geometry_msgs/cmake)
-- Found JPEG: /usr/lib/x86_64-linux-gnu/libjpeg.so (found version "80")
-- Performing Test CMAKE_HAVE_LIBC_PTHREAD
-- Performing Test CMAKE_HAVE_LIBC_PTHREAD - Success
-- Found Threads: TRUE
-- Found openarm_control_msgs: 0.1.0 (/var/tmp/openarmik-final-integration.jWHs9v/out/install/openarm_control_msgs/share/openarm_control_msgs/cmake)
-- Found openarm_description: 1.0.0 (/var/tmp/openarmik-final-integration.jWHs9v/out/install/openarm_description/share/openarm_description/cmake)
-- Found rclcpp: 32.0.0 (/opt/ros/lyrical/share/rclcpp/cmake)
-- Found rmw_implementation_cmake: 7.10.1 (/opt/ros/lyrical/share/rmw_implementation_cmake/cmake)
-- Found rmw_fastrtps_cpp: 9.4.8 (/opt/ros/lyrical/share/rmw_fastrtps_cpp/cmake)
-- Using RMW implementation 'rmw_fastrtps_cpp' as default
-- Found rclcpp_action: 32.0.0 (/opt/ros/lyrical/share/rclcpp_action/cmake)
-- Found sensor_msgs: 5.9.2 (/opt/ros/lyrical/share/sensor_msgs/cmake)
-- Found tf2: 0.45.7 (/opt/ros/lyrical/share/tf2/cmake)
-- Found tf2_geometry_msgs: 0.45.7 (/opt/ros/lyrical/share/tf2_geometry_msgs/cmake)
-- Found X11: /usr/include
-- Looking for XOpenDisplay in /usr/lib/x86_64-linux-gnu/libX11.so;/usr/lib/x86_64-linux-gnu/libXext.so
-- Looking for XOpenDisplay in /usr/lib/x86_64-linux-gnu/libX11.so;/usr/lib/x86_64-linux-gnu/libXext.so - found
-- Looking for gethostbyname
-- Looking for gethostbyname - found
-- Looking for connect
-- Looking for connect - found
-- Looking for remove
-- Looking for remove - found
-- Looking for shmat
-- Looking for shmat - found
-- Looking for IceConnectionNumber in ICE
-- Looking for IceConnectionNumber in ICE - found
-- Found ament_cmake_gtest: 2.8.7 (/opt/ros/lyrical/share/ament_cmake_gtest/cmake)
-- Found Python3: /usr/bin/python3 (found version "3.14.4") found components: Interpreter
-- Found GTest: /usr/lib/x86_64-linux-gnu/cmake/GTest/GTestConfig.cmake (found version "1.17.0")
-- Configuring done (1.6s)
-- Generating done (0.0s)
-- Build files have been written to: /var/tmp/openarmik-final-integration.jWHs9v/ros_asan
[ 25%] Building CXX object CMakeFiles/openarm_virtual_control_session.dir/src/virtual_control_session.cpp.o
[ 50%] Linking CXX static library libopenarm_virtual_control_session.a
[ 50%] Built target openarm_virtual_control_session
[ 75%] Building CXX object CMakeFiles/test_virtual_control_session.dir/test/test_virtual_control_session.cpp.o
[100%] Linking CXX executable test_virtual_control_session
[100%] Built target test_virtual_control_session
[ 50%] Building CXX object CMakeFiles/test_openarm_control_cli.dir/src/openarm_control_cli.cpp.o
[100%] Linking CXX executable test_openarm_control_cli
[100%] Built target test_openarm_control_cli
[ 50%] Built target openarm_virtual_control_session
[ 75%] Building CXX object CMakeFiles/openarm_ik_ros_node.dir/src/openarm_ik_ros_node.cpp.o
[100%] Linking CXX executable openarm_ik_ros_node
[100%] Built target openarm_ik_ros_node
Test project /var/tmp/openarmik-final-integration.jWHs9v/ros_asan
    Start  1: test_virtual_control_session
1/3 Test  #1: test_virtual_control_session .....   Passed   24.72 sec
    Start  3: test_cli_server_lifecycle
2/3 Test  #3: test_cli_server_lifecycle ........***Failed    0.58 sec
Traceback (most recent call last):
  File "/home/signalprocessing-dev/OpenArmIK/ros2_ws/src/openarm_ik_ros/test/test_cli_server_lifecycle.py", line 352, in <module>
    main()
    ~~~~^^
  File "/home/signalprocessing-dev/OpenArmIK/ros2_ws/src/openarm_ik_ros/test/test_cli_server_lifecycle.py", line 348, in main
    run_test(arguments.executable, arguments.production_executable)
    ~~~~~~~~^^^^^^^^^^^^^^^^^^^^^^^^^^^^^^^^^^^^^^^^^^^^^^^^^^^^^^^
  File "/home/signalprocessing-dev/OpenArmIK/ros2_ws/src/openarm_ik_ros/test/test_cli_server_lifecycle.py", line 313, in run_test
    verify_server_loss(
    ~~~~~~~~~~~~~~~~~~^
        production_executable, mode, base_domain + offset, directory)
        ^^^^^^^^^^^^^^^^^^^^^^^^^^^^^^^^^^^^^^^^^^^^^^^^^^^^^^^^^^^^^
  File "/home/signalprocessing-dev/OpenArmIK/ros2_ws/src/openarm_ik_ros/test/test_cli_server_lifecycle.py", line 201, in verify_server_loss
    server, client, marker = start_case(executable, mode, domain, directory)
                             ~~~~~~~~~~^^^^^^^^^^^^^^^^^^^^^^^^^^^^^^^^^^^^^
  File "/home/signalprocessing-dev/OpenArmIK/ros2_ws/src/openarm_ik_ros/test/test_cli_server_lifecycle.py", line 187, in start_case
    client = subprocess.Popen(
        [executable, 'move-joint', 'openarm_left_joint1', '0.1'],
    ...<3 lines>...
        stderr=subprocess.PIPE,
    )
  File "/usr/lib/python3.14/subprocess.py", line 1039, in __init__
    self._execute_child(args, executable, preexec_fn, close_fds,
    ~~~~~~~~~~~~~~~~~~~^^^^^^^^^^^^^^^^^^^^^^^^^^^^^^^^^^^^^^^^^
                        pass_fds, cwd, env,
                        ^^^^^^^^^^^^^^^^^^^
    ...<5 lines>...
                        gid, gids, uid, umask,
                        ^^^^^^^^^^^^^^^^^^^^^^
                        start_new_session, process_group)
                        ^^^^^^^^^^^^^^^^^^^^^^^^^^^^^^^^^
  File "/usr/lib/python3.14/subprocess.py", line 1875, in _execute_child
    self._posix_spawn(args, executable, env, restore_signals, close_fds,
    ~~~~~~~~~~~~~~~~~^^^^^^^^^^^^^^^^^^^^^^^^^^^^^^^^^^^^^^^^^^^^^^^^^^^
                      p2cread, p2cwrite,
                      ^^^^^^^^^^^^^^^^^^
                      c2pread, c2pwrite,
                      ^^^^^^^^^^^^^^^^^^
                      errread, errwrite)
                      ^^^^^^^^^^^^^^^^^^
  File "/usr/lib/python3.14/subprocess.py", line 1819, in _posix_spawn
    self.pid = os.posix_spawn(executable, args, env, **kwargs)
               ~~~~~~~~~~~~~~^^^^^^^^^^^^^^^^^^^^^^^^^^^^^^^^^
FileNotFoundError: [Errno 2] No such file or directory: '/var/tmp/openarmik-final-integration.jWHs9v/ros_asan/openarm_control_cli'

    Start 10: test_active_sigint
3/3 Test #10: test_active_sigint ...............   Passed   10.97 sec

67% tests passed, 1 tests failed out of 3

Label Time Summary:
gtest    =  24.72 sec*proc (1 test)

Total Test time (real) =  36.28 sec

The following tests FAILED:
	  3 - test_cli_server_lifecycle (Failed)
Errors while running CTest
