virtual backend; collision unchecked
backend=virtual
capability_bits=7
virtual_execution_enabled=true
physical_motion_authorized=false
collision_policy=virtual_unchecked
collision_checked=false
orientation_constrained=false
state_source=oa_snapshot_encoder_feedback
adapter_state=idle
lifecycle=4
executing=false
active_owner=
command_id=0
left_plan_seed_feedback_seq=17825
right_plan_seed_feedback_seq=17825
plan_duration_ns=20525467196
left_terminal_feedback_seq=21969
right_terminal_feedback_seq=21969
last_event=4
last_cause=0
manifest_revision=41
model_revision=7
collision_scene_revision=1
verify_epoch=1
left_expected_mask=127
left_fresh_mask=127
left_fault_mask=0
right_expected_mask=127
right_fresh_mask=127
right_fault_mask=0
left_feedback_seq=22201
right_feedback_seq=22201
left_feedback_t_ns=111000261149
right_feedback_t_ns=111000261149
left_feedback_age_ns=0
right_feedback_age_ns=0
pair_skew_ns=0
last_action=move_paired_tcp
last_goal_id=08aae6c91d2cc16ac3cfea6f5905aae1
request_stamp_ns=1785365985278419335
committed=true
reason=completed_measured_feedback
outcome=completed
result_control_status=0
result_command_id=2
result_left_plan_seed_feedback_seq=17825
result_right_plan_seed_feedback_seq=17825
result_plan_duration_ns=20525467196
result_left_terminal_feedback_seq=21969
result_right_terminal_feedback_seq=21969
result_lifecycle=4
result_event=4
result_cause=0
result_collision_checked=false
legacy_topic_deprecated=true
legacy_mapping=pose[0]=left,pose[1]=right
